Archive member included because of file (symbol)

../../lib/c/libc.a(libc.o)    /home/pratik/HelenOS_Emacs/helenos/uspace/lib/c/arch/ia32/src/entry.o (__main)
../../lib/c/libc.a(str.o)     killall.o (str_cmp)
../../lib/c/libc.a(str_error.o)
                              killall.o (str_error)
../../lib/c/libc.a(fibril.o)  ../../lib/c/libc.a(libc.o) (fibril_setup)
../../lib/c/libc.a(pcb.o)     ../../lib/c/libc.a(libc.o) (__pcb)
../../lib/c/libc.a(tls.o)     ../../lib/c/libc.a(fibril.o) (__make_tls)
../../lib/c/libc.a(task.o)    killall.o (task_kill)
../../lib/c/libc.a(futex.o)   ../../lib/c/libc.a(fibril.o) (futex_down)
../../lib/c/libc.a(io.o)      ../../lib/c/libc.a(libc.o) (__stdio_init)
../../lib/c/libc.a(printf.o)  killall.o (fprintf)
../../lib/c/libc.a(klog.o)    ../../lib/c/libc.a(io.o) (klog_write)
../../lib/c/libc.a(snprintf.o)
                              ../../lib/c/libc.a(str_error.o) (snprintf)
../../lib/c/libc.a(vprintf.o)
                              ../../lib/c/libc.a(printf.o) (vfprintf)
../../lib/c/libc.a(vsnprintf.o)
                              ../../lib/c/libc.a(snprintf.o) (vsnprintf)
../../lib/c/libc.a(printf_core.o)
                              ../../lib/c/libc.a(klog.o) (printf_core)
../../lib/c/libc.a(ieee_double.o)
                              ../../lib/c/libc.a(printf_core.o) (extract_ieee_double)
../../lib/c/libc.a(double_to_str.o)
                              ../../lib/c/libc.a(printf_core.o) (double_to_short_str)
../../lib/c/libc.a(malloc.o)  ../../lib/c/libc.a(libc.o) (__malloc_init)
../../lib/c/libc.a(async.o)   ../../lib/c/libc.a(fibril.o) (async_create_manager)
../../lib/c/libc.a(loader.o)  ../../lib/c/libc.a(task.o) (loader_connect)
../../lib/c/libc.a(hash_table.o)
                              ../../lib/c/libc.a(async.o) (hash_table_create)
../../lib/c/libc.a(time.o)    ../../lib/c/libc.a(async.o) (tv_add)
../../lib/c/libc.a(vfs.o)     ../../lib/c/libc.a(loader.o) (vfs_exchange_begin)
../../lib/c/libc.a(canonify.o)
                              ../../lib/c/libc.a(vfs.o) (canonify)
../../lib/c/libc.a(stack.o)   ../../lib/c/libc.a(fibril.o) (stack_size_get)
../../lib/c/libc.a(stats.o)   killall.o (stats_get_tasks)
../../lib/c/libc.a(assert.o)  ../../lib/c/libc.a(str.o) (assert_abort)
../../lib/c/libc.a(syscall.o)
                              /home/pratik/HelenOS_Emacs/helenos/uspace/lib/c/arch/ia32/src/entry.o (__syscall_fast_func)
../../lib/c/libc.a(fibril.o)  ../../lib/c/libc.a(fibril.o) (context_save)
../../lib/c/libc.a(tls.o)     ../../lib/c/libc.a(tls.o) (__alloc_tls)
../../lib/c/libc.a(ddi.o)     ../../lib/c/libc.a(time.o) (physmem_map)
../../lib/c/libc.a(as.o)      ../../lib/c/libc.a(fibril.o) (as_area_create)
../../lib/c/libc.a(clock_dev.o)
                              ../../lib/c/libc.a(time.o) (clock_dev_time_get)
../../lib/c/libc.a(errno.o)   ../../lib/c/libc.a(io.o) (__errno)
../../lib/c/libc.a(loc.o)     ../../lib/c/libc.a(time.o) (loc_service_get_id)
../../lib/c/libc.a(mem.o)     ../../lib/c/libc.a(tls.o) (memset)
../../lib/c/libc.a(fibril_synch.o)
                              ../../lib/c/libc.a(async.o) (fibril_mutex_initialize)
../../lib/c/libc.a(power_of_ten.o)
                              ../../lib/c/libc.a(double_to_str.o) (get_power_of_ten)
../../lib/c/libc.a(sysinfo.o)
                              ../../lib/c/libc.a(time.o) (sysinfo_get_value)
../../lib/c/libc.a(ipc.o)     ../../lib/c/libc.a(async.o) (ipc_call_async_fast)
../../lib/c/libc.a(ns.o)      ../../lib/c/libc.a(loc.o) (service_connect)
../../lib/c/libc.a(stacktrace.o)
                              ../../lib/c/libc.a(fibril_synch.o) (stacktrace_print_fp_pc)
../../lib/c/libc.a(pio_trace.o)
                              ../../lib/c/libc.a(ddi.o) (pio_trace_log)
../../lib/c/libc.a(stacktrace.o)
                              ../../lib/c/libc.a(stacktrace.o) (stacktrace_fp_valid)
../../lib/c/libc.a(stacktrace_asm.o)
                              ../../lib/c/libc.a(stacktrace.o) (stacktrace_prepare)
../../lib/softint/libsoftint.a(division.o)
                              ../../lib/c/libc.a(str.o) (__udivdi3)

Allocating common symbols
Common symbol       size              file

__pcb               0x4               ../../lib/c/libc.a(pcb.o)
session_ns          0x4               ../../lib/c/libc.a(async.o)

Discarded input sections

 .debug_line    0x00000000       0x52 /home/pratik/HelenOS_Emacs/helenos/uspace/lib/c/arch/ia32/src/entry.o
 .debug_info    0x00000000       0x6e /home/pratik/HelenOS_Emacs/helenos/uspace/lib/c/arch/ia32/src/entry.o
 .debug_abbrev  0x00000000       0x14 /home/pratik/HelenOS_Emacs/helenos/uspace/lib/c/arch/ia32/src/entry.o
 .debug_aranges
                0x00000000       0x20 /home/pratik/HelenOS_Emacs/helenos/uspace/lib/c/arch/ia32/src/entry.o
 .debug_info    0x00000000      0x403 killall.o
 .debug_abbrev  0x00000000      0x180 killall.o
 .debug_loc     0x00000000       0xeb killall.o
 .debug_aranges
                0x00000000       0x20 killall.o
 .debug_ranges  0x00000000       0x10 killall.o
 .debug_line    0x00000000      0x137 killall.o
 .debug_str     0x00000000      0x226 killall.o
 .comment       0x00000000       0x12 killall.o
 .note.GNU-stack
                0x00000000        0x0 killall.o
 .eh_frame      0x00000000       0x48 killall.o
 .debug_info    0x00000000      0x79b ../../lib/c/libc.a(libc.o)
 .debug_abbrev  0x00000000      0x21b ../../lib/c/libc.a(libc.o)
 .debug_loc     0x00000000      0x11a ../../lib/c/libc.a(libc.o)
 .debug_aranges
                0x00000000       0x20 ../../lib/c/libc.a(libc.o)
 .debug_line    0x00000000      0x1ad ../../lib/c/libc.a(libc.o)
 .debug_str     0x00000000      0x63d ../../lib/c/libc.a(libc.o)
 .comment       0x00000000       0x12 ../../lib/c/libc.a(libc.o)
 .note.GNU-stack
                0x00000000        0x0 ../../lib/c/libc.a(libc.o)
 .eh_frame      0x00000000       0x70 ../../lib/c/libc.a(libc.o)
 .debug_info    0x00000000     0x2e15 ../../lib/c/libc.a(str.o)
 .debug_abbrev  0x00000000      0x38c ../../lib/c/libc.a(str.o)
 .debug_loc     0x00000000     0x5d1d ../../lib/c/libc.a(str.o)
 .debug_aranges
                0x00000000       0x20 ../../lib/c/libc.a(str.o)
 .debug_ranges  0x00000000     0x16a8 ../../lib/c/libc.a(str.o)
 .debug_line    0x00000000      0xf67 ../../lib/c/libc.a(str.o)
 .debug_str     0x00000000      0x4cf ../../lib/c/libc.a(str.o)
 .comment       0x00000000       0x12 ../../lib/c/libc.a(str.o)
 .note.GNU-stack
                0x00000000        0x0 ../../lib/c/libc.a(str.o)
 .eh_frame      0x00000000      0xa18 ../../lib/c/libc.a(str.o)
 .debug_info    0x00000000      0x2fb ../../lib/c/libc.a(str_error.o)
 .debug_abbrev  0x00000000       0xfd ../../lib/c/libc.a(str_error.o)
 .debug_loc     0x00000000       0xb0 ../../lib/c/libc.a(str_error.o)
 .debug_aranges
                0x00000000       0x20 ../../lib/c/libc.a(str_error.o)
 .debug_line    0x00000000       0xf5 ../../lib/c/libc.a(str_error.o)
 .debug_str     0x00000000      0x4e4 ../../lib/c/libc.a(str_error.o)
 .comment       0x00000000       0x12 ../../lib/c/libc.a(str_error.o)
 .note.GNU-stack
                0x00000000        0x0 ../../lib/c/libc.a(str_error.o)
 .eh_frame      0x00000000       0x70 ../../lib/c/libc.a(str_error.o)
 .debug_info    0x00000000     0x1090 ../../lib/c/libc.a(fibril.o)
 .debug_abbrev  0x00000000      0x390 ../../lib/c/libc.a(fibril.o)
 .debug_loc     0x00000000      0x96f ../../lib/c/libc.a(fibril.o)
 .debug_aranges
                0x00000000       0x20 ../../lib/c/libc.a(fibril.o)
 .debug_ranges  0x00000000       0x90 ../../lib/c/libc.a(fibril.o)
 .debug_line    0x00000000      0x35b ../../lib/c/libc.a(fibril.o)
 .debug_str     0x00000000      0x860 ../../lib/c/libc.a(fibril.o)
 .comment       0x00000000       0x12 ../../lib/c/libc.a(fibril.o)
 .note.GNU-stack
                0x00000000        0x0 ../../lib/c/libc.a(fibril.o)
 .eh_frame      0x00000000      0x208 ../../lib/c/libc.a(fibril.o)
 .debug_info    0x00000000      0x10c ../../lib/c/libc.a(pcb.o)
 .debug_abbrev  0x00000000       0x86 ../../lib/c/libc.a(pcb.o)
 .debug_aranges
                0x00000000       0x18 ../../lib/c/libc.a(pcb.o)
 .debug_line    0x00000000       0x52 ../../lib/c/libc.a(pcb.o)
 .debug_str     0x00000000       0xfc ../../lib/c/libc.a(pcb.o)
 .comment       0x00000000       0x12 ../../lib/c/libc.a(pcb.o)
 .note.GNU-stack
                0x00000000        0x0 ../../lib/c/libc.a(pcb.o)
 .debug_info    0x00000000      0x4d2 ../../lib/c/libc.a(tls.o)
 .debug_abbrev  0x00000000      0x1ae ../../lib/c/libc.a(tls.o)
 .debug_loc     0x00000000      0x1d3 ../../lib/c/libc.a(tls.o)
 .debug_aranges
                0x00000000       0x20 ../../lib/c/libc.a(tls.o)
 .debug_line    0x00000000      0x10a ../../lib/c/libc.a(tls.o)
 .debug_str     0x00000000      0x59f ../../lib/c/libc.a(tls.o)
 .comment       0x00000000       0x12 ../../lib/c/libc.a(tls.o)
 .note.GNU-stack
                0x00000000        0x0 ../../lib/c/libc.a(tls.o)
 .eh_frame      0x00000000       0xa8 ../../lib/c/libc.a(tls.o)
 .debug_info    0x00000000      0xe5b ../../lib/c/libc.a(task.o)
 .debug_abbrev  0x00000000      0x2e6 ../../lib/c/libc.a(task.o)
 .debug_loc     0x00000000      0x5d1 ../../lib/c/libc.a(task.o)
 .debug_aranges
                0x00000000       0x20 ../../lib/c/libc.a(task.o)
 .debug_ranges  0x00000000       0xa0 ../../lib/c/libc.a(task.o)
 .debug_line    0x00000000      0x2bc ../../lib/c/libc.a(task.o)
 .debug_str     0x00000000      0x771 ../../lib/c/libc.a(task.o)
 .comment       0x00000000       0x12 ../../lib/c/libc.a(task.o)
 .note.GNU-stack
                0x00000000        0x0 ../../lib/c/libc.a(task.o)
 .eh_frame      0x00000000      0x180 ../../lib/c/libc.a(task.o)
 .debug_info    0x00000000      0x4d2 ../../lib/c/libc.a(futex.o)
 .debug_abbrev  0x00000000      0x1b9 ../../lib/c/libc.a(futex.o)
 .debug_loc     0x00000000      0x18d ../../lib/c/libc.a(futex.o)
 .debug_aranges
                0x00000000       0x20 ../../lib/c/libc.a(futex.o)
 .debug_ranges  0x00000000       0xa0 ../../lib/c/libc.a(futex.o)
 .debug_line    0x00000000      0x135 ../../lib/c/libc.a(futex.o)
 .debug_str     0x00000000      0x54d ../../lib/c/libc.a(futex.o)
 .comment       0x00000000       0x12 ../../lib/c/libc.a(futex.o)
 .note.GNU-stack
                0x00000000        0x0 ../../lib/c/libc.a(futex.o)
 .eh_frame      0x00000000       0xa8 ../../lib/c/libc.a(futex.o)
 .debug_info    0x00000000     0x38d4 ../../lib/c/libc.a(io.o)
 .debug_abbrev  0x00000000      0x46f ../../lib/c/libc.a(io.o)
 .debug_loc     0x00000000     0x2f68 ../../lib/c/libc.a(io.o)
 .debug_aranges
                0x00000000       0x20 ../../lib/c/libc.a(io.o)
 .debug_ranges  0x00000000     0x12f8 ../../lib/c/libc.a(io.o)
 .debug_line    0x00000000      0x98d ../../lib/c/libc.a(io.o)
 .debug_str     0x00000000      0x8c4 ../../lib/c/libc.a(io.o)
 .comment       0x00000000       0x12 ../../lib/c/libc.a(io.o)
 .note.GNU-stack
                0x00000000        0x0 ../../lib/c/libc.a(io.o)
 .eh_frame      0x00000000      0x580 ../../lib/c/libc.a(io.o)
 .debug_info    0x00000000      0x1ba ../../lib/c/libc.a(printf.o)
 .debug_abbrev  0x00000000       0xfe ../../lib/c/libc.a(printf.o)
 .debug_loc     0x00000000       0xc8 ../../lib/c/libc.a(printf.o)
 .debug_aranges
                0x00000000       0x20 ../../lib/c/libc.a(printf.o)
 .debug_line    0x00000000       0x79 ../../lib/c/libc.a(printf.o)
 .debug_str     0x00000000      0x11b ../../lib/c/libc.a(printf.o)
 .comment       0x00000000       0x12 ../../lib/c/libc.a(printf.o)
 .note.GNU-stack
                0x00000000        0x0 ../../lib/c/libc.a(printf.o)
 .eh_frame      0x00000000       0x58 ../../lib/c/libc.a(printf.o)
 .debug_info    0x00000000      0x7d5 ../../lib/c/libc.a(klog.o)
 .debug_abbrev  0x00000000      0x251 ../../lib/c/libc.a(klog.o)
 .debug_loc     0x00000000      0x296 ../../lib/c/libc.a(klog.o)
 .debug_aranges
                0x00000000       0x20 ../../lib/c/libc.a(klog.o)
 .debug_ranges  0x00000000       0x78 ../../lib/c/libc.a(klog.o)
 .debug_line    0x00000000      0x16d ../../lib/c/libc.a(klog.o)
 .debug_str     0x00000000      0x5f2 ../../lib/c/libc.a(klog.o)
 .comment       0x00000000       0x12 ../../lib/c/libc.a(klog.o)
 .note.GNU-stack
                0x00000000        0x0 ../../lib/c/libc.a(klog.o)
 .eh_frame      0x00000000      0x10c ../../lib/c/libc.a(klog.o)
 .debug_info    0x00000000      0x15a ../../lib/c/libc.a(snprintf.o)
 .debug_abbrev  0x00000000       0xe0 ../../lib/c/libc.a(snprintf.o)
 .debug_loc     0x00000000       0x64 ../../lib/c/libc.a(snprintf.o)
 .debug_aranges
                0x00000000       0x20 ../../lib/c/libc.a(snprintf.o)
 .debug_line    0x00000000       0xa7 ../../lib/c/libc.a(snprintf.o)
 .debug_str     0x00000000      0x110 ../../lib/c/libc.a(snprintf.o)
 .comment       0x00000000       0x12 ../../lib/c/libc.a(snprintf.o)
 .note.GNU-stack
                0x00000000        0x0 ../../lib/c/libc.a(snprintf.o)
 .eh_frame      0x00000000       0x38 ../../lib/c/libc.a(snprintf.o)
 .debug_info    0x00000000      0x882 ../../lib/c/libc.a(vprintf.o)
 .debug_abbrev  0x00000000      0x24e ../../lib/c/libc.a(vprintf.o)
 .debug_loc     0x00000000      0x170 ../../lib/c/libc.a(vprintf.o)
 .debug_aranges
                0x00000000       0x20 ../../lib/c/libc.a(vprintf.o)
 .debug_line    0x00000000      0x198 ../../lib/c/libc.a(vprintf.o)
 .debug_str     0x00000000      0x67d ../../lib/c/libc.a(vprintf.o)
 .comment       0x00000000       0x12 ../../lib/c/libc.a(vprintf.o)
 .note.GNU-stack
                0x00000000        0x0 ../../lib/c/libc.a(vprintf.o)
 .eh_frame      0x00000000       0xac ../../lib/c/libc.a(vprintf.o)
 .debug_info    0x00000000      0x468 ../../lib/c/libc.a(vsnprintf.o)
 .debug_abbrev  0x00000000      0x1f6 ../../lib/c/libc.a(vsnprintf.o)
 .debug_loc     0x00000000      0x23a ../../lib/c/libc.a(vsnprintf.o)
 .debug_aranges
                0x00000000       0x20 ../../lib/c/libc.a(vsnprintf.o)
 .debug_ranges  0x00000000       0x20 ../../lib/c/libc.a(vsnprintf.o)
 .debug_line    0x00000000      0x12d ../../lib/c/libc.a(vsnprintf.o)
 .debug_str     0x00000000      0x199 ../../lib/c/libc.a(vsnprintf.o)
 .comment       0x00000000       0x12 ../../lib/c/libc.a(vsnprintf.o)
 .note.GNU-stack
                0x00000000        0x0 ../../lib/c/libc.a(vsnprintf.o)
 .eh_frame      0x00000000       0xbc ../../lib/c/libc.a(vsnprintf.o)
 .debug_info    0x00000000     0x3192 ../../lib/c/libc.a(printf_core.o)
 .debug_abbrev  0x00000000      0x36b ../../lib/c/libc.a(printf_core.o)
 .debug_loc     0x00000000     0x4155 ../../lib/c/libc.a(printf_core.o)
 .debug_aranges
                0x00000000       0x20 ../../lib/c/libc.a(printf_core.o)
 .debug_ranges  0x00000000      0xbd8 ../../lib/c/libc.a(printf_core.o)
 .debug_line    0x00000000      0x8a8 ../../lib/c/libc.a(printf_core.o)
 .debug_str     0x00000000      0x686 ../../lib/c/libc.a(printf_core.o)
 .comment       0x00000000       0x12 ../../lib/c/libc.a(printf_core.o)
 .note.GNU-stack
                0x00000000        0x0 ../../lib/c/libc.a(printf_core.o)
 .eh_frame      0x00000000      0x1a8 ../../lib/c/libc.a(printf_core.o)
 .debug_info    0x00000000      0x24b ../../lib/c/libc.a(ieee_double.o)
 .debug_abbrev  0x00000000      0x10a ../../lib/c/libc.a(ieee_double.o)
 .debug_loc     0x00000000      0x1e0 ../../lib/c/libc.a(ieee_double.o)
 .debug_aranges
                0x00000000       0x20 ../../lib/c/libc.a(ieee_double.o)
 .debug_line    0x00000000       0xd5 ../../lib/c/libc.a(ieee_double.o)
 .debug_str     0x00000000      0x215 ../../lib/c/libc.a(ieee_double.o)
 .comment       0x00000000       0x12 ../../lib/c/libc.a(ieee_double.o)
 .note.GNU-stack
                0x00000000        0x0 ../../lib/c/libc.a(ieee_double.o)
 .eh_frame      0x00000000       0x48 ../../lib/c/libc.a(ieee_double.o)
 .debug_info    0x00000000     0x1176 ../../lib/c/libc.a(double_to_str.o)
 .debug_abbrev  0x00000000      0x296 ../../lib/c/libc.a(double_to_str.o)
 .debug_loc     0x00000000     0x2b1c ../../lib/c/libc.a(double_to_str.o)
 .debug_aranges
                0x00000000       0x28 ../../lib/c/libc.a(double_to_str.o)
 .debug_ranges  0x00000000      0x588 ../../lib/c/libc.a(double_to_str.o)
 .debug_line    0x00000000      0x569 ../../lib/c/libc.a(double_to_str.o)
 .debug_str     0x00000000      0x40f ../../lib/c/libc.a(double_to_str.o)
 .comment       0x00000000       0x12 ../../lib/c/libc.a(double_to_str.o)
 .note.GNU-stack
                0x00000000        0x0 ../../lib/c/libc.a(double_to_str.o)
 .eh_frame      0x00000000       0xf4 ../../lib/c/libc.a(double_to_str.o)
 .debug_info    0x00000000     0x25a8 ../../lib/c/libc.a(malloc.o)
 .debug_abbrev  0x00000000      0x39b ../../lib/c/libc.a(malloc.o)
 .debug_loc     0x00000000     0x2b6f ../../lib/c/libc.a(malloc.o)
 .debug_aranges
                0x00000000       0x28 ../../lib/c/libc.a(malloc.o)
 .debug_ranges  0x00000000      0x860 ../../lib/c/libc.a(malloc.o)
 .debug_line    0x00000000      0x64f ../../lib/c/libc.a(malloc.o)
 .debug_str     0x00000000      0x3e0 ../../lib/c/libc.a(malloc.o)
 .comment       0x00000000       0x12 ../../lib/c/libc.a(malloc.o)
 .note.GNU-stack
                0x00000000        0x0 ../../lib/c/libc.a(malloc.o)
 .eh_frame      0x00000000      0x264 ../../lib/c/libc.a(malloc.o)
 .debug_info    0x00000000     0x9e41 ../../lib/c/libc.a(async.o)
 .debug_abbrev  0x00000000      0x4d1 ../../lib/c/libc.a(async.o)
 .debug_loc     0x00000000     0x6ffb ../../lib/c/libc.a(async.o)
 .debug_aranges
                0x00000000       0x30 ../../lib/c/libc.a(async.o)
 .debug_ranges  0x00000000      0xf00 ../../lib/c/libc.a(async.o)
 .debug_line    0x00000000     0x14dd ../../lib/c/libc.a(async.o)
 .debug_str     0x00000000     0x166c ../../lib/c/libc.a(async.o)
 .comment       0x00000000       0x12 ../../lib/c/libc.a(async.o)
 .note.GNU-stack
                0x00000000        0x0 ../../lib/c/libc.a(async.o)
 .eh_frame      0x00000000     0x1018 ../../lib/c/libc.a(async.o)
 .debug_info    0x00000000     0x10ce ../../lib/c/libc.a(loader.o)
 .debug_abbrev  0x00000000      0x297 ../../lib/c/libc.a(loader.o)
 .debug_loc     0x00000000      0x7a0 ../../lib/c/libc.a(loader.o)
 .debug_aranges
                0x00000000       0x20 ../../lib/c/libc.a(loader.o)
 .debug_line    0x00000000      0x2ab ../../lib/c/libc.a(loader.o)
 .debug_str     0x00000000      0x8e4 ../../lib/c/libc.a(loader.o)
 .comment       0x00000000       0x12 ../../lib/c/libc.a(loader.o)
 .note.GNU-stack
                0x00000000        0x0 ../../lib/c/libc.a(loader.o)
 .eh_frame      0x00000000      0x210 ../../lib/c/libc.a(loader.o)
 .debug_info    0x00000000     0x151a ../../lib/c/libc.a(hash_table.o)
 .debug_abbrev  0x00000000      0x404 ../../lib/c/libc.a(hash_table.o)
 .debug_loc     0x00000000     0x10c4 ../../lib/c/libc.a(hash_table.o)
 .debug_aranges
                0x00000000       0x20 ../../lib/c/libc.a(hash_table.o)
 .debug_ranges  0x00000000      0x420 ../../lib/c/libc.a(hash_table.o)
 .debug_line    0x00000000      0x4e7 ../../lib/c/libc.a(hash_table.o)
 .debug_str     0x00000000      0x3d1 ../../lib/c/libc.a(hash_table.o)
 .comment       0x00000000       0x12 ../../lib/c/libc.a(hash_table.o)
 .note.GNU-stack
                0x00000000        0x0 ../../lib/c/libc.a(hash_table.o)
 .eh_frame      0x00000000      0x30c ../../lib/c/libc.a(hash_table.o)
 .debug_info    0x00000000     0x20b5 ../../lib/c/libc.a(time.o)
 .debug_abbrev  0x00000000      0x443 ../../lib/c/libc.a(time.o)
 .debug_loc     0x00000000     0x2266 ../../lib/c/libc.a(time.o)
 .debug_aranges
                0x00000000       0x20 ../../lib/c/libc.a(time.o)
 .debug_ranges  0x00000000      0x8b8 ../../lib/c/libc.a(time.o)
 .debug_line    0x00000000      0x7b4 ../../lib/c/libc.a(time.o)
 .debug_str     0x00000000      0x94f ../../lib/c/libc.a(time.o)
 .comment       0x00000000       0x12 ../../lib/c/libc.a(time.o)
 .note.GNU-stack
                0x00000000        0x0 ../../lib/c/libc.a(time.o)
 .eh_frame      0x00000000      0x390 ../../lib/c/libc.a(time.o)
 .debug_info    0x00000000     0x477c ../../lib/c/libc.a(vfs.o)
 .debug_abbrev  0x00000000      0x4a6 ../../lib/c/libc.a(vfs.o)
 .debug_loc     0x00000000     0x191c ../../lib/c/libc.a(vfs.o)
 .debug_aranges
                0x00000000       0x20 ../../lib/c/libc.a(vfs.o)
 .debug_ranges  0x00000000      0x538 ../../lib/c/libc.a(vfs.o)
 .debug_line    0x00000000      0x96a ../../lib/c/libc.a(vfs.o)
 .debug_str     0x00000000      0xca7 ../../lib/c/libc.a(vfs.o)
 .comment       0x00000000       0x12 ../../lib/c/libc.a(vfs.o)
 .note.GNU-stack
                0x00000000        0x0 ../../lib/c/libc.a(vfs.o)
 .eh_frame      0x00000000      0x610 ../../lib/c/libc.a(vfs.o)
 .debug_info    0x00000000      0x504 ../../lib/c/libc.a(canonify.o)
 .debug_abbrev  0x00000000      0x1e8 ../../lib/c/libc.a(canonify.o)
 .debug_loc     0x00000000      0x2bc ../../lib/c/libc.a(canonify.o)
 .debug_aranges
                0x00000000       0x20 ../../lib/c/libc.a(canonify.o)
 .debug_ranges  0x00000000       0x40 ../../lib/c/libc.a(canonify.o)
 .debug_line    0x00000000       0xfd ../../lib/c/libc.a(canonify.o)
 .debug_str     0x00000000      0x223 ../../lib/c/libc.a(canonify.o)
 .comment       0x00000000       0x12 ../../lib/c/libc.a(canonify.o)
 .note.GNU-stack
                0x00000000        0x0 ../../lib/c/libc.a(canonify.o)
 .eh_frame      0x00000000      0x148 ../../lib/c/libc.a(canonify.o)
 .debug_info    0x00000000      0x110 ../../lib/c/libc.a(stack.o)
 .debug_abbrev  0x00000000       0xa5 ../../lib/c/libc.a(stack.o)
 .debug_loc     0x00000000       0x38 ../../lib/c/libc.a(stack.o)
 .debug_aranges
                0x00000000       0x20 ../../lib/c/libc.a(stack.o)
 .debug_line    0x00000000       0x9b ../../lib/c/libc.a(stack.o)
 .debug_str     0x00000000      0x10e ../../lib/c/libc.a(stack.o)
 .comment       0x00000000       0x12 ../../lib/c/libc.a(stack.o)
 .note.GNU-stack
                0x00000000        0x0 ../../lib/c/libc.a(stack.o)
 .eh_frame      0x00000000       0x38 ../../lib/c/libc.a(stack.o)
 .debug_info    0x00000000      0xa3f ../../lib/c/libc.a(stats.o)
 .debug_abbrev  0x00000000      0x1e6 ../../lib/c/libc.a(stats.o)
 .debug_loc     0x00000000      0x4a7 ../../lib/c/libc.a(stats.o)
 .debug_aranges
                0x00000000       0x20 ../../lib/c/libc.a(stats.o)
 .debug_line    0x00000000      0x1f5 ../../lib/c/libc.a(stats.o)
 .debug_str     0x00000000      0x467 ../../lib/c/libc.a(stats.o)
 .comment       0x00000000       0x12 ../../lib/c/libc.a(stats.o)
 .note.GNU-stack
                0x00000000        0x0 ../../lib/c/libc.a(stats.o)
 .eh_frame      0x00000000      0x210 ../../lib/c/libc.a(stats.o)
 .debug_info    0x00000000      0x21f ../../lib/c/libc.a(assert.o)
 .debug_abbrev  0x00000000      0x153 ../../lib/c/libc.a(assert.o)
 .debug_loc     0x00000000       0x4b ../../lib/c/libc.a(assert.o)
 .debug_aranges
                0x00000000       0x20 ../../lib/c/libc.a(assert.o)
 .debug_line    0x00000000       0xfc ../../lib/c/libc.a(assert.o)
 .debug_str     0x00000000      0x156 ../../lib/c/libc.a(assert.o)
 .comment       0x00000000       0x12 ../../lib/c/libc.a(assert.o)
 .note.GNU-stack
                0x00000000        0x0 ../../lib/c/libc.a(assert.o)
 .eh_frame      0x00000000       0x38 ../../lib/c/libc.a(assert.o)
 .debug_line    0x00000000       0x6f ../../lib/c/libc.a(syscall.o)
 .debug_info    0x00000000       0x70 ../../lib/c/libc.a(syscall.o)
 .debug_abbrev  0x00000000       0x14 ../../lib/c/libc.a(syscall.o)
 .debug_aranges
                0x00000000       0x20 ../../lib/c/libc.a(syscall.o)
 .debug_line    0x00000000       0x5b ../../lib/c/libc.a(fibril.o)
 .debug_info    0x00000000       0x6f ../../lib/c/libc.a(fibril.o)
 .debug_abbrev  0x00000000       0x14 ../../lib/c/libc.a(fibril.o)
 .debug_aranges
                0x00000000       0x20 ../../lib/c/libc.a(fibril.o)
 .debug_info    0x00000000      0x427 ../../lib/c/libc.a(tls.o)
 .debug_abbrev  0x00000000      0x194 ../../lib/c/libc.a(tls.o)
 .debug_loc     0x00000000       0xdc ../../lib/c/libc.a(tls.o)
 .debug_aranges
                0x00000000       0x20 ../../lib/c/libc.a(tls.o)
 .debug_line    0x00000000       0xe8 ../../lib/c/libc.a(tls.o)
 .debug_str     0x00000000      0x59c ../../lib/c/libc.a(tls.o)
 .comment       0x00000000       0x12 ../../lib/c/libc.a(tls.o)
 .note.GNU-stack
                0x00000000        0x0 ../../lib/c/libc.a(tls.o)
 .eh_frame      0x00000000       0x7c ../../lib/c/libc.a(tls.o)
 .debug_info    0x00000000      0xe97 ../../lib/c/libc.a(ddi.o)
 .debug_abbrev  0x00000000      0x260 ../../lib/c/libc.a(ddi.o)
 .debug_loc     0x00000000      0x6f8 ../../lib/c/libc.a(ddi.o)
 .debug_aranges
                0x00000000       0x20 ../../lib/c/libc.a(ddi.o)
 .debug_ranges  0x00000000       0xb0 ../../lib/c/libc.a(ddi.o)
 .debug_line    0x00000000      0x28a ../../lib/c/libc.a(ddi.o)
 .debug_str     0x00000000      0x84a ../../lib/c/libc.a(ddi.o)
 .comment       0x00000000       0x12 ../../lib/c/libc.a(ddi.o)
 .note.GNU-stack
                0x00000000        0x0 ../../lib/c/libc.a(ddi.o)
 .eh_frame      0x00000000      0x274 ../../lib/c/libc.a(ddi.o)
 .debug_info    0x00000000      0x46d ../../lib/c/libc.a(as.o)
 .debug_abbrev  0x00000000       0xcc ../../lib/c/libc.a(as.o)
 .debug_loc     0x00000000      0x118 ../../lib/c/libc.a(as.o)
 .debug_aranges
                0x00000000       0x20 ../../lib/c/libc.a(as.o)
 .debug_line    0x00000000       0xc1 ../../lib/c/libc.a(as.o)
 .debug_str     0x00000000      0x539 ../../lib/c/libc.a(as.o)
 .comment       0x00000000       0x12 ../../lib/c/libc.a(as.o)
 .note.GNU-stack
                0x00000000        0x0 ../../lib/c/libc.a(as.o)
 .eh_frame      0x00000000       0xb8 ../../lib/c/libc.a(as.o)
 .debug_info    0x00000000      0x705 ../../lib/c/libc.a(clock_dev.o)
 .debug_abbrev  0x00000000      0x19e ../../lib/c/libc.a(clock_dev.o)
 .debug_loc     0x00000000      0x192 ../../lib/c/libc.a(clock_dev.o)
 .debug_aranges
                0x00000000       0x20 ../../lib/c/libc.a(clock_dev.o)
 .debug_line    0x00000000      0x199 ../../lib/c/libc.a(clock_dev.o)
 .debug_str     0x00000000      0x71f ../../lib/c/libc.a(clock_dev.o)
 .comment       0x00000000       0x12 ../../lib/c/libc.a(clock_dev.o)
 .note.GNU-stack
                0x00000000        0x0 ../../lib/c/libc.a(clock_dev.o)
 .eh_frame      0x00000000       0x80 ../../lib/c/libc.a(clock_dev.o)
 .debug_info    0x00000000      0x23e ../../lib/c/libc.a(errno.o)
 .debug_abbrev  0x00000000       0xa9 ../../lib/c/libc.a(errno.o)
 .debug_loc     0x00000000       0x38 ../../lib/c/libc.a(errno.o)
 .debug_aranges
                0x00000000       0x20 ../../lib/c/libc.a(errno.o)
 .debug_line    0x00000000       0xa8 ../../lib/c/libc.a(errno.o)
 .debug_str     0x00000000      0x4be ../../lib/c/libc.a(errno.o)
 .comment       0x00000000       0x12 ../../lib/c/libc.a(errno.o)
 .note.GNU-stack
                0x00000000        0x0 ../../lib/c/libc.a(errno.o)
 .eh_frame      0x00000000       0x38 ../../lib/c/libc.a(errno.o)
 .debug_info    0x00000000     0x49b8 ../../lib/c/libc.a(loc.o)
 .debug_abbrev  0x00000000      0x4b8 ../../lib/c/libc.a(loc.o)
 .debug_loc     0x00000000     0x2c0e ../../lib/c/libc.a(loc.o)
 .debug_aranges
                0x00000000       0x20 ../../lib/c/libc.a(loc.o)
 .debug_ranges  0x00000000     0x15c0 ../../lib/c/libc.a(loc.o)
 .debug_line    0x00000000      0xb86 ../../lib/c/libc.a(loc.o)
 .debug_str     0x00000000      0xf52 ../../lib/c/libc.a(loc.o)
 .comment       0x00000000       0x12 ../../lib/c/libc.a(loc.o)
 .note.GNU-stack
                0x00000000        0x0 ../../lib/c/libc.a(loc.o)
 .eh_frame      0x00000000      0x62c ../../lib/c/libc.a(loc.o)
 .debug_info    0x00000000      0x4d6 ../../lib/c/libc.a(mem.o)
 .debug_abbrev  0x00000000      0x1aa ../../lib/c/libc.a(mem.o)
 .debug_loc     0x00000000      0xa94 ../../lib/c/libc.a(mem.o)
 .debug_aranges
                0x00000000       0x20 ../../lib/c/libc.a(mem.o)
 .debug_ranges  0x00000000      0x110 ../../lib/c/libc.a(mem.o)
 .debug_line    0x00000000      0x199 ../../lib/c/libc.a(mem.o)
 .debug_str     0x00000000      0x169 ../../lib/c/libc.a(mem.o)
 .comment       0x00000000       0x12 ../../lib/c/libc.a(mem.o)
 .note.GNU-stack
                0x00000000        0x0 ../../lib/c/libc.a(mem.o)
 .eh_frame      0x00000000       0xe4 ../../lib/c/libc.a(mem.o)
 .debug_info    0x00000000     0x2d1f ../../lib/c/libc.a(fibril_synch.o)
 .debug_abbrev  0x00000000      0x4d0 ../../lib/c/libc.a(fibril_synch.o)
 .debug_loc     0x00000000     0x19ce ../../lib/c/libc.a(fibril_synch.o)
 .debug_aranges
                0x00000000       0x20 ../../lib/c/libc.a(fibril_synch.o)
 .debug_ranges  0x00000000      0xa10 ../../lib/c/libc.a(fibril_synch.o)
 .debug_line    0x00000000      0x955 ../../lib/c/libc.a(fibril_synch.o)
 .debug_str     0x00000000      0xbb3 ../../lib/c/libc.a(fibril_synch.o)
 .comment       0x00000000       0x12 ../../lib/c/libc.a(fibril_synch.o)
 .note.GNU-stack
                0x00000000        0x0 ../../lib/c/libc.a(fibril_synch.o)
 .eh_frame      0x00000000      0x454 ../../lib/c/libc.a(fibril_synch.o)
 .debug_info    0x00000000      0x289 ../../lib/c/libc.a(power_of_ten.o)
 .debug_abbrev  0x00000000      0x14e ../../lib/c/libc.a(power_of_ten.o)
 .debug_loc     0x00000000       0x8b ../../lib/c/libc.a(power_of_ten.o)
 .debug_aranges
                0x00000000       0x20 ../../lib/c/libc.a(power_of_ten.o)
 .debug_ranges  0x00000000       0x18 ../../lib/c/libc.a(power_of_ten.o)
 .debug_line    0x00000000       0xd3 ../../lib/c/libc.a(power_of_ten.o)
 .debug_str     0x00000000      0x1ac ../../lib/c/libc.a(power_of_ten.o)
 .comment       0x00000000       0x12 ../../lib/c/libc.a(power_of_ten.o)
 .note.GNU-stack
                0x00000000        0x0 ../../lib/c/libc.a(power_of_ten.o)
 .eh_frame      0x00000000       0x44 ../../lib/c/libc.a(power_of_ten.o)
 .debug_info    0x00000000      0x86b ../../lib/c/libc.a(sysinfo.o)
 .debug_abbrev  0x00000000      0x1a8 ../../lib/c/libc.a(sysinfo.o)
 .debug_loc     0x00000000      0x444 ../../lib/c/libc.a(sysinfo.o)
 .debug_aranges
                0x00000000       0x20 ../../lib/c/libc.a(sysinfo.o)
 .debug_ranges  0x00000000       0x20 ../../lib/c/libc.a(sysinfo.o)
 .debug_line    0x00000000      0x167 ../../lib/c/libc.a(sysinfo.o)
 .debug_str     0x00000000      0x64e ../../lib/c/libc.a(sysinfo.o)
 .comment       0x00000000       0x12 ../../lib/c/libc.a(sysinfo.o)
 .note.GNU-stack
                0x00000000        0x0 ../../lib/c/libc.a(sysinfo.o)
 .eh_frame      0x00000000      0x124 ../../lib/c/libc.a(sysinfo.o)
 .debug_info    0x00000000     0x18bc ../../lib/c/libc.a(ipc.o)
 .debug_abbrev  0x00000000      0x3f1 ../../lib/c/libc.a(ipc.o)
 .debug_loc     0x00000000      0xe78 ../../lib/c/libc.a(ipc.o)
 .debug_aranges
                0x00000000       0x20 ../../lib/c/libc.a(ipc.o)
 .debug_ranges  0x00000000      0x2e8 ../../lib/c/libc.a(ipc.o)
 .debug_line    0x00000000      0x3f1 ../../lib/c/libc.a(ipc.o)
 .debug_str     0x00000000      0x877 ../../lib/c/libc.a(ipc.o)
 .comment       0x00000000       0x12 ../../lib/c/libc.a(ipc.o)
 .note.GNU-stack
                0x00000000        0x0 ../../lib/c/libc.a(ipc.o)
 .eh_frame      0x00000000      0x2a0 ../../lib/c/libc.a(ipc.o)
 .debug_info    0x00000000      0xabf ../../lib/c/libc.a(ns.o)
 .debug_abbrev  0x00000000      0x215 ../../lib/c/libc.a(ns.o)
 .debug_loc     0x00000000      0x32f ../../lib/c/libc.a(ns.o)
 .debug_aranges
                0x00000000       0x20 ../../lib/c/libc.a(ns.o)
 .debug_ranges  0x00000000       0x18 ../../lib/c/libc.a(ns.o)
 .debug_line    0x00000000      0x1aa ../../lib/c/libc.a(ns.o)
 .debug_str     0x00000000      0x77c ../../lib/c/libc.a(ns.o)
 .comment       0x00000000       0x12 ../../lib/c/libc.a(ns.o)
 .note.GNU-stack
                0x00000000        0x0 ../../lib/c/libc.a(ns.o)
 .eh_frame      0x00000000      0x11c ../../lib/c/libc.a(ns.o)
 .debug_info    0x00000000      0x3c9 ../../lib/c/libc.a(stacktrace.o)
 .debug_abbrev  0x00000000      0x1ad ../../lib/c/libc.a(stacktrace.o)
 .debug_loc     0x00000000       0xe5 ../../lib/c/libc.a(stacktrace.o)
 .debug_aranges
                0x00000000       0x20 ../../lib/c/libc.a(stacktrace.o)
 .debug_ranges  0x00000000       0x30 ../../lib/c/libc.a(stacktrace.o)
 .debug_line    0x00000000       0xd4 ../../lib/c/libc.a(stacktrace.o)
 .debug_str     0x00000000      0x1c3 ../../lib/c/libc.a(stacktrace.o)
 .comment       0x00000000       0x12 ../../lib/c/libc.a(stacktrace.o)
 .note.GNU-stack
                0x00000000        0x0 ../../lib/c/libc.a(stacktrace.o)
 .eh_frame      0x00000000       0x90 ../../lib/c/libc.a(stacktrace.o)
 .debug_info    0x00000000      0xa2a ../../lib/c/libc.a(pio_trace.o)
 .debug_abbrev  0x00000000      0x281 ../../lib/c/libc.a(pio_trace.o)
 .debug_loc     0x00000000      0x208 ../../lib/c/libc.a(pio_trace.o)
 .debug_aranges
                0x00000000       0x20 ../../lib/c/libc.a(pio_trace.o)
 .debug_ranges  0x00000000       0x70 ../../lib/c/libc.a(pio_trace.o)
 .debug_line    0x00000000      0x1ad ../../lib/c/libc.a(pio_trace.o)
 .debug_str     0x00000000      0x705 ../../lib/c/libc.a(pio_trace.o)
 .comment       0x00000000       0x12 ../../lib/c/libc.a(pio_trace.o)
 .note.GNU-stack
                0x00000000        0x0 ../../lib/c/libc.a(pio_trace.o)
 .eh_frame      0x00000000       0xa0 ../../lib/c/libc.a(pio_trace.o)
 .debug_info    0x00000000      0x1cb ../../lib/c/libc.a(stacktrace.o)
 .debug_abbrev  0x00000000       0xe1 ../../lib/c/libc.a(stacktrace.o)
 .debug_loc     0x00000000       0xa8 ../../lib/c/libc.a(stacktrace.o)
 .debug_aranges
                0x00000000       0x20 ../../lib/c/libc.a(stacktrace.o)
 .debug_line    0x00000000       0xb1 ../../lib/c/libc.a(stacktrace.o)
 .debug_str     0x00000000      0x138 ../../lib/c/libc.a(stacktrace.o)
 .comment       0x00000000       0x12 ../../lib/c/libc.a(stacktrace.o)
 .note.GNU-stack
                0x00000000        0x0 ../../lib/c/libc.a(stacktrace.o)
 .eh_frame      0x00000000       0x78 ../../lib/c/libc.a(stacktrace.o)
 .debug_line    0x00000000       0x52 ../../lib/c/libc.a(stacktrace_asm.o)
 .debug_info    0x00000000       0x77 ../../lib/c/libc.a(stacktrace_asm.o)
 .debug_abbrev  0x00000000       0x14 ../../lib/c/libc.a(stacktrace_asm.o)
 .debug_aranges
                0x00000000       0x20 ../../lib/c/libc.a(stacktrace_asm.o)
 .debug_info    0x00000000      0xa1d ../../lib/softint/libsoftint.a(division.o)
 .debug_abbrev  0x00000000      0x13f ../../lib/softint/libsoftint.a(division.o)
 .debug_loc     0x00000000      0xc03 ../../lib/softint/libsoftint.a(division.o)
 .debug_aranges
                0x00000000       0x20 ../../lib/softint/libsoftint.a(division.o)
 .debug_ranges  0x00000000      0x390 ../../lib/softint/libsoftint.a(division.o)
 .debug_line    0x00000000      0x296 ../../lib/softint/libsoftint.a(division.o)
 .debug_str     0x00000000      0x134 ../../lib/softint/libsoftint.a(division.o)
 .comment       0x00000000       0x12 ../../lib/softint/libsoftint.a(division.o)
 .note.GNU-stack
                0x00000000        0x0 ../../lib/softint/libsoftint.a(division.o)
 .eh_frame      0x00000000      0x294 ../../lib/softint/libsoftint.a(division.o)

Memory Configuration

Name             Origin             Length             Attributes
*default*        0x00000000         0xffffffff

Linker script and memory map

LOAD /home/pratik/HelenOS_Emacs/helenos/uspace/lib/c/arch/ia32/src/entry.o
                0x00001094                . = (0x1000 + SIZEOF_HEADERS)

.init           0x00001094       0x2c
 *(.init)
 .init          0x00001094       0x2c /home/pratik/HelenOS_Emacs/helenos/uspace/lib/c/arch/ia32/src/entry.o
                0x00001094                __entry

.text           0x000010c0    0x1e960
 *(.text .text.*)
 .text          0x000010c0        0x0 /home/pratik/HelenOS_Emacs/helenos/uspace/lib/c/arch/ia32/src/entry.o
 .text          0x000010c0        0x0 killall.o
 .text.startup  0x000010c0      0x11a killall.o
                0x000010c0                main
 *fill*         0x000011da        0x6 
 .text          0x000011e0      0x18c ../../lib/c/libc.a(libc.o)
                0x000011e0                exit
                0x00001260                abort
                0x000012b0                __main
 *fill*         0x0000136c        0x4 
 .text          0x00001370     0x3186 ../../lib/c/libc.a(str.o)
                0x000017e0                str_decode
                0x000018e0                str_decode_reverse
                0x00001b30                chr_encode
                0x00001c20                str_size
                0x00001c40                wstr_size
                0x00001c60                str_lsize
                0x00001d50                str_nsize
                0x00001d80                wstr_nsize
                0x00001dc0                wstr_lsize
                0x00001e00                str_length
                0x00001ee0                wstr_length
                0x00001f00                str_nlength
                0x00002000                wstr_nlength
                0x00002040                chr_width
                0x00002050                str_width
                0x00002130                ascii_check
                0x00002140                chr_check
                0x00002150                str_cmp
                0x00002380                str_lcmp
                0x000025d0                str_test_prefix
                0x000027d0                str_cpy
                0x000029c0                str_ncpy
                0x00002bf0                str_append
                0x00002c30                spascii_to_str
                0x00002ce0                wstr_to_str
                0x00002e30                utf16_to_str
                0x00002fe0                str_to_utf16
                0x00003160                wstr_to_astr
                0x00003380                str_to_wstr
                0x000034b0                str_to_awstr
                0x000035c0                str_chr
                0x000036c0                str_rtrim
                0x000037f0                str_ltrim
                0x00003920                str_rchr
                0x00003a20                wstr_linsert
                0x00003a80                wstr_remove
                0x00003ad0                stricmp
                0x00003b80                strtol
                0x00003bc0                str_dup
                0x00003c20                str_ndup
                0x00003c90                strtoul
                0x00003cc0                strtok_r
                0x00003f00                strtok
                0x00003f30                str_uint8_t
                0x00003fd0                str_uint16_t
                0x00004070                str_uint32_t
                0x00004110                str_uint64_t
                0x00004190                str_size_t
                0x00004230                order_suffix
                0x000043f0                bin_order_suffix
 *fill*         0x000044f6        0xa 
 .text          0x00004500       0xab ../../lib/c/libc.a(str_error.o)
                0x00004500                str_error
 *fill*         0x000045ab        0x5 
 .text          0x000045b0      0x70b ../../lib/c/libc.a(fibril.o)
                0x000045b0                fibril_setup
                0x00004630                fibril_teardown
                0x00004720                fibril_switch
                0x00004a10                fibril_create
                0x00004b20                fibril_destroy
                0x00004b50                fibril_add_ready
                0x00004bc0                fibril_add_manager
                0x00004c10                fibril_remove_manager
                0x00004c60                fibril_get_id
                0x00004c70                fibril_inc_sercount
                0x00004c90                fibril_dec_sercount
                0x00004cb0                fibril_get_sercount
 *fill*         0x00004cbb        0x1 
 .text          0x00004cbc        0x0 ../../lib/c/libc.a(pcb.o)
 *fill*         0x00004cbc        0x4 
 .text          0x00004cc0      0x122 ../../lib/c/libc.a(tls.o)
                0x00004cc0                __make_tls
                0x00004d40                __free_tls
                0x00004d70                tls_alloc_variant_2
                0x00004dc0                tls_free_variant_2
 *fill*         0x00004de2        0xe 
 .text          0x00004df0      0x611 ../../lib/c/libc.a(task.o)
                0x00004df0                task_get_id
                0x00004e40                task_set_name
                0x00004ec0                task_kill
                0x00004f10                task_spawnvf
                0x00004fe0                task_spawnv
                0x00005090                task_spawn
                0x00005190                task_spawnl
                0x000052a0                task_wait
                0x00005380                task_retval
 *fill*         0x00005401        0xf 
 .text          0x00005410       0xeb ../../lib/c/libc.a(futex.o)
                0x00005410                futex_initialize
                0x00005420                futex_trydown
                0x00005440                futex_down
                0x000054a0                futex_up
 *fill*         0x000054fb        0x5 
 .text          0x00005500     0x248d ../../lib/c/libc.a(io.o)
                0x000055d0                __stdio_init
                0x00005860                __stdio_done
                0x00005a30                setvbuf
                0x00005a60                fopen
                0x00005c50                fdopen
                0x00005d50                fclose
                0x00005f00                fread
                0x00006130                fgetc
                0x000063b0                fgets
                0x000066e0                getchar
                0x000069a0                fseek
                0x00006ae0                ftell
                0x00006c10                rewind
                0x00006d40                fflush
                0x00007030                fwrite
                0x000071e0                fputs
                0x00007390                puts
                0x00007540                fputc
                0x00007700                putchar
                0x000078c0                feof
                0x000078d0                ferror
                0x000078e0                clearerr
                0x00007900                fileno
                0x00007930                fsession
                0x00007970                fhandle
 *fill*         0x0000798d        0x3 
 .text          0x00007990       0x4a ../../lib/c/libc.a(printf.o)
                0x00007990                fprintf
                0x000079c0                printf
 *fill*         0x000079da        0x6 
 .text          0x000079e0      0x276 ../../lib/c/libc.a(klog.o)
                0x00007af0                klog_write
                0x00007b40                klog_update
                0x00007b90                klog_command
                0x00007be0                klog_printf
                0x00007c20                klog_vprintf
 *fill*         0x00007c56        0xa 
 .text          0x00007c60       0x28 ../../lib/c/libc.a(snprintf.o)
                0x00007c60                snprintf
 *fill*         0x00007c88        0x8 
 .text          0x00007c90      0x145 ../../lib/c/libc.a(vprintf.o)
                0x00007d20                vfprintf
                0x00007d80                vprintf
 *fill*         0x00007dd5        0xb 
 .text          0x00007de0      0x1cf ../../lib/c/libc.a(vsnprintf.o)
                0x00007f60                vsnprintf
 *fill*         0x00007faf        0x1 
 .text          0x00007fb0     0x261c ../../lib/c/libc.a(printf_core.o)
                0x00008f00                printf_core
 *fill*         0x0000a5cc        0x4 
 .text          0x0000a5d0       0xe5 ../../lib/c/libc.a(ieee_double.o)
                0x0000a5d0                extract_ieee_double
 *fill*         0x0000a6b5        0xb 
 .text          0x0000a6c0     0x14e5 ../../lib/c/libc.a(double_to_str.o)
                0x0000a6c0                double_to_short_str
                0x0000b6e0                double_to_fixed_str
 .text.unlikely
                0x0000bba5       0x22 ../../lib/c/libc.a(double_to_str.o)
 *fill*         0x0000bbc7        0x9 
 .text          0x0000bbd0     0x13f0 ../../lib/c/libc.a(malloc.o)
                0x0000c740                __malloc_init
                0x0000c7e0                calloc
                0x0000c840                malloc
                0x0000c880                memalign
                0x0000c950                free
                0x0000cba0                realloc
                0x0000cee0                heap_check
 .text.unlikely
                0x0000cfc0       0x2e ../../lib/c/libc.a(malloc.o)
 *fill*         0x0000cfee        0x2 
 .text          0x0000cff0     0x4891 ../../lib/c/libc.a(async.o)
                0x0000d1e0                reply_received
                0x0000d6f0                awaiter_initialize
                0x0000d740                async_set_client_data_constructor
                0x0000d780                async_set_client_data_destructor
                0x0000d7c0                async_set_client_connection
                0x0000d800                async_set_interrupt_received
                0x0000d810                async_insert_timeout
                0x0000d9e0                async_get_call_timeout
                0x0000dc00                async_get_client_data
                0x0000dc40                async_get_client_data_by_id
                0x0000dd20                async_put_client_data_by_id
                0x0000de90                async_new_connection
                0x0000e2a0                async_create_manager
                0x0000e2d0                async_destroy_manager
                0x0000e2e0                __async_init
                0x0000e3b0                async_send_fast
                0x0000e490                async_send_slow
                0x0000e580                async_wait_for
                0x0000e660                async_wait_timeout
                0x0000e7d0                async_forget
                0x0000e890                async_usleep
                0x0000e9c0                async_req_fast
                0x0000ebc0                async_req_slow
                0x0000edd0                async_msg_0
                0x0000ee30                async_msg_1
                0x0000ee90                async_msg_2
                0x0000eef0                async_msg_3
                0x0000ef50                async_msg_4
                0x0000efb0                async_msg_5
                0x0000f010                async_answer_0
                0x0000f050                async_answer_1
                0x0000f090                async_answer_2
                0x0000f0d0                async_answer_3
                0x0000f110                async_answer_4
                0x0000f120                async_answer_5
                0x0000f130                async_forward_fast
                0x0000f160                async_forward_slow
                0x0000f1b0                async_connect_to_me
                0x0000f430                async_clone_establish
                0x0000f6a0                async_connect_me_to
                0x0000f770                async_sess_args_set
                0x0000f790                async_connect_me_to_blocking
                0x0000f860                async_connect_kbox
                0x0000f910                async_hangup
                0x0000fa00                async_poke
                0x0000fa10                async_exchange_begin
                0x0000fd80                async_exchange_end
                0x0000fe10                async_share_in_start
                0x0000ffd0                async_share_in_receive
                0x00010040                async_share_in_finalize
                0x00010080                async_share_out_start
                0x00010220                async_share_out_receive
                0x000102c0                async_share_out_finalize
                0x00010300                async_data_read
                0x000103e0                async_data_read_start
                0x00010580                async_data_read_receive
                0x000105e0                async_data_read_finalize
                0x00010620                async_data_read_forward_fast
                0x00010900                async_data_write_start
                0x00010aa0                async_data_write_receive
                0x00010af0                async_data_write_finalize
                0x00010b30                async_data_write_accept
                0x00010ca0                async_data_write_void
                0x00010ce0                async_data_write_forward_fast
                0x00010fc0                async_exchange_clone
                0x00011170                async_clone_receive
                0x000112b0                async_callback_receive
                0x000113f0                async_callback_receive_start
                0x00011480                async_state_change_start
                0x00011640                async_state_change_receive
                0x000116c0                async_state_change_finalize
                0x00011700                async_remote_state_acquire
                0x00011720                async_remote_state_update
                0x00011770                async_remote_state_release
                0x000117c0                async_remote_state_release_exchange
 .text.unlikely
                0x00011881       0x44 ../../lib/c/libc.a(async.o)
 *fill*         0x000118c5        0xb 
 .text          0x000118d0      0x711 ../../lib/c/libc.a(loader.o)
                0x000118d0                loader_spawn
                0x00011930                loader_connect
                0x00011990                loader_get_task_id
                0x00011a40                loader_set_cwd
                0x00011b60                loader_set_pathname
                0x00011c40                loader_set_args
                0x00011d80                loader_set_files
                0x00011e90                loader_load_program
                0x00011f20                loader_run
                0x00011fc0                loader_abort
 *fill*         0x00011fe1        0xf 
 .text          0x00011ff0      0xc34 ../../lib/c/libc.a(hash_table.o)
                0x00012170                hash_table_create
                0x000122a0                hash_table_destroy
                0x000123b0                hash_table_empty
                0x000123f0                hash_table_size
                0x00012430                hash_table_clear
                0x00012550                hash_table_insert
                0x00012620                hash_table_insert_unique
                0x00012780                hash_table_find
                0x00012820                hash_table_find_next
                0x000128d0                hash_table_remove
                0x00012a00                hash_table_remove_item
                0x00012ae0                hash_table_apply
 *fill*         0x00012c24        0xc 
 .text          0x00012c30     0x1906 ../../lib/c/libc.a(time.o)
                0x00013460                tv_add
                0x000134c0                tv_sub
                0x00013500                tv_gt
                0x00013530                tv_gteq
                0x00013560                getuptime
                0x00013630                gettimeofday
                0x000137f0                time
                0x00013830                usleep
                0x00013880                udelay
                0x000138d0                sleep
                0x00013950                mktime
                0x000139c0                strftime
                0x00014210                time_utc2tm
                0x00014280                time_utc2str
                0x00014350                time_tm2str
                0x00014400                time_local2tm
                0x00014450                time_local2str
                0x00014520                difftime
 *fill*         0x00014536        0xa 
 .text          0x00014540     0x236d ../../lib/c/libc.a(vfs.o)
                0x00014540                vfs_exchange_begin
                0x000145b0                vfs_exchange_end
                0x000145c0                absolutize
                0x00014830                mount
                0x00014b70                unmount
                0x00014cb0                open
                0x00014df0                close
                0x00014ed0                read
                0x00014fe0                write
                0x00015100                read_all
                0x00015250                write_all
                0x000153c0                fsync
                0x000154a0                lseek
                0x00015580                ftruncate
                0x00015660                fstat
                0x00015770                stat
                0x000158d0                opendir
                0x00015a40                readdir
                0x00015b70                rewinddir
                0x00015c50                closedir
                0x00015d30                mkdir
                0x00015e70                unlink
                0x00015e80                rmdir
                0x00015ea0                rename
                0x00016040                chdir
                0x000162a0                getcwd
                0x00016320                fd_session
                0x00016470                dup2
                0x00016550                fd_wait
                0x00016630                get_mtab_list
 *fill*         0x000168ad        0x3 
 .text          0x000168b0      0x279 ../../lib/c/libc.a(canonify.o)
                0x000169a0                canonify
 *fill*         0x00016b29        0x7 
 .text          0x00016b30       0x31 ../../lib/c/libc.a(stack.o)
                0x00016b30                stack_size_get
 *fill*         0x00016b61        0xf 
 .text          0x00016b70      0x47c ../../lib/c/libc.a(stats.o)
                0x00016b70                stats_get_cpus
                0x00016bf0                stats_get_physmem
                0x00016c30                stats_get_tasks
                0x00016cb0                stats_get_task
                0x00016d10                stats_get_threads
                0x00016d90                stats_get_thread
                0x00016df0                stats_get_exceptions
                0x00016e70                stats_get_exception
                0x00016ed0                stats_get_load
                0x00016f30                stats_get_uptime
                0x00016f60                stats_print_load_fragment
                0x00016fd0                thread_get_state
 *fill*         0x00016fec        0x4 
 .text          0x00016ff0       0x5d ../../lib/c/libc.a(assert.o)
                0x00016ff0                assert_abort
 *fill*         0x0001704d        0x3 
 .text          0x00017050       0x5b ../../lib/c/libc.a(syscall.o)
                0x00017050                __syscall_slow
                0x00017077                __syscall_fast
 *fill*         0x000170ab        0x1 
 .text          0x000170ac       0x4c ../../lib/c/libc.a(fibril.o)
                0x000170ac                context_save
                0x000170d1                context_restore
 *fill*         0x000170f8        0x8 
 .text          0x00017100       0x51 ../../lib/c/libc.a(tls.o)
                0x00017100                __alloc_tls
                0x00017110                __free_tls_arch
                0x00017120                ___tls_get_addr
 *fill*         0x00017151        0xf 
 .text          0x00017160      0x503 ../../lib/c/libc.a(ddi.o)
                0x00017160                device_assign_devno
                0x000171b0                physmem_map
                0x000171f0                dmamem_map
                0x00017240                dmamem_map_anonymous
                0x00017290                dmamem_unmap
                0x000172e0                dmamem_unmap_anonymous
                0x00017330                pio_enable
                0x00017420                pio_write_8
                0x00017470                pio_write_16
                0x000174c0                pio_write_32
                0x00017510                pio_read_8
                0x00017550                pio_read_16
                0x00017590                pio_read_32
                0x000175d0                irq_register
                0x00017620                irq_unregister
 *fill*         0x00017663        0xd 
 .text          0x00017670      0x183 ../../lib/c/libc.a(as.o)
                0x00017670                as_area_create
                0x000176c0                as_area_resize
                0x00017710                as_area_destroy
                0x00017760                as_area_change_flags
                0x000177b0                as_get_physical_mapping
 *fill*         0x000177f3        0xd 
 .text          0x00017800      0x15a ../../lib/c/libc.a(clock_dev.o)
                0x00017800                clock_dev_time_get
                0x000178b0                clock_dev_time_set
 *fill*         0x0001795a        0x6 
 .text          0x00017960       0x10 ../../lib/c/libc.a(errno.o)
                0x00017960                __errno
 .text          0x00017970     0x296b ../../lib/c/libc.a(loc.o)
                0x00018050                loc_exchange_begin_blocking
                0x00018250                loc_exchange_begin
                0x00018340                loc_exchange_end
                0x00018350                loc_server_register
                0x00018590                loc_service_register_with_iface
                0x00018760                loc_service_register
                0x00018930                loc_service_unregister
                0x00018aa0                loc_service_get_id
                0x00018d00                loc_category_get_name
                0x00018d20                loc_service_get_name
                0x00018d40                loc_service_get_server_name
                0x00018d60                loc_namespace_get_id
                0x00018fc0                loc_category_get_id
                0x00019220                loc_id_probe
                0x00019390                loc_service_connect
                0x000193d0                loc_null_create
                0x00019540                loc_null_destroy
                0x000196a0                loc_service_add_to_cat
                0x00019810                loc_count_namespaces
                0x00019980                loc_count_services
                0x00019af0                loc_get_namespaces
                0x00019dd0                loc_get_services
                0x0001a0b0                loc_category_get_svcs
                0x0001a0d0                loc_get_categories
                0x0001a0f0                loc_register_cat_change_cb
 *fill*         0x0001a2db        0x5 
 .text          0x0001a2e0      0x6d7 ../../lib/c/libc.a(mem.o)
                0x0001a2e0                memset
                0x0001a460                memcpy
                0x0001a650                memmove
                0x0001a980                bcmp
 *fill*         0x0001a9b7        0x9 
 .text          0x0001a9c0     0x14bb ../../lib/c/libc.a(fibril_synch.o)
                0x0001abd0                fibril_mutex_initialize
                0x0001abf0                fibril_mutex_lock
                0x0001acc0                fibril_mutex_trylock
                0x0001ad10                fibril_mutex_unlock
                0x0001ae20                fibril_mutex_is_locked
                0x0001ae60                fibril_rwlock_initialize
                0x0001ae90                fibril_rwlock_read_lock
                0x0001af70                fibril_rwlock_write_lock
                0x0001b050                fibril_rwlock_read_unlock
                0x0001b0b0                fibril_rwlock_write_unlock
                0x0001b130                fibril_rwlock_is_read_locked
                0x0001b170                fibril_rwlock_is_write_locked
                0x0001b1d0                fibril_rwlock_is_locked
                0x0001b260                fibril_condvar_initialize
                0x0001b270                fibril_condvar_wait_timeout
                0x0001b840                fibril_condvar_wait
                0x0001b890                fibril_condvar_signal
                0x0001b910                fibril_condvar_broadcast
                0x0001b9a0                fibril_timer_create
                0x0001ba20                fibril_timer_destroy
                0x0001bba0                fibril_timer_set
                0x0001bd10                fibril_timer_clear
 *fill*         0x0001be7b        0x5 
 .text          0x0001be80      0x108 ../../lib/c/libc.a(power_of_ten.o)
                0x0001be80                get_power_of_ten
 *fill*         0x0001bf88        0x8 
 .text          0x0001bf90      0x36b ../../lib/c/libc.a(sysinfo.o)
                0x0001bf90                sysinfo_get_keys
                0x0001c070                sysinfo_get_val_type
                0x0001c0d0                sysinfo_get_value
                0x0001c120                sysinfo_get_data
                0x0001c200                sysinfo_get_property
 *fill*         0x0001c2fb        0x5 
 .text          0x0001c300      0xab0 ../../lib/c/libc.a(ipc.o)
                0x0001c440                ipc_call_async_fast
                0x0001c690                ipc_call_async_slow
                0x0001c870                ipc_answer_fast
                0x0001c8b0                ipc_answer_slow
                0x0001c920                ipc_wait_cycle
                0x0001ca20                ipc_poke
                0x0001ca70                ipc_wait_for_call_timeout
                0x0001cb60                ipc_trywait_for_call
                0x0001cc60                ipc_hangup
                0x0001ccb0                ipc_forward_fast
                0x0001ccf0                ipc_forward_slow
                0x0001cd60                ipc_connect_kbox
 .text          0x0001cdb0      0x364 ../../lib/c/libc.a(ns.o)
                0x0001cdb0                service_register
                0x0001ce10                service_connect
                0x0001ce90                service_connect_blocking
                0x0001cf10                service_bind
                0x0001d000                ns_ping
                0x0001d090                ns_intro
 *fill*         0x0001d114        0xc 
 .text          0x0001d120      0x139 ../../lib/c/libc.a(stacktrace.o)
                0x0001d140                stacktrace_print_fp_pc
                0x0001d1c0                stacktrace_print
 *fill*         0x0001d259        0x7 
 .text          0x0001d260      0x1cf ../../lib/c/libc.a(pio_trace.o)
                0x0001d260                pio_trace_log
                0x0001d320                pio_trace_enable
                0x0001d3b0                pio_trace_disable
 *fill*         0x0001d42f        0x1 
 .text          0x0001d430       0x4a ../../lib/c/libc.a(stacktrace.o)
                0x0001d430                stacktrace_fp_valid
                0x0001d440                stacktrace_fp_prev
                0x0001d460                stacktrace_ra_get
 *fill*         0x0001d47a        0x2 
 .text          0x0001d47c        0x8 ../../lib/c/libc.a(stacktrace_asm.o)
                0x0001d47c                stacktrace_prepare
                0x0001d47d                stacktrace_fp_get
                0x0001d480                stacktrace_pc_get
 *fill*         0x0001d484        0xc 
 .text          0x0001d490      0x8e2 ../../lib/softint/libsoftint.a(division.o)
                0x0001d490                __divsi3
                0x0001d510                __divdi3
                0x0001d660                __udivsi3
                0x0001d6b0                __udivdi3
                0x0001d7a0                __modsi3
                0x0001d800                __moddi3
                0x0001d8f0                __umodsi3
                0x0001d930                __umoddi3
                0x0001d9c0                __divmodsi3
                0x0001da50                __udivmodsi3
                0x0001dac0                __divmoddi3
                0x0001dc70                __udivmoddi3
 *(.rodata .rodata.*)
 .rodata.str1.1
                0x0001dd72       0x53 killall.o
 *fill*         0x0001ddc5        0x3 
 .rodata.str1.4
                0x0001ddc8       0x21 killall.o
 .rodata.str1.1
                0x0001dde9       0x59 ../../lib/c/libc.a(str.o)
                                 0x64 (size before relaxing)
 *fill*         0x0001de42       0x1e 
 .rodata        0x0001de60      0x140 ../../lib/c/libc.a(str.o)
 .rodata.str1.1
                0x0001dfa0      0x190 ../../lib/c/libc.a(str_error.o)
 .rodata.str1.4
                0x0001e130       0x21 ../../lib/c/libc.a(str_error.o)
 *fill*         0x0001e151        0xf 
 .rodata        0x0001e160       0x48 ../../lib/c/libc.a(str_error.o)
 .rodata.str1.1
                0x0001e1a8       0x21 ../../lib/c/libc.a(task.o)
 .rodata.str1.1
                0x0001e1c9       0x88 ../../lib/c/libc.a(printf_core.o)
 *fill*         0x0001e251        0x3 
 .rodata.str1.4
                0x0001e254       0x26 ../../lib/c/libc.a(printf_core.o)
 *fill*         0x0001e27a        0x2 
 .rodata        0x0001e27c      0x23d ../../lib/c/libc.a(printf_core.o)
 .rodata.str1.1
                0x0001e4b9       0xd7 ../../lib/c/libc.a(double_to_str.o)
                                 0xe6 (size before relaxing)
 .rodata.str1.4
                0x0001e590      0x1d1 ../../lib/c/libc.a(double_to_str.o)
 .rodata.str1.1
                0x0001e761       0xf1 ../../lib/c/libc.a(malloc.o)
 *fill*         0x0001e852        0x2 
 .rodata.str1.4
                0x0001e854      0x162 ../../lib/c/libc.a(malloc.o)
 .rodata.str1.1
                0x0001e9b6       0x8e ../../lib/c/libc.a(async.o)
                                 0x98 (size before relaxing)
 .rodata.str1.4
                0x0001ea44       0xd8 ../../lib/c/libc.a(async.o)
 .rodata.str1.1
                0x0001eb1c        0x2 ../../lib/c/libc.a(loader.o)
 .rodata.str1.1
                0x0001eb1e       0x5c ../../lib/c/libc.a(hash_table.o)
                                 0x60 (size before relaxing)
 *fill*         0x0001eb7a        0x2 
 .rodata.str1.4
                0x0001eb7c       0x99 ../../lib/c/libc.a(hash_table.o)
 .rodata.str1.1
                0x0001ec15      0x1ee ../../lib/c/libc.a(time.o)
                                0x20b (size before relaxing)
 *fill*         0x0001ee03       0x1d 
 .rodata        0x0001ee20      0x32c ../../lib/c/libc.a(time.o)
 .rodata.str1.1
                0x0001f14c        0x8 ../../lib/c/libc.a(vfs.o)
                                  0x9 (size before relaxing)
 *fill*         0x0001f154        0xc 
 .rodata        0x0001f160       0xc0 ../../lib/c/libc.a(canonify.o)
 .rodata.str1.1
                0x0001f220       0x13 ../../lib/c/libc.a(stack.o)
 .rodata.str1.1
                0x0001f233       0xdc ../../lib/c/libc.a(stats.o)
                                 0xdf (size before relaxing)
 *fill*         0x0001f30f        0x1 
 .rodata        0x0001f310       0x1c ../../lib/c/libc.a(stats.o)
 .rodata.str1.4
                0x0001f32c       0x2e ../../lib/c/libc.a(assert.o)
 .rodata.str1.1
                0x0001f35a       0x2a ../../lib/c/libc.a(loc.o)
 .rodata.str1.1
                0x0001f384       0x89 ../../lib/c/libc.a(fibril_synch.o)
 *fill*         0x0001f40d        0x3 
 .rodata.str1.4
                0x0001f410       0xb3 ../../lib/c/libc.a(fibril_synch.o)
 .rodata.str1.1
                0x0001f4c3       0x17 ../../lib/c/libc.a(power_of_ten.o)
                                 0x1d (size before relaxing)
 *fill*         0x0001f4da        0x2 
 .rodata.str1.4
                0x0001f4dc       0xa4 ../../lib/c/libc.a(power_of_ten.o)
 .rodata        0x0001f580      0x468 ../../lib/c/libc.a(power_of_ten.o)
 .rodata.str1.1
                0x0001f9e8       0x24 ../../lib/c/libc.a(stacktrace.o)
 .rodata.str1.1
                0x0001fa0c       0x14 ../../lib/c/libc.a(pio_trace.o)
                                 0x17 (size before relaxing)
                0x00020a20                . = (. + 0x1000)

.data           0x00020a20      0x1f8
 *(.data)
 .data          0x00020a20        0x0 /home/pratik/HelenOS_Emacs/helenos/uspace/lib/c/arch/ia32/src/entry.o
 .data          0x00020a20        0x0 killall.o
 .data          0x00020a20        0x0 ../../lib/c/libc.a(libc.o)
 .data          0x00020a20        0x0 ../../lib/c/libc.a(str.o)
 .data          0x00020a20        0x0 ../../lib/c/libc.a(str_error.o)
 .data          0x00020a20       0x1c ../../lib/c/libc.a(fibril.o)
 .data          0x00020a3c        0x0 ../../lib/c/libc.a(pcb.o)
 .data          0x00020a3c        0x0 ../../lib/c/libc.a(tls.o)
 .data          0x00020a3c        0x0 ../../lib/c/libc.a(task.o)
 .data          0x00020a3c        0x0 ../../lib/c/libc.a(futex.o)
 *fill*         0x00020a3c        0x4 
 .data          0x00020a40       0xb8 ../../lib/c/libc.a(io.o)
 .data          0x00020af8        0x0 ../../lib/c/libc.a(printf.o)
 .data          0x00020af8        0x0 ../../lib/c/libc.a(klog.o)
 .data          0x00020af8        0x0 ../../lib/c/libc.a(snprintf.o)
 .data          0x00020af8       0x10 ../../lib/c/libc.a(vprintf.o)
 .data          0x00020b08        0x0 ../../lib/c/libc.a(vsnprintf.o)
 .data          0x00020b08        0x0 ../../lib/c/libc.a(printf_core.o)
 .data          0x00020b08        0x0 ../../lib/c/libc.a(ieee_double.o)
 .data          0x00020b08        0x0 ../../lib/c/libc.a(double_to_str.o)
 .data          0x00020b08        0x4 ../../lib/c/libc.a(malloc.o)
 .data          0x00020b0c       0x64 ../../lib/c/libc.a(async.o)
                0x00020b0c                async_futex
 .data          0x00020b70        0x0 ../../lib/c/libc.a(loader.o)
 .data          0x00020b70        0x0 ../../lib/c/libc.a(hash_table.o)
 .data          0x00020b70        0x0 ../../lib/c/libc.a(time.o)
 .data          0x00020b70       0x24 ../../lib/c/libc.a(vfs.o)
 .data          0x00020b94        0x0 ../../lib/c/libc.a(canonify.o)
 .data          0x00020b94        0x0 ../../lib/c/libc.a(stack.o)
 .data          0x00020b94        0x0 ../../lib/c/libc.a(stats.o)
 .data          0x00020b94        0x0 ../../lib/c/libc.a(assert.o)
 .data          0x00020b94        0x4 ../../lib/c/libc.a(syscall.o)
                0x00020b94                __syscall_fast_func
 .data          0x00020b98        0x0 ../../lib/c/libc.a(fibril.o)
 .data          0x00020b98        0x0 ../../lib/c/libc.a(tls.o)
 .data          0x00020b98        0x0 ../../lib/c/libc.a(ddi.o)
 .data          0x00020b98        0x0 ../../lib/c/libc.a(as.o)
 .data          0x00020b98        0x0 ../../lib/c/libc.a(clock_dev.o)
 .data          0x00020b98        0x0 ../../lib/c/libc.a(errno.o)
 .data          0x00020b98       0x50 ../../lib/c/libc.a(loc.o)
 .data          0x00020be8        0x0 ../../lib/c/libc.a(mem.o)
 .data          0x00020be8        0x0 ../../lib/c/libc.a(fibril_synch.o)
 .data          0x00020be8        0x0 ../../lib/c/libc.a(power_of_ten.o)
 .data          0x00020be8        0x0 ../../lib/c/libc.a(sysinfo.o)
 .data          0x00020be8       0x14 ../../lib/c/libc.a(ipc.o)
                0x00020be8                queued_calls
                0x00020bf0                dispatched_calls
 .data          0x00020bfc        0x0 ../../lib/c/libc.a(ns.o)
 .data          0x00020bfc        0x0 ../../lib/c/libc.a(stacktrace.o)
 .data          0x00020bfc       0x1c ../../lib/c/libc.a(pio_trace.o)
 .data          0x00020c18        0x0 ../../lib/c/libc.a(stacktrace.o)
 .data          0x00020c18        0x0 ../../lib/c/libc.a(stacktrace_asm.o)
 .data          0x00020c18        0x0 ../../lib/softint/libsoftint.a(division.o)

.tdata          0x00020c18       0x4c
                0x00020c18                _tdata_start = .
 *(.tdata)
 *(.gnu.linkonce.tb.*)
                0x00020c18                _tdata_end = .
                0x00020c18                _tbss_start = .
 *(.tbss)
 .tbss          0x00020c18       0x40 ../../lib/c/libc.a(str_error.o)
 .tbss          0x00020c58        0x4 ../../lib/c/libc.a(fibril.o)
 .tbss          0x00020c5c        0x4 ../../lib/c/libc.a(async.o)
 .tbss          0x00020c60        0x4 ../../lib/c/libc.a(errno.o)
                0x00020c64                _tbss_end = .
                0x00000004                _tls_alignment = ALIGNOF (.tdata)

.bss            0x00020c18       0xa0
 *(.dynbss)
 *(COMMON)
 COMMON         0x00020c18        0x4 ../../lib/c/libc.a(pcb.o)
                0x00020c18                __pcb
 COMMON         0x00020c1c        0x4 ../../lib/c/libc.a(async.o)
                0x00020c1c                session_ns
 *(.bss)
 .bss           0x00020c20        0x0 /home/pratik/HelenOS_Emacs/helenos/uspace/lib/c/arch/ia32/src/entry.o
 .bss           0x00020c20        0x0 killall.o
 .bss           0x00020c20        0x1 ../../lib/c/libc.a(libc.o)
 *fill*         0x00020c21        0x3 
 .bss           0x00020c24        0x4 ../../lib/c/libc.a(str.o)
 .bss           0x00020c28        0x0 ../../lib/c/libc.a(str_error.o)
 .bss           0x00020c28        0x8 ../../lib/c/libc.a(fibril.o)
 .bss           0x00020c30        0x0 ../../lib/c/libc.a(pcb.o)
 .bss           0x00020c30        0x0 ../../lib/c/libc.a(tls.o)
 .bss           0x00020c30        0x0 ../../lib/c/libc.a(task.o)
 .bss           0x00020c30        0x0 ../../lib/c/libc.a(futex.o)
 .bss           0x00020c30        0xc ../../lib/c/libc.a(io.o)
                0x00020c30                stderr
                0x00020c34                stdout
                0x00020c38                stdin
 .bss           0x00020c3c        0x0 ../../lib/c/libc.a(printf.o)
 .bss           0x00020c3c        0x0 ../../lib/c/libc.a(klog.o)
 .bss           0x00020c3c        0x0 ../../lib/c/libc.a(snprintf.o)
 .bss           0x00020c3c        0x0 ../../lib/c/libc.a(vprintf.o)
 .bss           0x00020c3c        0x0 ../../lib/c/libc.a(vsnprintf.o)
 .bss           0x00020c3c        0x0 ../../lib/c/libc.a(printf_core.o)
 .bss           0x00020c3c        0x0 ../../lib/c/libc.a(ieee_double.o)
 .bss           0x00020c3c        0x0 ../../lib/c/libc.a(double_to_str.o)
 .bss           0x00020c3c        0xc ../../lib/c/libc.a(malloc.o)
 .bss           0x00020c48       0x3c ../../lib/c/libc.a(async.o)
                0x00020c48                threads_in_ipc_wait
 .bss           0x00020c84        0x0 ../../lib/c/libc.a(loader.o)
 .bss           0x00020c84        0x0 ../../lib/c/libc.a(hash_table.o)
 .bss           0x00020c84        0x8 ../../lib/c/libc.a(time.o)
                0x00020c84                ktime
 .bss           0x00020c8c        0xc ../../lib/c/libc.a(vfs.o)
 .bss           0x00020c98        0x0 ../../lib/c/libc.a(canonify.o)
 .bss           0x00020c98        0x4 ../../lib/c/libc.a(stack.o)
 .bss           0x00020c9c        0x0 ../../lib/c/libc.a(stats.o)
 .bss           0x00020c9c        0x4 ../../lib/c/libc.a(assert.o)
 .bss           0x00020ca0        0x0 ../../lib/c/libc.a(syscall.o)
 .bss           0x00020ca0        0x0 ../../lib/c/libc.a(fibril.o)
 .bss           0x00020ca0        0x0 ../../lib/c/libc.a(tls.o)
 .bss           0x00020ca0        0x0 ../../lib/c/libc.a(ddi.o)
 .bss           0x00020ca0        0x0 ../../lib/c/libc.a(as.o)
 .bss           0x00020ca0        0x0 ../../lib/c/libc.a(clock_dev.o)
 .bss           0x00020ca0        0x0 ../../lib/c/libc.a(errno.o)
 .bss           0x00020ca0       0x15 ../../lib/c/libc.a(loc.o)
 *fill*         0x00020cb5        0x3 
 .bss           0x00020cb8        0x0 ../../lib/c/libc.a(mem.o)
 .bss           0x00020cb8        0x0 ../../lib/c/libc.a(fibril_synch.o)
 .bss           0x00020cb8        0x0 ../../lib/c/libc.a(power_of_ten.o)
 .bss           0x00020cb8        0x0 ../../lib/c/libc.a(sysinfo.o)
 .bss           0x00020cb8        0x0 ../../lib/c/libc.a(ipc.o)
 .bss           0x00020cb8        0x0 ../../lib/c/libc.a(ns.o)
 .bss           0x00020cb8        0x0 ../../lib/c/libc.a(stacktrace.o)
 .bss           0x00020cb8        0x0 ../../lib/c/libc.a(pio_trace.o)
 .bss           0x00020cb8        0x0 ../../lib/c/libc.a(stacktrace.o)
 .bss           0x00020cb8        0x0 ../../lib/c/libc.a(stacktrace_asm.o)
 .bss           0x00020cb8        0x0 ../../lib/softint/libsoftint.a(division.o)

/DISCARD/
 *(*)
LOAD killall.o
LOAD ../../lib/c/libc.a
LOAD ../../lib/softint/libsoftint.a
OUTPUT(killall elf32-i386)
