Archive member included because of file (symbol)

../../lib/block/libblock.a(block.o)
                              mkexfat.o (block_init)
../../lib/c/libc.a(libc.o)    /home/pratik/HelenOS_Emacs/helenos/uspace/lib/c/arch/ia32/src/entry.o (__main)
../../lib/c/libc.a(bd.o)      ../../lib/block/libblock.a(block.o) (bd_open)
../../lib/c/libc.a(loc.o)     mkexfat.o (loc_service_get_id)
../../lib/c/libc.a(mem.o)     mkexfat.o (memset)
../../lib/c/libc.a(str.o)     ../../lib/c/libc.a(loc.o) (str_size)
../../lib/c/libc.a(fibril.o)  ../../lib/c/libc.a(libc.o) (fibril_setup)
../../lib/c/libc.a(fibril_synch.o)
                              ../../lib/block/libblock.a(block.o) (fibril_mutex_initialize)
../../lib/c/libc.a(pcb.o)     ../../lib/c/libc.a(libc.o) (__pcb)
../../lib/c/libc.a(tls.o)     ../../lib/c/libc.a(fibril.o) (__make_tls)
../../lib/c/libc.a(task.o)    ../../lib/c/libc.a(libc.o) (task_retval)
../../lib/c/libc.a(futex.o)   ../../lib/c/libc.a(fibril.o) (futex_down)
../../lib/c/libc.a(io.o)      ../../lib/c/libc.a(libc.o) (__stdio_init)
../../lib/c/libc.a(printf.o)  mkexfat.o (printf)
../../lib/c/libc.a(klog.o)    ../../lib/c/libc.a(io.o) (klog_write)
../../lib/c/libc.a(vprintf.o)
                              ../../lib/c/libc.a(printf.o) (vfprintf)
../../lib/c/libc.a(printf_core.o)
                              ../../lib/c/libc.a(klog.o) (printf_core)
../../lib/c/libc.a(ieee_double.o)
                              ../../lib/c/libc.a(printf_core.o) (extract_ieee_double)
../../lib/c/libc.a(double_to_str.o)
                              ../../lib/c/libc.a(printf_core.o) (double_to_short_str)
../../lib/c/libc.a(malloc.o)  ../../lib/c/libc.a(libc.o) (__malloc_init)
../../lib/c/libc.a(ns.o)      ../../lib/c/libc.a(loc.o) (service_connect)
../../lib/c/libc.a(async.o)   ../../lib/c/libc.a(fibril_synch.o) (async_futex)
../../lib/c/libc.a(loader.o)  ../../lib/c/libc.a(task.o) (loader_connect)
../../lib/c/libc.a(getopt.o)  mkexfat.o (optind)
../../lib/c/libc.a(hash_table.o)
                              ../../lib/block/libblock.a(block.o) (hash_table_create)
../../lib/c/libc.a(time.o)    ../../lib/c/libc.a(fibril_synch.o) (tv_add)
../../lib/c/libc.a(vfs.o)     ../../lib/c/libc.a(loader.o) (vfs_exchange_begin)
../../lib/c/libc.a(canonify.o)
                              ../../lib/c/libc.a(vfs.o) (canonify)
../../lib/c/libc.a(stack.o)   ../../lib/c/libc.a(fibril.o) (stack_size_get)
../../lib/c/libc.a(stacktrace.o)
                              ../../lib/c/libc.a(fibril_synch.o) (stacktrace_print_fp_pc)
../../lib/c/libc.a(assert.o)  mkexfat.o (assert_abort)
../../lib/c/libc.a(syscall.o)
                              /home/pratik/HelenOS_Emacs/helenos/uspace/lib/c/arch/ia32/src/entry.o (__syscall_fast_func)
../../lib/c/libc.a(fibril.o)  ../../lib/c/libc.a(fibril.o) (context_save)
../../lib/c/libc.a(tls.o)     ../../lib/c/libc.a(tls.o) (__alloc_tls)
../../lib/c/libc.a(stacktrace.o)
                              ../../lib/c/libc.a(stacktrace.o) (stacktrace_fp_valid)
../../lib/c/libc.a(stacktrace_asm.o)
                              ../../lib/c/libc.a(stacktrace.o) (stacktrace_prepare)
../../lib/c/libc.a(ddi.o)     ../../lib/c/libc.a(time.o) (physmem_map)
../../lib/c/libc.a(as.o)      ../../lib/c/libc.a(fibril.o) (as_area_create)
../../lib/c/libc.a(clock_dev.o)
                              ../../lib/c/libc.a(time.o) (clock_dev_time_get)
../../lib/c/libc.a(errno.o)   ../../lib/c/libc.a(loc.o) (__errno)
../../lib/c/libc.a(snprintf.o)
                              ../../lib/c/libc.a(time.o) (snprintf)
../../lib/c/libc.a(vsnprintf.o)
                              ../../lib/c/libc.a(snprintf.o) (vsnprintf)
../../lib/c/libc.a(power_of_ten.o)
                              ../../lib/c/libc.a(double_to_str.o) (get_power_of_ten)
../../lib/c/libc.a(sysinfo.o)
                              ../../lib/c/libc.a(time.o) (sysinfo_get_value)
../../lib/c/libc.a(ipc.o)     ../../lib/c/libc.a(async.o) (ipc_call_async_fast)
../../lib/c/libc.a(pio_trace.o)
                              ../../lib/c/libc.a(ddi.o) (pio_trace_log)
../../lib/softint/libsoftint.a(division.o)
                              mkexfat.o (__udivdi3)

Allocating common symbols
Common symbol       size              file

optarg              0x4               ../../lib/c/libc.a(getopt.o)
__pcb               0x4               ../../lib/c/libc.a(pcb.o)
session_ns          0x4               ../../lib/c/libc.a(async.o)
optreset            0x4               ../../lib/c/libc.a(getopt.o)

Discarded input sections

 .debug_line    0x00000000       0x52 /home/pratik/HelenOS_Emacs/helenos/uspace/lib/c/arch/ia32/src/entry.o
 .debug_info    0x00000000       0x6e /home/pratik/HelenOS_Emacs/helenos/uspace/lib/c/arch/ia32/src/entry.o
 .debug_abbrev  0x00000000       0x14 /home/pratik/HelenOS_Emacs/helenos/uspace/lib/c/arch/ia32/src/entry.o
 .debug_aranges
                0x00000000       0x20 /home/pratik/HelenOS_Emacs/helenos/uspace/lib/c/arch/ia32/src/entry.o
 .debug_info    0x00000000     0x2200 mkexfat.o
 .debug_abbrev  0x00000000      0x33b mkexfat.o
 .debug_loc     0x00000000     0x10e8 mkexfat.o
 .debug_aranges
                0x00000000       0x30 mkexfat.o
 .debug_ranges  0x00000000      0x218 mkexfat.o
 .debug_line    0x00000000      0x503 mkexfat.o
 .debug_str     0x00000000      0xbbf mkexfat.o
 .comment       0x00000000       0x12 mkexfat.o
 .note.GNU-stack
                0x00000000        0x0 mkexfat.o
 .eh_frame      0x00000000       0xa8 mkexfat.o
 .debug_info    0x00000000     0x31f2 ../../lib/block/libblock.a(block.o)
 .debug_abbrev  0x00000000      0x49f ../../lib/block/libblock.a(block.o)
 .debug_loc     0x00000000     0x1ee1 ../../lib/block/libblock.a(block.o)
 .debug_aranges
                0x00000000       0x30 ../../lib/block/libblock.a(block.o)
 .debug_ranges  0x00000000      0x628 ../../lib/block/libblock.a(block.o)
 .debug_line    0x00000000      0x7cd ../../lib/block/libblock.a(block.o)
 .debug_str     0x00000000      0xc56 ../../lib/block/libblock.a(block.o)
 .comment       0x00000000       0x12 ../../lib/block/libblock.a(block.o)
 .note.GNU-stack
                0x00000000        0x0 ../../lib/block/libblock.a(block.o)
 .eh_frame      0x00000000      0x434 ../../lib/block/libblock.a(block.o)
 .debug_info    0x00000000      0x79b ../../lib/c/libc.a(libc.o)
 .debug_abbrev  0x00000000      0x21b ../../lib/c/libc.a(libc.o)
 .debug_loc     0x00000000      0x11a ../../lib/c/libc.a(libc.o)
 .debug_aranges
                0x00000000       0x20 ../../lib/c/libc.a(libc.o)
 .debug_line    0x00000000      0x1ad ../../lib/c/libc.a(libc.o)
 .debug_str     0x00000000      0x63d ../../lib/c/libc.a(libc.o)
 .comment       0x00000000       0x12 ../../lib/c/libc.a(libc.o)
 .note.GNU-stack
                0x00000000        0x0 ../../lib/c/libc.a(libc.o)
 .eh_frame      0x00000000       0x70 ../../lib/c/libc.a(libc.o)
 .debug_info    0x00000000      0xcef ../../lib/c/libc.a(bd.o)
 .debug_abbrev  0x00000000      0x22a ../../lib/c/libc.a(bd.o)
 .debug_loc     0x00000000      0x504 ../../lib/c/libc.a(bd.o)
 .debug_aranges
                0x00000000       0x20 ../../lib/c/libc.a(bd.o)
 .debug_line    0x00000000      0x1e8 ../../lib/c/libc.a(bd.o)
 .debug_str     0x00000000      0x759 ../../lib/c/libc.a(bd.o)
 .comment       0x00000000       0x12 ../../lib/c/libc.a(bd.o)
 .note.GNU-stack
                0x00000000        0x0 ../../lib/c/libc.a(bd.o)
 .eh_frame      0x00000000      0x1a0 ../../lib/c/libc.a(bd.o)
 .debug_info    0x00000000     0x49b8 ../../lib/c/libc.a(loc.o)
 .debug_abbrev  0x00000000      0x4b8 ../../lib/c/libc.a(loc.o)
 .debug_loc     0x00000000     0x2c0e ../../lib/c/libc.a(loc.o)
 .debug_aranges
                0x00000000       0x20 ../../lib/c/libc.a(loc.o)
 .debug_ranges  0x00000000     0x15c0 ../../lib/c/libc.a(loc.o)
 .debug_line    0x00000000      0xb86 ../../lib/c/libc.a(loc.o)
 .debug_str     0x00000000      0xf52 ../../lib/c/libc.a(loc.o)
 .comment       0x00000000       0x12 ../../lib/c/libc.a(loc.o)
 .note.GNU-stack
                0x00000000        0x0 ../../lib/c/libc.a(loc.o)
 .eh_frame      0x00000000      0x62c ../../lib/c/libc.a(loc.o)
 .debug_info    0x00000000      0x4d6 ../../lib/c/libc.a(mem.o)
 .debug_abbrev  0x00000000      0x1aa ../../lib/c/libc.a(mem.o)
 .debug_loc     0x00000000      0xa94 ../../lib/c/libc.a(mem.o)
 .debug_aranges
                0x00000000       0x20 ../../lib/c/libc.a(mem.o)
 .debug_ranges  0x00000000      0x110 ../../lib/c/libc.a(mem.o)
 .debug_line    0x00000000      0x199 ../../lib/c/libc.a(mem.o)
 .debug_str     0x00000000      0x169 ../../lib/c/libc.a(mem.o)
 .comment       0x00000000       0x12 ../../lib/c/libc.a(mem.o)
 .note.GNU-stack
                0x00000000        0x0 ../../lib/c/libc.a(mem.o)
 .eh_frame      0x00000000       0xe4 ../../lib/c/libc.a(mem.o)
 .debug_info    0x00000000     0x2e15 ../../lib/c/libc.a(str.o)
 .debug_abbrev  0x00000000      0x38c ../../lib/c/libc.a(str.o)
 .debug_loc     0x00000000     0x5d1d ../../lib/c/libc.a(str.o)
 .debug_aranges
                0x00000000       0x20 ../../lib/c/libc.a(str.o)
 .debug_ranges  0x00000000     0x16a8 ../../lib/c/libc.a(str.o)
 .debug_line    0x00000000      0xf67 ../../lib/c/libc.a(str.o)
 .debug_str     0x00000000      0x4cf ../../lib/c/libc.a(str.o)
 .comment       0x00000000       0x12 ../../lib/c/libc.a(str.o)
 .note.GNU-stack
                0x00000000        0x0 ../../lib/c/libc.a(str.o)
 .eh_frame      0x00000000      0xa18 ../../lib/c/libc.a(str.o)
 .debug_info    0x00000000     0x1090 ../../lib/c/libc.a(fibril.o)
 .debug_abbrev  0x00000000      0x390 ../../lib/c/libc.a(fibril.o)
 .debug_loc     0x00000000      0x96f ../../lib/c/libc.a(fibril.o)
 .debug_aranges
                0x00000000       0x20 ../../lib/c/libc.a(fibril.o)
 .debug_ranges  0x00000000       0x90 ../../lib/c/libc.a(fibril.o)
 .debug_line    0x00000000      0x35b ../../lib/c/libc.a(fibril.o)
 .debug_str     0x00000000      0x860 ../../lib/c/libc.a(fibril.o)
 .comment       0x00000000       0x12 ../../lib/c/libc.a(fibril.o)
 .note.GNU-stack
                0x00000000        0x0 ../../lib/c/libc.a(fibril.o)
 .eh_frame      0x00000000      0x208 ../../lib/c/libc.a(fibril.o)
 .debug_info    0x00000000     0x2d1f ../../lib/c/libc.a(fibril_synch.o)
 .debug_abbrev  0x00000000      0x4d0 ../../lib/c/libc.a(fibril_synch.o)
 .debug_loc     0x00000000     0x19ce ../../lib/c/libc.a(fibril_synch.o)
 .debug_aranges
                0x00000000       0x20 ../../lib/c/libc.a(fibril_synch.o)
 .debug_ranges  0x00000000      0xa10 ../../lib/c/libc.a(fibril_synch.o)
 .debug_line    0x00000000      0x955 ../../lib/c/libc.a(fibril_synch.o)
 .debug_str     0x00000000      0xbb3 ../../lib/c/libc.a(fibril_synch.o)
 .comment       0x00000000       0x12 ../../lib/c/libc.a(fibril_synch.o)
 .note.GNU-stack
                0x00000000        0x0 ../../lib/c/libc.a(fibril_synch.o)
 .eh_frame      0x00000000      0x454 ../../lib/c/libc.a(fibril_synch.o)
 .debug_info    0x00000000      0x10c ../../lib/c/libc.a(pcb.o)
 .debug_abbrev  0x00000000       0x86 ../../lib/c/libc.a(pcb.o)
 .debug_aranges
                0x00000000       0x18 ../../lib/c/libc.a(pcb.o)
 .debug_line    0x00000000       0x52 ../../lib/c/libc.a(pcb.o)
 .debug_str     0x00000000       0xfc ../../lib/c/libc.a(pcb.o)
 .comment       0x00000000       0x12 ../../lib/c/libc.a(pcb.o)
 .note.GNU-stack
                0x00000000        0x0 ../../lib/c/libc.a(pcb.o)
 .debug_info    0x00000000      0x4d2 ../../lib/c/libc.a(tls.o)
 .debug_abbrev  0x00000000      0x1ae ../../lib/c/libc.a(tls.o)
 .debug_loc     0x00000000      0x1d3 ../../lib/c/libc.a(tls.o)
 .debug_aranges
                0x00000000       0x20 ../../lib/c/libc.a(tls.o)
 .debug_line    0x00000000      0x10a ../../lib/c/libc.a(tls.o)
 .debug_str     0x00000000      0x59f ../../lib/c/libc.a(tls.o)
 .comment       0x00000000       0x12 ../../lib/c/libc.a(tls.o)
 .note.GNU-stack
                0x00000000        0x0 ../../lib/c/libc.a(tls.o)
 .eh_frame      0x00000000       0xa8 ../../lib/c/libc.a(tls.o)
 .debug_info    0x00000000      0xe5b ../../lib/c/libc.a(task.o)
 .debug_abbrev  0x00000000      0x2e6 ../../lib/c/libc.a(task.o)
 .debug_loc     0x00000000      0x5d1 ../../lib/c/libc.a(task.o)
 .debug_aranges
                0x00000000       0x20 ../../lib/c/libc.a(task.o)
 .debug_ranges  0x00000000       0xa0 ../../lib/c/libc.a(task.o)
 .debug_line    0x00000000      0x2bc ../../lib/c/libc.a(task.o)
 .debug_str     0x00000000      0x771 ../../lib/c/libc.a(task.o)
 .comment       0x00000000       0x12 ../../lib/c/libc.a(task.o)
 .note.GNU-stack
                0x00000000        0x0 ../../lib/c/libc.a(task.o)
 .eh_frame      0x00000000      0x180 ../../lib/c/libc.a(task.o)
 .debug_info    0x00000000      0x4d2 ../../lib/c/libc.a(futex.o)
 .debug_abbrev  0x00000000      0x1b9 ../../lib/c/libc.a(futex.o)
 .debug_loc     0x00000000      0x18d ../../lib/c/libc.a(futex.o)
 .debug_aranges
                0x00000000       0x20 ../../lib/c/libc.a(futex.o)
 .debug_ranges  0x00000000       0xa0 ../../lib/c/libc.a(futex.o)
 .debug_line    0x00000000      0x135 ../../lib/c/libc.a(futex.o)
 .debug_str     0x00000000      0x54d ../../lib/c/libc.a(futex.o)
 .comment       0x00000000       0x12 ../../lib/c/libc.a(futex.o)
 .note.GNU-stack
                0x00000000        0x0 ../../lib/c/libc.a(futex.o)
 .eh_frame      0x00000000       0xa8 ../../lib/c/libc.a(futex.o)
 .debug_info    0x00000000     0x38d4 ../../lib/c/libc.a(io.o)
 .debug_abbrev  0x00000000      0x46f ../../lib/c/libc.a(io.o)
 .debug_loc     0x00000000     0x2f68 ../../lib/c/libc.a(io.o)
 .debug_aranges
                0x00000000       0x20 ../../lib/c/libc.a(io.o)
 .debug_ranges  0x00000000     0x12f8 ../../lib/c/libc.a(io.o)
 .debug_line    0x00000000      0x98d ../../lib/c/libc.a(io.o)
 .debug_str     0x00000000      0x8c4 ../../lib/c/libc.a(io.o)
 .comment       0x00000000       0x12 ../../lib/c/libc.a(io.o)
 .note.GNU-stack
                0x00000000        0x0 ../../lib/c/libc.a(io.o)
 .eh_frame      0x00000000      0x580 ../../lib/c/libc.a(io.o)
 .debug_info    0x00000000      0x1ba ../../lib/c/libc.a(printf.o)
 .debug_abbrev  0x00000000       0xfe ../../lib/c/libc.a(printf.o)
 .debug_loc     0x00000000       0xc8 ../../lib/c/libc.a(printf.o)
 .debug_aranges
                0x00000000       0x20 ../../lib/c/libc.a(printf.o)
 .debug_line    0x00000000       0x79 ../../lib/c/libc.a(printf.o)
 .debug_str     0x00000000      0x11b ../../lib/c/libc.a(printf.o)
 .comment       0x00000000       0x12 ../../lib/c/libc.a(printf.o)
 .note.GNU-stack
                0x00000000        0x0 ../../lib/c/libc.a(printf.o)
 .eh_frame      0x00000000       0x58 ../../lib/c/libc.a(printf.o)
 .debug_info    0x00000000      0x7d5 ../../lib/c/libc.a(klog.o)
 .debug_abbrev  0x00000000      0x251 ../../lib/c/libc.a(klog.o)
 .debug_loc     0x00000000      0x296 ../../lib/c/libc.a(klog.o)
 .debug_aranges
                0x00000000       0x20 ../../lib/c/libc.a(klog.o)
 .debug_ranges  0x00000000       0x78 ../../lib/c/libc.a(klog.o)
 .debug_line    0x00000000      0x16d ../../lib/c/libc.a(klog.o)
 .debug_str     0x00000000      0x5f2 ../../lib/c/libc.a(klog.o)
 .comment       0x00000000       0x12 ../../lib/c/libc.a(klog.o)
 .note.GNU-stack
                0x00000000        0x0 ../../lib/c/libc.a(klog.o)
 .eh_frame      0x00000000      0x10c ../../lib/c/libc.a(klog.o)
 .debug_info    0x00000000      0x882 ../../lib/c/libc.a(vprintf.o)
 .debug_abbrev  0x00000000      0x24e ../../lib/c/libc.a(vprintf.o)
 .debug_loc     0x00000000      0x170 ../../lib/c/libc.a(vprintf.o)
 .debug_aranges
                0x00000000       0x20 ../../lib/c/libc.a(vprintf.o)
 .debug_line    0x00000000      0x198 ../../lib/c/libc.a(vprintf.o)
 .debug_str     0x00000000      0x67d ../../lib/c/libc.a(vprintf.o)
 .comment       0x00000000       0x12 ../../lib/c/libc.a(vprintf.o)
 .note.GNU-stack
                0x00000000        0x0 ../../lib/c/libc.a(vprintf.o)
 .eh_frame      0x00000000       0xac ../../lib/c/libc.a(vprintf.o)
 .debug_info    0x00000000     0x3192 ../../lib/c/libc.a(printf_core.o)
 .debug_abbrev  0x00000000      0x36b ../../lib/c/libc.a(printf_core.o)
 .debug_loc     0x00000000     0x4155 ../../lib/c/libc.a(printf_core.o)
 .debug_aranges
                0x00000000       0x20 ../../lib/c/libc.a(printf_core.o)
 .debug_ranges  0x00000000      0xbd8 ../../lib/c/libc.a(printf_core.o)
 .debug_line    0x00000000      0x8a8 ../../lib/c/libc.a(printf_core.o)
 .debug_str     0x00000000      0x686 ../../lib/c/libc.a(printf_core.o)
 .comment       0x00000000       0x12 ../../lib/c/libc.a(printf_core.o)
 .note.GNU-stack
                0x00000000        0x0 ../../lib/c/libc.a(printf_core.o)
 .eh_frame      0x00000000      0x1a8 ../../lib/c/libc.a(printf_core.o)
 .debug_info    0x00000000      0x24b ../../lib/c/libc.a(ieee_double.o)
 .debug_abbrev  0x00000000      0x10a ../../lib/c/libc.a(ieee_double.o)
 .debug_loc     0x00000000      0x1e0 ../../lib/c/libc.a(ieee_double.o)
 .debug_aranges
                0x00000000       0x20 ../../lib/c/libc.a(ieee_double.o)
 .debug_line    0x00000000       0xd5 ../../lib/c/libc.a(ieee_double.o)
 .debug_str     0x00000000      0x215 ../../lib/c/libc.a(ieee_double.o)
 .comment       0x00000000       0x12 ../../lib/c/libc.a(ieee_double.o)
 .note.GNU-stack
                0x00000000        0x0 ../../lib/c/libc.a(ieee_double.o)
 .eh_frame      0x00000000       0x48 ../../lib/c/libc.a(ieee_double.o)
 .debug_info    0x00000000     0x1176 ../../lib/c/libc.a(double_to_str.o)
 .debug_abbrev  0x00000000      0x296 ../../lib/c/libc.a(double_to_str.o)
 .debug_loc     0x00000000     0x2b1c ../../lib/c/libc.a(double_to_str.o)
 .debug_aranges
                0x00000000       0x28 ../../lib/c/libc.a(double_to_str.o)
 .debug_ranges  0x00000000      0x588 ../../lib/c/libc.a(double_to_str.o)
 .debug_line    0x00000000      0x569 ../../lib/c/libc.a(double_to_str.o)
 .debug_str     0x00000000      0x40f ../../lib/c/libc.a(double_to_str.o)
 .comment       0x00000000       0x12 ../../lib/c/libc.a(double_to_str.o)
 .note.GNU-stack
                0x00000000        0x0 ../../lib/c/libc.a(double_to_str.o)
 .eh_frame      0x00000000       0xf4 ../../lib/c/libc.a(double_to_str.o)
 .debug_info    0x00000000     0x25a8 ../../lib/c/libc.a(malloc.o)
 .debug_abbrev  0x00000000      0x39b ../../lib/c/libc.a(malloc.o)
 .debug_loc     0x00000000     0x2b6f ../../lib/c/libc.a(malloc.o)
 .debug_aranges
                0x00000000       0x28 ../../lib/c/libc.a(malloc.o)
 .debug_ranges  0x00000000      0x860 ../../lib/c/libc.a(malloc.o)
 .debug_line    0x00000000      0x64f ../../lib/c/libc.a(malloc.o)
 .debug_str     0x00000000      0x3e0 ../../lib/c/libc.a(malloc.o)
 .comment       0x00000000       0x12 ../../lib/c/libc.a(malloc.o)
 .note.GNU-stack
                0x00000000        0x0 ../../lib/c/libc.a(malloc.o)
 .eh_frame      0x00000000      0x264 ../../lib/c/libc.a(malloc.o)
 .debug_info    0x00000000      0xabf ../../lib/c/libc.a(ns.o)
 .debug_abbrev  0x00000000      0x215 ../../lib/c/libc.a(ns.o)
 .debug_loc     0x00000000      0x32f ../../lib/c/libc.a(ns.o)
 .debug_aranges
                0x00000000       0x20 ../../lib/c/libc.a(ns.o)
 .debug_ranges  0x00000000       0x18 ../../lib/c/libc.a(ns.o)
 .debug_line    0x00000000      0x1aa ../../lib/c/libc.a(ns.o)
 .debug_str     0x00000000      0x77c ../../lib/c/libc.a(ns.o)
 .comment       0x00000000       0x12 ../../lib/c/libc.a(ns.o)
 .note.GNU-stack
                0x00000000        0x0 ../../lib/c/libc.a(ns.o)
 .eh_frame      0x00000000      0x11c ../../lib/c/libc.a(ns.o)
 .debug_info    0x00000000     0x9e41 ../../lib/c/libc.a(async.o)
 .debug_abbrev  0x00000000      0x4d1 ../../lib/c/libc.a(async.o)
 .debug_loc     0x00000000     0x6ffb ../../lib/c/libc.a(async.o)
 .debug_aranges
                0x00000000       0x30 ../../lib/c/libc.a(async.o)
 .debug_ranges  0x00000000      0xf00 ../../lib/c/libc.a(async.o)
 .debug_line    0x00000000     0x14dd ../../lib/c/libc.a(async.o)
 .debug_str     0x00000000     0x166c ../../lib/c/libc.a(async.o)
 .comment       0x00000000       0x12 ../../lib/c/libc.a(async.o)
 .note.GNU-stack
                0x00000000        0x0 ../../lib/c/libc.a(async.o)
 .eh_frame      0x00000000     0x1018 ../../lib/c/libc.a(async.o)
 .debug_info    0x00000000     0x10ce ../../lib/c/libc.a(loader.o)
 .debug_abbrev  0x00000000      0x297 ../../lib/c/libc.a(loader.o)
 .debug_loc     0x00000000      0x7a0 ../../lib/c/libc.a(loader.o)
 .debug_aranges
                0x00000000       0x20 ../../lib/c/libc.a(loader.o)
 .debug_line    0x00000000      0x2ab ../../lib/c/libc.a(loader.o)
 .debug_str     0x00000000      0x8e4 ../../lib/c/libc.a(loader.o)
 .comment       0x00000000       0x12 ../../lib/c/libc.a(loader.o)
 .note.GNU-stack
                0x00000000        0x0 ../../lib/c/libc.a(loader.o)
 .eh_frame      0x00000000      0x210 ../../lib/c/libc.a(loader.o)
 .debug_info    0x00000000      0xb24 ../../lib/c/libc.a(getopt.o)
 .debug_abbrev  0x00000000      0x278 ../../lib/c/libc.a(getopt.o)
 .debug_loc     0x00000000      0xef3 ../../lib/c/libc.a(getopt.o)
 .debug_aranges
                0x00000000       0x20 ../../lib/c/libc.a(getopt.o)
 .debug_ranges  0x00000000      0x2c8 ../../lib/c/libc.a(getopt.o)
 .debug_line    0x00000000      0x3d1 ../../lib/c/libc.a(getopt.o)
 .debug_str     0x00000000      0x29c ../../lib/c/libc.a(getopt.o)
 .comment       0x00000000       0x12 ../../lib/c/libc.a(getopt.o)
 .note.GNU-stack
                0x00000000        0x0 ../../lib/c/libc.a(getopt.o)
 .eh_frame      0x00000000       0xf4 ../../lib/c/libc.a(getopt.o)
 .debug_info    0x00000000     0x151a ../../lib/c/libc.a(hash_table.o)
 .debug_abbrev  0x00000000      0x404 ../../lib/c/libc.a(hash_table.o)
 .debug_loc     0x00000000     0x10c4 ../../lib/c/libc.a(hash_table.o)
 .debug_aranges
                0x00000000       0x20 ../../lib/c/libc.a(hash_table.o)
 .debug_ranges  0x00000000      0x420 ../../lib/c/libc.a(hash_table.o)
 .debug_line    0x00000000      0x4e7 ../../lib/c/libc.a(hash_table.o)
 .debug_str     0x00000000      0x3d1 ../../lib/c/libc.a(hash_table.o)
 .comment       0x00000000       0x12 ../../lib/c/libc.a(hash_table.o)
 .note.GNU-stack
                0x00000000        0x0 ../../lib/c/libc.a(hash_table.o)
 .eh_frame      0x00000000      0x30c ../../lib/c/libc.a(hash_table.o)
 .debug_info    0x00000000     0x20b5 ../../lib/c/libc.a(time.o)
 .debug_abbrev  0x00000000      0x443 ../../lib/c/libc.a(time.o)
 .debug_loc     0x00000000     0x2266 ../../lib/c/libc.a(time.o)
 .debug_aranges
                0x00000000       0x20 ../../lib/c/libc.a(time.o)
 .debug_ranges  0x00000000      0x8b8 ../../lib/c/libc.a(time.o)
 .debug_line    0x00000000      0x7b4 ../../lib/c/libc.a(time.o)
 .debug_str     0x00000000      0x94f ../../lib/c/libc.a(time.o)
 .comment       0x00000000       0x12 ../../lib/c/libc.a(time.o)
 .note.GNU-stack
                0x00000000        0x0 ../../lib/c/libc.a(time.o)
 .eh_frame      0x00000000      0x390 ../../lib/c/libc.a(time.o)
 .debug_info    0x00000000     0x477c ../../lib/c/libc.a(vfs.o)
 .debug_abbrev  0x00000000      0x4a6 ../../lib/c/libc.a(vfs.o)
 .debug_loc     0x00000000     0x191c ../../lib/c/libc.a(vfs.o)
 .debug_aranges
                0x00000000       0x20 ../../lib/c/libc.a(vfs.o)
 .debug_ranges  0x00000000      0x538 ../../lib/c/libc.a(vfs.o)
 .debug_line    0x00000000      0x96a ../../lib/c/libc.a(vfs.o)
 .debug_str     0x00000000      0xca7 ../../lib/c/libc.a(vfs.o)
 .comment       0x00000000       0x12 ../../lib/c/libc.a(vfs.o)
 .note.GNU-stack
                0x00000000        0x0 ../../lib/c/libc.a(vfs.o)
 .eh_frame      0x00000000      0x610 ../../lib/c/libc.a(vfs.o)
 .debug_info    0x00000000      0x504 ../../lib/c/libc.a(canonify.o)
 .debug_abbrev  0x00000000      0x1e8 ../../lib/c/libc.a(canonify.o)
 .debug_loc     0x00000000      0x2bc ../../lib/c/libc.a(canonify.o)
 .debug_aranges
                0x00000000       0x20 ../../lib/c/libc.a(canonify.o)
 .debug_ranges  0x00000000       0x40 ../../lib/c/libc.a(canonify.o)
 .debug_line    0x00000000       0xfd ../../lib/c/libc.a(canonify.o)
 .debug_str     0x00000000      0x223 ../../lib/c/libc.a(canonify.o)
 .comment       0x00000000       0x12 ../../lib/c/libc.a(canonify.o)
 .note.GNU-stack
                0x00000000        0x0 ../../lib/c/libc.a(canonify.o)
 .eh_frame      0x00000000      0x148 ../../lib/c/libc.a(canonify.o)
 .debug_info    0x00000000      0x110 ../../lib/c/libc.a(stack.o)
 .debug_abbrev  0x00000000       0xa5 ../../lib/c/libc.a(stack.o)
 .debug_loc     0x00000000       0x38 ../../lib/c/libc.a(stack.o)
 .debug_aranges
                0x00000000       0x20 ../../lib/c/libc.a(stack.o)
 .debug_line    0x00000000       0x9b ../../lib/c/libc.a(stack.o)
 .debug_str     0x00000000      0x10e ../../lib/c/libc.a(stack.o)
 .comment       0x00000000       0x12 ../../lib/c/libc.a(stack.o)
 .note.GNU-stack
                0x00000000        0x0 ../../lib/c/libc.a(stack.o)
 .eh_frame      0x00000000       0x38 ../../lib/c/libc.a(stack.o)
 .debug_info    0x00000000      0x3c9 ../../lib/c/libc.a(stacktrace.o)
 .debug_abbrev  0x00000000      0x1ad ../../lib/c/libc.a(stacktrace.o)
 .debug_loc     0x00000000       0xe5 ../../lib/c/libc.a(stacktrace.o)
 .debug_aranges
                0x00000000       0x20 ../../lib/c/libc.a(stacktrace.o)
 .debug_ranges  0x00000000       0x30 ../../lib/c/libc.a(stacktrace.o)
 .debug_line    0x00000000       0xd4 ../../lib/c/libc.a(stacktrace.o)
 .debug_str     0x00000000      0x1c3 ../../lib/c/libc.a(stacktrace.o)
 .comment       0x00000000       0x12 ../../lib/c/libc.a(stacktrace.o)
 .note.GNU-stack
                0x00000000        0x0 ../../lib/c/libc.a(stacktrace.o)
 .eh_frame      0x00000000       0x90 ../../lib/c/libc.a(stacktrace.o)
 .debug_info    0x00000000      0x21f ../../lib/c/libc.a(assert.o)
 .debug_abbrev  0x00000000      0x153 ../../lib/c/libc.a(assert.o)
 .debug_loc     0x00000000       0x4b ../../lib/c/libc.a(assert.o)
 .debug_aranges
                0x00000000       0x20 ../../lib/c/libc.a(assert.o)
 .debug_line    0x00000000       0xfc ../../lib/c/libc.a(assert.o)
 .debug_str     0x00000000      0x156 ../../lib/c/libc.a(assert.o)
 .comment       0x00000000       0x12 ../../lib/c/libc.a(assert.o)
 .note.GNU-stack
                0x00000000        0x0 ../../lib/c/libc.a(assert.o)
 .eh_frame      0x00000000       0x38 ../../lib/c/libc.a(assert.o)
 .debug_line    0x00000000       0x6f ../../lib/c/libc.a(syscall.o)
 .debug_info    0x00000000       0x70 ../../lib/c/libc.a(syscall.o)
 .debug_abbrev  0x00000000       0x14 ../../lib/c/libc.a(syscall.o)
 .debug_aranges
                0x00000000       0x20 ../../lib/c/libc.a(syscall.o)
 .debug_line    0x00000000       0x5b ../../lib/c/libc.a(fibril.o)
 .debug_info    0x00000000       0x6f ../../lib/c/libc.a(fibril.o)
 .debug_abbrev  0x00000000       0x14 ../../lib/c/libc.a(fibril.o)
 .debug_aranges
                0x00000000       0x20 ../../lib/c/libc.a(fibril.o)
 .debug_info    0x00000000      0x427 ../../lib/c/libc.a(tls.o)
 .debug_abbrev  0x00000000      0x194 ../../lib/c/libc.a(tls.o)
 .debug_loc     0x00000000       0xdc ../../lib/c/libc.a(tls.o)
 .debug_aranges
                0x00000000       0x20 ../../lib/c/libc.a(tls.o)
 .debug_line    0x00000000       0xe8 ../../lib/c/libc.a(tls.o)
 .debug_str     0x00000000      0x59c ../../lib/c/libc.a(tls.o)
 .comment       0x00000000       0x12 ../../lib/c/libc.a(tls.o)
 .note.GNU-stack
                0x00000000        0x0 ../../lib/c/libc.a(tls.o)
 .eh_frame      0x00000000       0x7c ../../lib/c/libc.a(tls.o)
 .debug_info    0x00000000      0x1cb ../../lib/c/libc.a(stacktrace.o)
 .debug_abbrev  0x00000000       0xe1 ../../lib/c/libc.a(stacktrace.o)
 .debug_loc     0x00000000       0xa8 ../../lib/c/libc.a(stacktrace.o)
 .debug_aranges
                0x00000000       0x20 ../../lib/c/libc.a(stacktrace.o)
 .debug_line    0x00000000       0xb1 ../../lib/c/libc.a(stacktrace.o)
 .debug_str     0x00000000      0x138 ../../lib/c/libc.a(stacktrace.o)
 .comment       0x00000000       0x12 ../../lib/c/libc.a(stacktrace.o)
 .note.GNU-stack
                0x00000000        0x0 ../../lib/c/libc.a(stacktrace.o)
 .eh_frame      0x00000000       0x78 ../../lib/c/libc.a(stacktrace.o)
 .debug_line    0x00000000       0x52 ../../lib/c/libc.a(stacktrace_asm.o)
 .debug_info    0x00000000       0x77 ../../lib/c/libc.a(stacktrace_asm.o)
 .debug_abbrev  0x00000000       0x14 ../../lib/c/libc.a(stacktrace_asm.o)
 .debug_aranges
                0x00000000       0x20 ../../lib/c/libc.a(stacktrace_asm.o)
 .debug_info    0x00000000      0xe97 ../../lib/c/libc.a(ddi.o)
 .debug_abbrev  0x00000000      0x260 ../../lib/c/libc.a(ddi.o)
 .debug_loc     0x00000000      0x6f8 ../../lib/c/libc.a(ddi.o)
 .debug_aranges
                0x00000000       0x20 ../../lib/c/libc.a(ddi.o)
 .debug_ranges  0x00000000       0xb0 ../../lib/c/libc.a(ddi.o)
 .debug_line    0x00000000      0x28a ../../lib/c/libc.a(ddi.o)
 .debug_str     0x00000000      0x84a ../../lib/c/libc.a(ddi.o)
 .comment       0x00000000       0x12 ../../lib/c/libc.a(ddi.o)
 .note.GNU-stack
                0x00000000        0x0 ../../lib/c/libc.a(ddi.o)
 .eh_frame      0x00000000      0x274 ../../lib/c/libc.a(ddi.o)
 .debug_info    0x00000000      0x46d ../../lib/c/libc.a(as.o)
 .debug_abbrev  0x00000000       0xcc ../../lib/c/libc.a(as.o)
 .debug_loc     0x00000000      0x118 ../../lib/c/libc.a(as.o)
 .debug_aranges
                0x00000000       0x20 ../../lib/c/libc.a(as.o)
 .debug_line    0x00000000       0xc1 ../../lib/c/libc.a(as.o)
 .debug_str     0x00000000      0x539 ../../lib/c/libc.a(as.o)
 .comment       0x00000000       0x12 ../../lib/c/libc.a(as.o)
 .note.GNU-stack
                0x00000000        0x0 ../../lib/c/libc.a(as.o)
 .eh_frame      0x00000000       0xb8 ../../lib/c/libc.a(as.o)
 .debug_info    0x00000000      0x705 ../../lib/c/libc.a(clock_dev.o)
 .debug_abbrev  0x00000000      0x19e ../../lib/c/libc.a(clock_dev.o)
 .debug_loc     0x00000000      0x192 ../../lib/c/libc.a(clock_dev.o)
 .debug_aranges
                0x00000000       0x20 ../../lib/c/libc.a(clock_dev.o)
 .debug_line    0x00000000      0x199 ../../lib/c/libc.a(clock_dev.o)
 .debug_str     0x00000000      0x71f ../../lib/c/libc.a(clock_dev.o)
 .comment       0x00000000       0x12 ../../lib/c/libc.a(clock_dev.o)
 .note.GNU-stack
                0x00000000        0x0 ../../lib/c/libc.a(clock_dev.o)
 .eh_frame      0x00000000       0x80 ../../lib/c/libc.a(clock_dev.o)
 .debug_info    0x00000000      0x23e ../../lib/c/libc.a(errno.o)
 .debug_abbrev  0x00000000       0xa9 ../../lib/c/libc.a(errno.o)
 .debug_loc     0x00000000       0x38 ../../lib/c/libc.a(errno.o)
 .debug_aranges
                0x00000000       0x20 ../../lib/c/libc.a(errno.o)
 .debug_line    0x00000000       0xa8 ../../lib/c/libc.a(errno.o)
 .debug_str     0x00000000      0x4be ../../lib/c/libc.a(errno.o)
 .comment       0x00000000       0x12 ../../lib/c/libc.a(errno.o)
 .note.GNU-stack
                0x00000000        0x0 ../../lib/c/libc.a(errno.o)
 .eh_frame      0x00000000       0x38 ../../lib/c/libc.a(errno.o)
 .debug_info    0x00000000      0x15a ../../lib/c/libc.a(snprintf.o)
 .debug_abbrev  0x00000000       0xe0 ../../lib/c/libc.a(snprintf.o)
 .debug_loc     0x00000000       0x64 ../../lib/c/libc.a(snprintf.o)
 .debug_aranges
                0x00000000       0x20 ../../lib/c/libc.a(snprintf.o)
 .debug_line    0x00000000       0xa7 ../../lib/c/libc.a(snprintf.o)
 .debug_str     0x00000000      0x110 ../../lib/c/libc.a(snprintf.o)
 .comment       0x00000000       0x12 ../../lib/c/libc.a(snprintf.o)
 .note.GNU-stack
                0x00000000        0x0 ../../lib/c/libc.a(snprintf.o)
 .eh_frame      0x00000000       0x38 ../../lib/c/libc.a(snprintf.o)
 .debug_info    0x00000000      0x468 ../../lib/c/libc.a(vsnprintf.o)
 .debug_abbrev  0x00000000      0x1f6 ../../lib/c/libc.a(vsnprintf.o)
 .debug_loc     0x00000000      0x23a ../../lib/c/libc.a(vsnprintf.o)
 .debug_aranges
                0x00000000       0x20 ../../lib/c/libc.a(vsnprintf.o)
 .debug_ranges  0x00000000       0x20 ../../lib/c/libc.a(vsnprintf.o)
 .debug_line    0x00000000      0x12d ../../lib/c/libc.a(vsnprintf.o)
 .debug_str     0x00000000      0x199 ../../lib/c/libc.a(vsnprintf.o)
 .comment       0x00000000       0x12 ../../lib/c/libc.a(vsnprintf.o)
 .note.GNU-stack
                0x00000000        0x0 ../../lib/c/libc.a(vsnprintf.o)
 .eh_frame      0x00000000       0xbc ../../lib/c/libc.a(vsnprintf.o)
 .debug_info    0x00000000      0x289 ../../lib/c/libc.a(power_of_ten.o)
 .debug_abbrev  0x00000000      0x14e ../../lib/c/libc.a(power_of_ten.o)
 .debug_loc     0x00000000       0x8b ../../lib/c/libc.a(power_of_ten.o)
 .debug_aranges
                0x00000000       0x20 ../../lib/c/libc.a(power_of_ten.o)
 .debug_ranges  0x00000000       0x18 ../../lib/c/libc.a(power_of_ten.o)
 .debug_line    0x00000000       0xd3 ../../lib/c/libc.a(power_of_ten.o)
 .debug_str     0x00000000      0x1ac ../../lib/c/libc.a(power_of_ten.o)
 .comment       0x00000000       0x12 ../../lib/c/libc.a(power_of_ten.o)
 .note.GNU-stack
                0x00000000        0x0 ../../lib/c/libc.a(power_of_ten.o)
 .eh_frame      0x00000000       0x44 ../../lib/c/libc.a(power_of_ten.o)
 .debug_info    0x00000000      0x86b ../../lib/c/libc.a(sysinfo.o)
 .debug_abbrev  0x00000000      0x1a8 ../../lib/c/libc.a(sysinfo.o)
 .debug_loc     0x00000000      0x444 ../../lib/c/libc.a(sysinfo.o)
 .debug_aranges
                0x00000000       0x20 ../../lib/c/libc.a(sysinfo.o)
 .debug_ranges  0x00000000       0x20 ../../lib/c/libc.a(sysinfo.o)
 .debug_line    0x00000000      0x167 ../../lib/c/libc.a(sysinfo.o)
 .debug_str     0x00000000      0x64e ../../lib/c/libc.a(sysinfo.o)
 .comment       0x00000000       0x12 ../../lib/c/libc.a(sysinfo.o)
 .note.GNU-stack
                0x00000000        0x0 ../../lib/c/libc.a(sysinfo.o)
 .eh_frame      0x00000000      0x124 ../../lib/c/libc.a(sysinfo.o)
 .debug_info    0x00000000     0x18bc ../../lib/c/libc.a(ipc.o)
 .debug_abbrev  0x00000000      0x3f1 ../../lib/c/libc.a(ipc.o)
 .debug_loc     0x00000000      0xe78 ../../lib/c/libc.a(ipc.o)
 .debug_aranges
                0x00000000       0x20 ../../lib/c/libc.a(ipc.o)
 .debug_ranges  0x00000000      0x2e8 ../../lib/c/libc.a(ipc.o)
 .debug_line    0x00000000      0x3f1 ../../lib/c/libc.a(ipc.o)
 .debug_str     0x00000000      0x877 ../../lib/c/libc.a(ipc.o)
 .comment       0x00000000       0x12 ../../lib/c/libc.a(ipc.o)
 .note.GNU-stack
                0x00000000        0x0 ../../lib/c/libc.a(ipc.o)
 .eh_frame      0x00000000      0x2a0 ../../lib/c/libc.a(ipc.o)
 .debug_info    0x00000000      0xa2a ../../lib/c/libc.a(pio_trace.o)
 .debug_abbrev  0x00000000      0x281 ../../lib/c/libc.a(pio_trace.o)
 .debug_loc     0x00000000      0x208 ../../lib/c/libc.a(pio_trace.o)
 .debug_aranges
                0x00000000       0x20 ../../lib/c/libc.a(pio_trace.o)
 .debug_ranges  0x00000000       0x70 ../../lib/c/libc.a(pio_trace.o)
 .debug_line    0x00000000      0x1ad ../../lib/c/libc.a(pio_trace.o)
 .debug_str     0x00000000      0x705 ../../lib/c/libc.a(pio_trace.o)
 .comment       0x00000000       0x12 ../../lib/c/libc.a(pio_trace.o)
 .note.GNU-stack
                0x00000000        0x0 ../../lib/c/libc.a(pio_trace.o)
 .eh_frame      0x00000000       0xa0 ../../lib/c/libc.a(pio_trace.o)
 .debug_info    0x00000000      0xa1d ../../lib/softint/libsoftint.a(division.o)
 .debug_abbrev  0x00000000      0x13f ../../lib/softint/libsoftint.a(division.o)
 .debug_loc     0x00000000      0xc03 ../../lib/softint/libsoftint.a(division.o)
 .debug_aranges
                0x00000000       0x20 ../../lib/softint/libsoftint.a(division.o)
 .debug_ranges  0x00000000      0x390 ../../lib/softint/libsoftint.a(division.o)
 .debug_line    0x00000000      0x296 ../../lib/softint/libsoftint.a(division.o)
 .debug_str     0x00000000      0x134 ../../lib/softint/libsoftint.a(division.o)
 .comment       0x00000000       0x12 ../../lib/softint/libsoftint.a(division.o)
 .note.GNU-stack
                0x00000000        0x0 ../../lib/softint/libsoftint.a(division.o)
 .eh_frame      0x00000000      0x294 ../../lib/softint/libsoftint.a(division.o)

Memory Configuration

Name             Origin             Length             Attributes
*default*        0x00000000         0xffffffff

Linker script and memory map

LOAD /home/pratik/HelenOS_Emacs/helenos/uspace/lib/c/arch/ia32/src/entry.o
                0x00001094                . = (0x1000 + SIZEOF_HEADERS)

.init           0x00001094       0x2c
 *(.init)
 .init          0x00001094       0x2c /home/pratik/HelenOS_Emacs/helenos/uspace/lib/c/arch/ia32/src/entry.o
                0x00001094                __entry

.text           0x000010c0    0x23a7c
 *(.text .text.*)
 .text          0x000010c0        0x0 /home/pratik/HelenOS_Emacs/helenos/uspace/lib/c/arch/ia32/src/entry.o
 .text          0x000010c0        0x0 mkexfat.o
 .text.unlikely
                0x000010c0      0x2fc mkexfat.o
 *fill*         0x000013bc        0x4 
 .text.startup  0x000013c0      0xefd mkexfat.o
                0x000013c0                main
 *fill*         0x000022bd        0x3 
 .text          0x000022c0     0x1744 ../../lib/block/libblock.a(block.o)
                0x00002300                block_init
                0x00002470                block_bb_read
                0x000025c0                block_bb_get
                0x00002640                block_cache_init
                0x00002770                block_cache_fini
                0x00002930                block_fini
                0x00002a30                block_put
                0x00002ce0                block_get
                0x000031d0                block_seqread
                0x000033b0                block_read_direct
                0x000034a0                block_write_direct
                0x00003590                block_get_bsize
                0x00003620                block_get_nblocks
                0x000036b0                block_read_bytes_direct
                0x00003940                block_get_toc
 .text.unlikely
                0x00003a04       0x44 ../../lib/block/libblock.a(block.o)
 *fill*         0x00003a48        0x8 
 .text          0x00003a50      0x18c ../../lib/c/libc.a(libc.o)
                0x00003a50                exit
                0x00003ad0                abort
                0x00003b20                __main
 *fill*         0x00003bdc        0x4 
 .text          0x00003be0      0x436 ../../lib/c/libc.a(bd.o)
                0x00003c20                bd_open
                0x00003cc0                bd_close
                0x00003cd0                bd_read_blocks
                0x00003d80                bd_read_toc
                0x00003e40                bd_write_blocks
                0x00003ef0                bd_get_block_size
                0x00003f80                bd_get_num_blocks
 *fill*         0x00004016        0xa 
 .text          0x00004020     0x296b ../../lib/c/libc.a(loc.o)
                0x00004700                loc_exchange_begin_blocking
                0x00004900                loc_exchange_begin
                0x000049f0                loc_exchange_end
                0x00004a00                loc_server_register
                0x00004c40                loc_service_register_with_iface
                0x00004e10                loc_service_register
                0x00004fe0                loc_service_unregister
                0x00005150                loc_service_get_id
                0x000053b0                loc_category_get_name
                0x000053d0                loc_service_get_name
                0x000053f0                loc_service_get_server_name
                0x00005410                loc_namespace_get_id
                0x00005670                loc_category_get_id
                0x000058d0                loc_id_probe
                0x00005a40                loc_service_connect
                0x00005a80                loc_null_create
                0x00005bf0                loc_null_destroy
                0x00005d50                loc_service_add_to_cat
                0x00005ec0                loc_count_namespaces
                0x00006030                loc_count_services
                0x000061a0                loc_get_namespaces
                0x00006480                loc_get_services
                0x00006760                loc_category_get_svcs
                0x00006780                loc_get_categories
                0x000067a0                loc_register_cat_change_cb
 *fill*         0x0000698b        0x5 
 .text          0x00006990      0x6d7 ../../lib/c/libc.a(mem.o)
                0x00006990                memset
                0x00006b10                memcpy
                0x00006d00                memmove
                0x00007030                bcmp
 *fill*         0x00007067        0x9 
 .text          0x00007070     0x3186 ../../lib/c/libc.a(str.o)
                0x000074e0                str_decode
                0x000075e0                str_decode_reverse
                0x00007830                chr_encode
                0x00007920                str_size
                0x00007940                wstr_size
                0x00007960                str_lsize
                0x00007a50                str_nsize
                0x00007a80                wstr_nsize
                0x00007ac0                wstr_lsize
                0x00007b00                str_length
                0x00007be0                wstr_length
                0x00007c00                str_nlength
                0x00007d00                wstr_nlength
                0x00007d40                chr_width
                0x00007d50                str_width
                0x00007e30                ascii_check
                0x00007e40                chr_check
                0x00007e50                str_cmp
                0x00008080                str_lcmp
                0x000082d0                str_test_prefix
                0x000084d0                str_cpy
                0x000086c0                str_ncpy
                0x000088f0                str_append
                0x00008930                spascii_to_str
                0x000089e0                wstr_to_str
                0x00008b30                utf16_to_str
                0x00008ce0                str_to_utf16
                0x00008e60                wstr_to_astr
                0x00009080                str_to_wstr
                0x000091b0                str_to_awstr
                0x000092c0                str_chr
                0x000093c0                str_rtrim
                0x000094f0                str_ltrim
                0x00009620                str_rchr
                0x00009720                wstr_linsert
                0x00009780                wstr_remove
                0x000097d0                stricmp
                0x00009880                strtol
                0x000098c0                str_dup
                0x00009920                str_ndup
                0x00009990                strtoul
                0x000099c0                strtok_r
                0x00009c00                strtok
                0x00009c30                str_uint8_t
                0x00009cd0                str_uint16_t
                0x00009d70                str_uint32_t
                0x00009e10                str_uint64_t
                0x00009e90                str_size_t
                0x00009f30                order_suffix
                0x0000a0f0                bin_order_suffix
 *fill*         0x0000a1f6        0xa 
 .text          0x0000a200      0x70b ../../lib/c/libc.a(fibril.o)
                0x0000a200                fibril_setup
                0x0000a280                fibril_teardown
                0x0000a370                fibril_switch
                0x0000a660                fibril_create
                0x0000a770                fibril_destroy
                0x0000a7a0                fibril_add_ready
                0x0000a810                fibril_add_manager
                0x0000a860                fibril_remove_manager
                0x0000a8b0                fibril_get_id
                0x0000a8c0                fibril_inc_sercount
                0x0000a8e0                fibril_dec_sercount
                0x0000a900                fibril_get_sercount
 *fill*         0x0000a90b        0x5 
 .text          0x0000a910     0x14bb ../../lib/c/libc.a(fibril_synch.o)
                0x0000ab20                fibril_mutex_initialize
                0x0000ab40                fibril_mutex_lock
                0x0000ac10                fibril_mutex_trylock
                0x0000ac60                fibril_mutex_unlock
                0x0000ad70                fibril_mutex_is_locked
                0x0000adb0                fibril_rwlock_initialize
                0x0000ade0                fibril_rwlock_read_lock
                0x0000aec0                fibril_rwlock_write_lock
                0x0000afa0                fibril_rwlock_read_unlock
                0x0000b000                fibril_rwlock_write_unlock
                0x0000b080                fibril_rwlock_is_read_locked
                0x0000b0c0                fibril_rwlock_is_write_locked
                0x0000b120                fibril_rwlock_is_locked
                0x0000b1b0                fibril_condvar_initialize
                0x0000b1c0                fibril_condvar_wait_timeout
                0x0000b790                fibril_condvar_wait
                0x0000b7e0                fibril_condvar_signal
                0x0000b860                fibril_condvar_broadcast
                0x0000b8f0                fibril_timer_create
                0x0000b970                fibril_timer_destroy
                0x0000baf0                fibril_timer_set
                0x0000bc60                fibril_timer_clear
 *fill*         0x0000bdcb        0x1 
 .text          0x0000bdcc        0x0 ../../lib/c/libc.a(pcb.o)
 *fill*         0x0000bdcc        0x4 
 .text          0x0000bdd0      0x122 ../../lib/c/libc.a(tls.o)
                0x0000bdd0                __make_tls
                0x0000be50                __free_tls
                0x0000be80                tls_alloc_variant_2
                0x0000bed0                tls_free_variant_2
 *fill*         0x0000bef2        0xe 
 .text          0x0000bf00      0x611 ../../lib/c/libc.a(task.o)
                0x0000bf00                task_get_id
                0x0000bf50                task_set_name
                0x0000bfd0                task_kill
                0x0000c020                task_spawnvf
                0x0000c0f0                task_spawnv
                0x0000c1a0                task_spawn
                0x0000c2a0                task_spawnl
                0x0000c3b0                task_wait
                0x0000c490                task_retval
 *fill*         0x0000c511        0xf 
 .text          0x0000c520       0xeb ../../lib/c/libc.a(futex.o)
                0x0000c520                futex_initialize
                0x0000c530                futex_trydown
                0x0000c550                futex_down
                0x0000c5b0                futex_up
 *fill*         0x0000c60b        0x5 
 .text          0x0000c610     0x248d ../../lib/c/libc.a(io.o)
                0x0000c6e0                __stdio_init
                0x0000c970                __stdio_done
                0x0000cb40                setvbuf
                0x0000cb70                fopen
                0x0000cd60                fdopen
                0x0000ce60                fclose
                0x0000d010                fread
                0x0000d240                fgetc
                0x0000d4c0                fgets
                0x0000d7f0                getchar
                0x0000dab0                fseek
                0x0000dbf0                ftell
                0x0000dd20                rewind
                0x0000de50                fflush
                0x0000e140                fwrite
                0x0000e2f0                fputs
                0x0000e4a0                puts
                0x0000e650                fputc
                0x0000e810                putchar
                0x0000e9d0                feof
                0x0000e9e0                ferror
                0x0000e9f0                clearerr
                0x0000ea10                fileno
                0x0000ea40                fsession
                0x0000ea80                fhandle
 *fill*         0x0000ea9d        0x3 
 .text          0x0000eaa0       0x4a ../../lib/c/libc.a(printf.o)
                0x0000eaa0                fprintf
                0x0000ead0                printf
 *fill*         0x0000eaea        0x6 
 .text          0x0000eaf0      0x276 ../../lib/c/libc.a(klog.o)
                0x0000ec00                klog_write
                0x0000ec50                klog_update
                0x0000eca0                klog_command
                0x0000ecf0                klog_printf
                0x0000ed30                klog_vprintf
 *fill*         0x0000ed66        0xa 
 .text          0x0000ed70      0x145 ../../lib/c/libc.a(vprintf.o)
                0x0000ee00                vfprintf
                0x0000ee60                vprintf
 *fill*         0x0000eeb5        0xb 
 .text          0x0000eec0     0x261c ../../lib/c/libc.a(printf_core.o)
                0x0000fe10                printf_core
 *fill*         0x000114dc        0x4 
 .text          0x000114e0       0xe5 ../../lib/c/libc.a(ieee_double.o)
                0x000114e0                extract_ieee_double
 *fill*         0x000115c5        0xb 
 .text          0x000115d0     0x14e5 ../../lib/c/libc.a(double_to_str.o)
                0x000115d0                double_to_short_str
                0x000125f0                double_to_fixed_str
 .text.unlikely
                0x00012ab5       0x22 ../../lib/c/libc.a(double_to_str.o)
 *fill*         0x00012ad7        0x9 
 .text          0x00012ae0     0x13f0 ../../lib/c/libc.a(malloc.o)
                0x00013650                __malloc_init
                0x000136f0                calloc
                0x00013750                malloc
                0x00013790                memalign
                0x00013860                free
                0x00013ab0                realloc
                0x00013df0                heap_check
 .text.unlikely
                0x00013ed0       0x2e ../../lib/c/libc.a(malloc.o)
 *fill*         0x00013efe        0x2 
 .text          0x00013f00      0x364 ../../lib/c/libc.a(ns.o)
                0x00013f00                service_register
                0x00013f60                service_connect
                0x00013fe0                service_connect_blocking
                0x00014060                service_bind
                0x00014150                ns_ping
                0x000141e0                ns_intro
 *fill*         0x00014264        0xc 
 .text          0x00014270     0x4891 ../../lib/c/libc.a(async.o)
                0x00014460                reply_received
                0x00014970                awaiter_initialize
                0x000149c0                async_set_client_data_constructor
                0x00014a00                async_set_client_data_destructor
                0x00014a40                async_set_client_connection
                0x00014a80                async_set_interrupt_received
                0x00014a90                async_insert_timeout
                0x00014c60                async_get_call_timeout
                0x00014e80                async_get_client_data
                0x00014ec0                async_get_client_data_by_id
                0x00014fa0                async_put_client_data_by_id
                0x00015110                async_new_connection
                0x00015520                async_create_manager
                0x00015550                async_destroy_manager
                0x00015560                __async_init
                0x00015630                async_send_fast
                0x00015710                async_send_slow
                0x00015800                async_wait_for
                0x000158e0                async_wait_timeout
                0x00015a50                async_forget
                0x00015b10                async_usleep
                0x00015c40                async_req_fast
                0x00015e40                async_req_slow
                0x00016050                async_msg_0
                0x000160b0                async_msg_1
                0x00016110                async_msg_2
                0x00016170                async_msg_3
                0x000161d0                async_msg_4
                0x00016230                async_msg_5
                0x00016290                async_answer_0
                0x000162d0                async_answer_1
                0x00016310                async_answer_2
                0x00016350                async_answer_3
                0x00016390                async_answer_4
                0x000163a0                async_answer_5
                0x000163b0                async_forward_fast
                0x000163e0                async_forward_slow
                0x00016430                async_connect_to_me
                0x000166b0                async_clone_establish
                0x00016920                async_connect_me_to
                0x000169f0                async_sess_args_set
                0x00016a10                async_connect_me_to_blocking
                0x00016ae0                async_connect_kbox
                0x00016b90                async_hangup
                0x00016c80                async_poke
                0x00016c90                async_exchange_begin
                0x00017000                async_exchange_end
                0x00017090                async_share_in_start
                0x00017250                async_share_in_receive
                0x000172c0                async_share_in_finalize
                0x00017300                async_share_out_start
                0x000174a0                async_share_out_receive
                0x00017540                async_share_out_finalize
                0x00017580                async_data_read
                0x00017660                async_data_read_start
                0x00017800                async_data_read_receive
                0x00017860                async_data_read_finalize
                0x000178a0                async_data_read_forward_fast
                0x00017b80                async_data_write_start
                0x00017d20                async_data_write_receive
                0x00017d70                async_data_write_finalize
                0x00017db0                async_data_write_accept
                0x00017f20                async_data_write_void
                0x00017f60                async_data_write_forward_fast
                0x00018240                async_exchange_clone
                0x000183f0                async_clone_receive
                0x00018530                async_callback_receive
                0x00018670                async_callback_receive_start
                0x00018700                async_state_change_start
                0x000188c0                async_state_change_receive
                0x00018940                async_state_change_finalize
                0x00018980                async_remote_state_acquire
                0x000189a0                async_remote_state_update
                0x000189f0                async_remote_state_release
                0x00018a40                async_remote_state_release_exchange
 .text.unlikely
                0x00018b01       0x44 ../../lib/c/libc.a(async.o)
 *fill*         0x00018b45        0xb 
 .text          0x00018b50      0x711 ../../lib/c/libc.a(loader.o)
                0x00018b50                loader_spawn
                0x00018bb0                loader_connect
                0x00018c10                loader_get_task_id
                0x00018cc0                loader_set_cwd
                0x00018de0                loader_set_pathname
                0x00018ec0                loader_set_args
                0x00019000                loader_set_files
                0x00019110                loader_load_program
                0x000191a0                loader_run
                0x00019240                loader_abort
 *fill*         0x00019261        0xf 
 .text          0x00019270      0xc22 ../../lib/c/libc.a(getopt.o)
                0x00019880                getopt
                0x00019a00                getopt_long
 *fill*         0x00019e92        0xe 
 .text          0x00019ea0      0xc34 ../../lib/c/libc.a(hash_table.o)
                0x0001a020                hash_table_create
                0x0001a150                hash_table_destroy
                0x0001a260                hash_table_empty
                0x0001a2a0                hash_table_size
                0x0001a2e0                hash_table_clear
                0x0001a400                hash_table_insert
                0x0001a4d0                hash_table_insert_unique
                0x0001a630                hash_table_find
                0x0001a6d0                hash_table_find_next
                0x0001a780                hash_table_remove
                0x0001a8b0                hash_table_remove_item
                0x0001a990                hash_table_apply
 *fill*         0x0001aad4        0xc 
 .text          0x0001aae0     0x1906 ../../lib/c/libc.a(time.o)
                0x0001b310                tv_add
                0x0001b370                tv_sub
                0x0001b3b0                tv_gt
                0x0001b3e0                tv_gteq
                0x0001b410                getuptime
                0x0001b4e0                gettimeofday
                0x0001b6a0                time
                0x0001b6e0                usleep
                0x0001b730                udelay
                0x0001b780                sleep
                0x0001b800                mktime
                0x0001b870                strftime
                0x0001c0c0                time_utc2tm
                0x0001c130                time_utc2str
                0x0001c200                time_tm2str
                0x0001c2b0                time_local2tm
                0x0001c300                time_local2str
                0x0001c3d0                difftime
 *fill*         0x0001c3e6        0xa 
 .text          0x0001c3f0     0x236d ../../lib/c/libc.a(vfs.o)
                0x0001c3f0                vfs_exchange_begin
                0x0001c460                vfs_exchange_end
                0x0001c470                absolutize
                0x0001c6e0                mount
                0x0001ca20                unmount
                0x0001cb60                open
                0x0001cca0                close
                0x0001cd80                read
                0x0001ce90                write
                0x0001cfb0                read_all
                0x0001d100                write_all
                0x0001d270                fsync
                0x0001d350                lseek
                0x0001d430                ftruncate
                0x0001d510                fstat
                0x0001d620                stat
                0x0001d780                opendir
                0x0001d8f0                readdir
                0x0001da20                rewinddir
                0x0001db00                closedir
                0x0001dbe0                mkdir
                0x0001dd20                unlink
                0x0001dd30                rmdir
                0x0001dd50                rename
                0x0001def0                chdir
                0x0001e150                getcwd
                0x0001e1d0                fd_session
                0x0001e320                dup2
                0x0001e400                fd_wait
                0x0001e4e0                get_mtab_list
 *fill*         0x0001e75d        0x3 
 .text          0x0001e760      0x279 ../../lib/c/libc.a(canonify.o)
                0x0001e850                canonify
 *fill*         0x0001e9d9        0x7 
 .text          0x0001e9e0       0x31 ../../lib/c/libc.a(stack.o)
                0x0001e9e0                stack_size_get
 *fill*         0x0001ea11        0xf 
 .text          0x0001ea20      0x139 ../../lib/c/libc.a(stacktrace.o)
                0x0001ea40                stacktrace_print_fp_pc
                0x0001eac0                stacktrace_print
 *fill*         0x0001eb59        0x7 
 .text          0x0001eb60       0x5d ../../lib/c/libc.a(assert.o)
                0x0001eb60                assert_abort
 *fill*         0x0001ebbd        0x3 
 .text          0x0001ebc0       0x5b ../../lib/c/libc.a(syscall.o)
                0x0001ebc0                __syscall_slow
                0x0001ebe7                __syscall_fast
 *fill*         0x0001ec1b        0x1 
 .text          0x0001ec1c       0x4c ../../lib/c/libc.a(fibril.o)
                0x0001ec1c                context_save
                0x0001ec41                context_restore
 *fill*         0x0001ec68        0x8 
 .text          0x0001ec70       0x51 ../../lib/c/libc.a(tls.o)
                0x0001ec70                __alloc_tls
                0x0001ec80                __free_tls_arch
                0x0001ec90                ___tls_get_addr
 *fill*         0x0001ecc1        0xf 
 .text          0x0001ecd0       0x4a ../../lib/c/libc.a(stacktrace.o)
                0x0001ecd0                stacktrace_fp_valid
                0x0001ece0                stacktrace_fp_prev
                0x0001ed00                stacktrace_ra_get
 *fill*         0x0001ed1a        0x2 
 .text          0x0001ed1c        0x8 ../../lib/c/libc.a(stacktrace_asm.o)
                0x0001ed1c                stacktrace_prepare
                0x0001ed1d                stacktrace_fp_get
                0x0001ed20                stacktrace_pc_get
 *fill*         0x0001ed24        0xc 
 .text          0x0001ed30      0x503 ../../lib/c/libc.a(ddi.o)
                0x0001ed30                device_assign_devno
                0x0001ed80                physmem_map
                0x0001edc0                dmamem_map
                0x0001ee10                dmamem_map_anonymous
                0x0001ee60                dmamem_unmap
                0x0001eeb0                dmamem_unmap_anonymous
                0x0001ef00                pio_enable
                0x0001eff0                pio_write_8
                0x0001f040                pio_write_16
                0x0001f090                pio_write_32
                0x0001f0e0                pio_read_8
                0x0001f120                pio_read_16
                0x0001f160                pio_read_32
                0x0001f1a0                irq_register
                0x0001f1f0                irq_unregister
 *fill*         0x0001f233        0xd 
 .text          0x0001f240      0x183 ../../lib/c/libc.a(as.o)
                0x0001f240                as_area_create
                0x0001f290                as_area_resize
                0x0001f2e0                as_area_destroy
                0x0001f330                as_area_change_flags
                0x0001f380                as_get_physical_mapping
 *fill*         0x0001f3c3        0xd 
 .text          0x0001f3d0      0x15a ../../lib/c/libc.a(clock_dev.o)
                0x0001f3d0                clock_dev_time_get
                0x0001f480                clock_dev_time_set
 *fill*         0x0001f52a        0x6 
 .text          0x0001f530       0x10 ../../lib/c/libc.a(errno.o)
                0x0001f530                __errno
 .text          0x0001f540       0x28 ../../lib/c/libc.a(snprintf.o)
                0x0001f540                snprintf
 *fill*         0x0001f568        0x8 
 .text          0x0001f570      0x1cf ../../lib/c/libc.a(vsnprintf.o)
                0x0001f6f0                vsnprintf
 *fill*         0x0001f73f        0x1 
 .text          0x0001f740      0x108 ../../lib/c/libc.a(power_of_ten.o)
                0x0001f740                get_power_of_ten
 *fill*         0x0001f848        0x8 
 .text          0x0001f850      0x36b ../../lib/c/libc.a(sysinfo.o)
                0x0001f850                sysinfo_get_keys
                0x0001f930                sysinfo_get_val_type
                0x0001f990                sysinfo_get_value
                0x0001f9e0                sysinfo_get_data
                0x0001fac0                sysinfo_get_property
 *fill*         0x0001fbbb        0x5 
 .text          0x0001fbc0      0xab0 ../../lib/c/libc.a(ipc.o)
                0x0001fd00                ipc_call_async_fast
                0x0001ff50                ipc_call_async_slow
                0x00020130                ipc_answer_fast
                0x00020170                ipc_answer_slow
                0x000201e0                ipc_wait_cycle
                0x000202e0                ipc_poke
                0x00020330                ipc_wait_for_call_timeout
                0x00020420                ipc_trywait_for_call
                0x00020520                ipc_hangup
                0x00020570                ipc_forward_fast
                0x000205b0                ipc_forward_slow
                0x00020620                ipc_connect_kbox
 .text          0x00020670      0x1cf ../../lib/c/libc.a(pio_trace.o)
                0x00020670                pio_trace_log
                0x00020730                pio_trace_enable
                0x000207c0                pio_trace_disable
 *fill*         0x0002083f        0x1 
 .text          0x00020840      0x8e2 ../../lib/softint/libsoftint.a(division.o)
                0x00020840                __divsi3
                0x000208c0                __divdi3
                0x00020a10                __udivsi3
                0x00020a60                __udivdi3
                0x00020b50                __modsi3
                0x00020bb0                __moddi3
                0x00020ca0                __umodsi3
                0x00020ce0                __umoddi3
                0x00020d70                __divmodsi3
                0x00020e00                __udivmodsi3
                0x00020e70                __divmoddi3
                0x00021020                __udivmoddi3
 *(.rodata .rodata.*)
 .rodata.str1.1
                0x00021122      0x1a1 mkexfat.o
 *fill*         0x000212c3        0x1 
 .rodata.str1.4
                0x000212c4      0x61d mkexfat.o
 *fill*         0x000218e1       0x1f 
 .rodata        0x00021900     0x170c mkexfat.o
 .rodata.str1.1
                0x0002300c       0x4f ../../lib/block/libblock.a(block.o)
 *fill*         0x0002305b        0x1 
 .rodata.str1.4
                0x0002305c       0x94 ../../lib/block/libblock.a(block.o)
 .rodata.str1.1
                0x000230f0       0x2a ../../lib/c/libc.a(loc.o)
 .rodata.str1.1
                0x0002311a       0x59 ../../lib/c/libc.a(str.o)
                                 0x64 (size before relaxing)
 *fill*         0x00023173        0xd 
 .rodata        0x00023180      0x140 ../../lib/c/libc.a(str.o)
 .rodata.str1.1
                0x000232c0       0x89 ../../lib/c/libc.a(fibril_synch.o)
 *fill*         0x00023349        0x3 
 .rodata.str1.4
                0x0002334c       0xb3 ../../lib/c/libc.a(fibril_synch.o)
 .rodata.str1.1
                0x000233ff       0x21 ../../lib/c/libc.a(task.o)
 .rodata.str1.1
                0x00023420       0x88 ../../lib/c/libc.a(printf_core.o)
 .rodata.str1.4
                0x000234a8       0x26 ../../lib/c/libc.a(printf_core.o)
 *fill*         0x000234ce        0x2 
 .rodata        0x000234d0      0x23d ../../lib/c/libc.a(printf_core.o)
 .rodata.str1.1
                0x0002370d       0xd7 ../../lib/c/libc.a(double_to_str.o)
                                 0xe6 (size before relaxing)
 .rodata.str1.4
                0x000237e4      0x1d1 ../../lib/c/libc.a(double_to_str.o)
 .rodata.str1.1
                0x000239b5       0xf1 ../../lib/c/libc.a(malloc.o)
 *fill*         0x00023aa6        0x2 
 .rodata.str1.4
                0x00023aa8      0x162 ../../lib/c/libc.a(malloc.o)
 .rodata.str1.1
                0x00023c0a       0x8e ../../lib/c/libc.a(async.o)
                                 0x98 (size before relaxing)
 .rodata.str1.4
                0x00023c98       0xd8 ../../lib/c/libc.a(async.o)
 .rodata.str1.1
                0x00023d70        0x2 ../../lib/c/libc.a(loader.o)
 .rodata.str1.1
                0x00023d72       0x34 ../../lib/c/libc.a(getopt.o)
                                 0x45 (size before relaxing)
 *fill*         0x00023da6       0x1a 
 .rodata        0x00023dc0       0xd9 ../../lib/c/libc.a(getopt.o)
 .rodata.str1.1
                0x00023e99       0x5c ../../lib/c/libc.a(hash_table.o)
                                 0x60 (size before relaxing)
 *fill*         0x00023ef5        0x3 
 .rodata.str1.4
                0x00023ef8       0x99 ../../lib/c/libc.a(hash_table.o)
 .rodata.str1.1
                0x00023f91      0x1e4 ../../lib/c/libc.a(time.o)
                                0x20b (size before relaxing)
 *fill*         0x00024175        0xb 
 .rodata        0x00024180      0x32c ../../lib/c/libc.a(time.o)
 .rodata.str1.1
                0x000244ac        0x8 ../../lib/c/libc.a(vfs.o)
                                  0x9 (size before relaxing)
 *fill*         0x000244b4        0xc 
 .rodata        0x000244c0       0xc0 ../../lib/c/libc.a(canonify.o)
 .rodata.str1.1
                0x00024580       0x13 ../../lib/c/libc.a(stack.o)
 .rodata.str1.1
                0x00024593       0x24 ../../lib/c/libc.a(stacktrace.o)
 *fill*         0x000245b7        0x1 
 .rodata.str1.4
                0x000245b8       0x2e ../../lib/c/libc.a(assert.o)
 .rodata.str1.1
                0x000245e6       0x17 ../../lib/c/libc.a(power_of_ten.o)
                                 0x1d (size before relaxing)
 *fill*         0x000245fd        0x3 
 .rodata.str1.4
                0x00024600       0xa4 ../../lib/c/libc.a(power_of_ten.o)
 *fill*         0x000246a4       0x1c 
 .rodata        0x000246c0      0x468 ../../lib/c/libc.a(power_of_ten.o)
 .rodata.str1.1
                0x00024b28       0x14 ../../lib/c/libc.a(pio_trace.o)
                                 0x17 (size before relaxing)
                0x00025b3c                . = (. + 0x1000)

.data           0x00025b40      0x240
 *(.data)
 .data          0x00025b40        0x0 /home/pratik/HelenOS_Emacs/helenos/uspace/lib/c/arch/ia32/src/entry.o
 .data          0x00025b40        0x0 mkexfat.o
 .data          0x00025b40       0x2c ../../lib/block/libblock.a(block.o)
 .data          0x00025b6c        0x0 ../../lib/c/libc.a(libc.o)
 .data          0x00025b6c        0x0 ../../lib/c/libc.a(bd.o)
 .data          0x00025b6c       0x50 ../../lib/c/libc.a(loc.o)
 .data          0x00025bbc        0x0 ../../lib/c/libc.a(mem.o)
 .data          0x00025bbc        0x0 ../../lib/c/libc.a(str.o)
 .data          0x00025bbc       0x1c ../../lib/c/libc.a(fibril.o)
 .data          0x00025bd8        0x0 ../../lib/c/libc.a(fibril_synch.o)
 .data          0x00025bd8        0x0 ../../lib/c/libc.a(pcb.o)
 .data          0x00025bd8        0x0 ../../lib/c/libc.a(tls.o)
 .data          0x00025bd8        0x0 ../../lib/c/libc.a(task.o)
 .data          0x00025bd8        0x0 ../../lib/c/libc.a(futex.o)
 *fill*         0x00025bd8        0x8 
 .data          0x00025be0       0xb8 ../../lib/c/libc.a(io.o)
 .data          0x00025c98        0x0 ../../lib/c/libc.a(printf.o)
 .data          0x00025c98        0x0 ../../lib/c/libc.a(klog.o)
 .data          0x00025c98       0x10 ../../lib/c/libc.a(vprintf.o)
 .data          0x00025ca8        0x0 ../../lib/c/libc.a(printf_core.o)
 .data          0x00025ca8        0x0 ../../lib/c/libc.a(ieee_double.o)
 .data          0x00025ca8        0x0 ../../lib/c/libc.a(double_to_str.o)
 .data          0x00025ca8        0x4 ../../lib/c/libc.a(malloc.o)
 .data          0x00025cac        0x0 ../../lib/c/libc.a(ns.o)
 .data          0x00025cac       0x64 ../../lib/c/libc.a(async.o)
                0x00025cac                async_futex
 .data          0x00025d10        0x0 ../../lib/c/libc.a(loader.o)
 .data          0x00025d10       0x18 ../../lib/c/libc.a(getopt.o)
                0x00025d10                optopt
                0x00025d14                optind
                0x00025d18                opterr
 .data          0x00025d28        0x0 ../../lib/c/libc.a(hash_table.o)
 .data          0x00025d28        0x0 ../../lib/c/libc.a(time.o)
 .data          0x00025d28       0x24 ../../lib/c/libc.a(vfs.o)
 .data          0x00025d4c        0x0 ../../lib/c/libc.a(canonify.o)
 .data          0x00025d4c        0x0 ../../lib/c/libc.a(stack.o)
 .data          0x00025d4c        0x0 ../../lib/c/libc.a(stacktrace.o)
 .data          0x00025d4c        0x0 ../../lib/c/libc.a(assert.o)
 .data          0x00025d4c        0x4 ../../lib/c/libc.a(syscall.o)
                0x00025d4c                __syscall_fast_func
 .data          0x00025d50        0x0 ../../lib/c/libc.a(fibril.o)
 .data          0x00025d50        0x0 ../../lib/c/libc.a(tls.o)
 .data          0x00025d50        0x0 ../../lib/c/libc.a(stacktrace.o)
 .data          0x00025d50        0x0 ../../lib/c/libc.a(stacktrace_asm.o)
 .data          0x00025d50        0x0 ../../lib/c/libc.a(ddi.o)
 .data          0x00025d50        0x0 ../../lib/c/libc.a(as.o)
 .data          0x00025d50        0x0 ../../lib/c/libc.a(clock_dev.o)
 .data          0x00025d50        0x0 ../../lib/c/libc.a(errno.o)
 .data          0x00025d50        0x0 ../../lib/c/libc.a(snprintf.o)
 .data          0x00025d50        0x0 ../../lib/c/libc.a(vsnprintf.o)
 .data          0x00025d50        0x0 ../../lib/c/libc.a(power_of_ten.o)
 .data          0x00025d50        0x0 ../../lib/c/libc.a(sysinfo.o)
 .data          0x00025d50       0x14 ../../lib/c/libc.a(ipc.o)
                0x00025d50                queued_calls
                0x00025d58                dispatched_calls
 .data          0x00025d64       0x1c ../../lib/c/libc.a(pio_trace.o)
 .data          0x00025d80        0x0 ../../lib/softint/libsoftint.a(division.o)

.tdata          0x00025d80        0xc
                0x00025d80                _tdata_start = .
 *(.tdata)
 *(.gnu.linkonce.tb.*)
                0x00025d80                _tdata_end = .
                0x00025d80                _tbss_start = .
 *(.tbss)
 .tbss          0x00025d80        0x4 ../../lib/c/libc.a(fibril.o)
 .tbss          0x00025d84        0x4 ../../lib/c/libc.a(async.o)
 .tbss          0x00025d88        0x4 ../../lib/c/libc.a(errno.o)
                0x00025d8c                _tbss_end = .
                0x00000004                _tls_alignment = ALIGNOF (.tdata)

.bss            0x00025d80       0xa8
 *(.dynbss)
 *(COMMON)
 COMMON         0x00025d80        0x4 ../../lib/c/libc.a(pcb.o)
                0x00025d80                __pcb
 COMMON         0x00025d84        0x4 ../../lib/c/libc.a(async.o)
                0x00025d84                session_ns
 COMMON         0x00025d88        0x8 ../../lib/c/libc.a(getopt.o)
                0x00025d88                optarg
                0x00025d8c                optreset
 *(.bss)
 .bss           0x00025d90        0x0 /home/pratik/HelenOS_Emacs/helenos/uspace/lib/c/arch/ia32/src/entry.o
 .bss           0x00025d90        0x0 mkexfat.o
 .bss           0x00025d90        0x0 ../../lib/block/libblock.a(block.o)
 .bss           0x00025d90        0x1 ../../lib/c/libc.a(libc.o)
 *fill*         0x00025d91        0x3 
 .bss           0x00025d94        0x0 ../../lib/c/libc.a(bd.o)
 .bss           0x00025d94       0x15 ../../lib/c/libc.a(loc.o)
 *fill*         0x00025da9        0x3 
 .bss           0x00025dac        0x0 ../../lib/c/libc.a(mem.o)
 .bss           0x00025dac        0x4 ../../lib/c/libc.a(str.o)
 .bss           0x00025db0        0x8 ../../lib/c/libc.a(fibril.o)
 .bss           0x00025db8        0x0 ../../lib/c/libc.a(fibril_synch.o)
 .bss           0x00025db8        0x0 ../../lib/c/libc.a(pcb.o)
 .bss           0x00025db8        0x0 ../../lib/c/libc.a(tls.o)
 .bss           0x00025db8        0x0 ../../lib/c/libc.a(task.o)
 .bss           0x00025db8        0x0 ../../lib/c/libc.a(futex.o)
 .bss           0x00025db8        0xc ../../lib/c/libc.a(io.o)
                0x00025db8                stderr
                0x00025dbc                stdout
                0x00025dc0                stdin
 .bss           0x00025dc4        0x0 ../../lib/c/libc.a(printf.o)
 .bss           0x00025dc4        0x0 ../../lib/c/libc.a(klog.o)
 .bss           0x00025dc4        0x0 ../../lib/c/libc.a(vprintf.o)
 .bss           0x00025dc4        0x0 ../../lib/c/libc.a(printf_core.o)
 .bss           0x00025dc4        0x0 ../../lib/c/libc.a(ieee_double.o)
 .bss           0x00025dc4        0x0 ../../lib/c/libc.a(double_to_str.o)
 .bss           0x00025dc4        0xc ../../lib/c/libc.a(malloc.o)
 .bss           0x00025dd0        0x0 ../../lib/c/libc.a(ns.o)
 .bss           0x00025dd0       0x3c ../../lib/c/libc.a(async.o)
                0x00025dd0                threads_in_ipc_wait
 .bss           0x00025e0c        0x0 ../../lib/c/libc.a(loader.o)
 .bss           0x00025e0c        0x0 ../../lib/c/libc.a(getopt.o)
 .bss           0x00025e0c        0x0 ../../lib/c/libc.a(hash_table.o)
 .bss           0x00025e0c        0x8 ../../lib/c/libc.a(time.o)
                0x00025e0c                ktime
 .bss           0x00025e14        0xc ../../lib/c/libc.a(vfs.o)
 .bss           0x00025e20        0x0 ../../lib/c/libc.a(canonify.o)
 .bss           0x00025e20        0x4 ../../lib/c/libc.a(stack.o)
 .bss           0x00025e24        0x0 ../../lib/c/libc.a(stacktrace.o)
 .bss           0x00025e24        0x4 ../../lib/c/libc.a(assert.o)
 .bss           0x00025e28        0x0 ../../lib/c/libc.a(syscall.o)
 .bss           0x00025e28        0x0 ../../lib/c/libc.a(fibril.o)
 .bss           0x00025e28        0x0 ../../lib/c/libc.a(tls.o)
 .bss           0x00025e28        0x0 ../../lib/c/libc.a(stacktrace.o)
 .bss           0x00025e28        0x0 ../../lib/c/libc.a(stacktrace_asm.o)
 .bss           0x00025e28        0x0 ../../lib/c/libc.a(ddi.o)
 .bss           0x00025e28        0x0 ../../lib/c/libc.a(as.o)
 .bss           0x00025e28        0x0 ../../lib/c/libc.a(clock_dev.o)
 .bss           0x00025e28        0x0 ../../lib/c/libc.a(errno.o)
 .bss           0x00025e28        0x0 ../../lib/c/libc.a(snprintf.o)
 .bss           0x00025e28        0x0 ../../lib/c/libc.a(vsnprintf.o)
 .bss           0x00025e28        0x0 ../../lib/c/libc.a(power_of_ten.o)
 .bss           0x00025e28        0x0 ../../lib/c/libc.a(sysinfo.o)
 .bss           0x00025e28        0x0 ../../lib/c/libc.a(ipc.o)
 .bss           0x00025e28        0x0 ../../lib/c/libc.a(pio_trace.o)
 .bss           0x00025e28        0x0 ../../lib/softint/libsoftint.a(division.o)

/DISCARD/
 *(*)
LOAD mkexfat.o
LOAD ../../lib/block/libblock.a
LOAD ../../lib/c/libc.a
LOAD ../../lib/softint/libsoftint.a
OUTPUT(mkexfat elf32-i386)
