Archive member included because of file (symbol)

../../lib/c/libc.a(libc.o)    /home/pratik/HelenOS_Emacs/helenos/uspace/lib/c/arch/ia32/src/entry.o (__main)
../../lib/c/libc.a(loc.o)     loc.o (loc_category_get_name)
../../lib/c/libc.a(str.o)     ../../lib/c/libc.a(loc.o) (str_size)
../../lib/c/libc.a(fibril.o)  ../../lib/c/libc.a(libc.o) (fibril_setup)
../../lib/c/libc.a(fibril_synch.o)
                              ../../lib/c/libc.a(loc.o) (fibril_mutex_lock)
../../lib/c/libc.a(pcb.o)     ../../lib/c/libc.a(libc.o) (__pcb)
../../lib/c/libc.a(tls.o)     ../../lib/c/libc.a(fibril.o) (__make_tls)
../../lib/c/libc.a(task.o)    ../../lib/c/libc.a(libc.o) (task_retval)
../../lib/c/libc.a(futex.o)   ../../lib/c/libc.a(fibril.o) (futex_down)
../../lib/c/libc.a(io.o)      ../../lib/c/libc.a(libc.o) (__stdio_init)
../../lib/c/libc.a(printf.o)  loc.o (printf)
../../lib/c/libc.a(klog.o)    ../../lib/c/libc.a(io.o) (klog_write)
../../lib/c/libc.a(vprintf.o)
                              ../../lib/c/libc.a(printf.o) (vfprintf)
../../lib/c/libc.a(printf_core.o)
                              ../../lib/c/libc.a(klog.o) (printf_core)
../../lib/c/libc.a(ieee_double.o)
                              ../../lib/c/libc.a(printf_core.o) (extract_ieee_double)
../../lib/c/libc.a(double_to_str.o)
                              ../../lib/c/libc.a(printf_core.o) (double_to_short_str)
../../lib/c/libc.a(malloc.o)  ../../lib/c/libc.a(libc.o) (__malloc_init)
../../lib/c/libc.a(ns.o)      ../../lib/c/libc.a(loc.o) (service_connect)
../../lib/c/libc.a(async.o)   ../../lib/c/libc.a(fibril_synch.o) (async_futex)
../../lib/c/libc.a(loader.o)  ../../lib/c/libc.a(task.o) (loader_connect)
../../lib/c/libc.a(hash_table.o)
                              ../../lib/c/libc.a(async.o) (hash_table_create)
../../lib/c/libc.a(time.o)    ../../lib/c/libc.a(fibril_synch.o) (tv_add)
../../lib/c/libc.a(vfs.o)     ../../lib/c/libc.a(loader.o) (vfs_exchange_begin)
../../lib/c/libc.a(canonify.o)
                              ../../lib/c/libc.a(vfs.o) (canonify)
../../lib/c/libc.a(stack.o)   ../../lib/c/libc.a(fibril.o) (stack_size_get)
../../lib/c/libc.a(stacktrace.o)
                              ../../lib/c/libc.a(fibril_synch.o) (stacktrace_print_fp_pc)
../../lib/c/libc.a(assert.o)  ../../lib/c/libc.a(loc.o) (assert_abort)
../../lib/c/libc.a(syscall.o)
                              /home/pratik/HelenOS_Emacs/helenos/uspace/lib/c/arch/ia32/src/entry.o (__syscall_fast_func)
../../lib/c/libc.a(fibril.o)  ../../lib/c/libc.a(fibril.o) (context_save)
../../lib/c/libc.a(tls.o)     ../../lib/c/libc.a(tls.o) (__alloc_tls)
../../lib/c/libc.a(stacktrace.o)
                              ../../lib/c/libc.a(stacktrace.o) (stacktrace_fp_valid)
../../lib/c/libc.a(stacktrace_asm.o)
                              ../../lib/c/libc.a(stacktrace.o) (stacktrace_prepare)
../../lib/c/libc.a(ddi.o)     ../../lib/c/libc.a(time.o) (physmem_map)
../../lib/c/libc.a(as.o)      ../../lib/c/libc.a(fibril.o) (as_area_create)
../../lib/c/libc.a(clock_dev.o)
                              ../../lib/c/libc.a(time.o) (clock_dev_time_get)
../../lib/c/libc.a(errno.o)   ../../lib/c/libc.a(loc.o) (__errno)
../../lib/c/libc.a(mem.o)     ../../lib/c/libc.a(tls.o) (memset)
../../lib/c/libc.a(snprintf.o)
                              ../../lib/c/libc.a(time.o) (snprintf)
../../lib/c/libc.a(vsnprintf.o)
                              ../../lib/c/libc.a(snprintf.o) (vsnprintf)
../../lib/c/libc.a(power_of_ten.o)
                              ../../lib/c/libc.a(double_to_str.o) (get_power_of_ten)
../../lib/c/libc.a(sysinfo.o)
                              ../../lib/c/libc.a(time.o) (sysinfo_get_value)
../../lib/c/libc.a(ipc.o)     ../../lib/c/libc.a(async.o) (ipc_call_async_fast)
../../lib/c/libc.a(pio_trace.o)
                              ../../lib/c/libc.a(ddi.o) (pio_trace_log)
../../lib/softint/libsoftint.a(division.o)
                              ../../lib/c/libc.a(str.o) (__udivdi3)

Allocating common symbols
Common symbol       size              file

__pcb               0x4               ../../lib/c/libc.a(pcb.o)
session_ns          0x4               ../../lib/c/libc.a(async.o)

Discarded input sections

 .debug_line    0x00000000       0x52 /home/pratik/HelenOS_Emacs/helenos/uspace/lib/c/arch/ia32/src/entry.o
 .debug_info    0x00000000       0x6e /home/pratik/HelenOS_Emacs/helenos/uspace/lib/c/arch/ia32/src/entry.o
 .debug_abbrev  0x00000000       0x14 /home/pratik/HelenOS_Emacs/helenos/uspace/lib/c/arch/ia32/src/entry.o
 .debug_aranges
                0x00000000       0x20 /home/pratik/HelenOS_Emacs/helenos/uspace/lib/c/arch/ia32/src/entry.o
 .debug_info    0x00000000      0x7ad loc.o
 .debug_abbrev  0x00000000      0x1d6 loc.o
 .debug_loc     0x00000000      0x360 loc.o
 .debug_aranges
                0x00000000       0x28 loc.o
 .debug_ranges  0x00000000       0x58 loc.o
 .debug_line    0x00000000      0x1a6 loc.o
 .debug_str     0x00000000      0x5ec loc.o
 .comment       0x00000000       0x12 loc.o
 .note.GNU-stack
                0x00000000        0x0 loc.o
 .eh_frame      0x00000000       0x84 loc.o
 .debug_info    0x00000000      0x79b ../../lib/c/libc.a(libc.o)
 .debug_abbrev  0x00000000      0x21b ../../lib/c/libc.a(libc.o)
 .debug_loc     0x00000000      0x11a ../../lib/c/libc.a(libc.o)
 .debug_aranges
                0x00000000       0x20 ../../lib/c/libc.a(libc.o)
 .debug_line    0x00000000      0x1ad ../../lib/c/libc.a(libc.o)
 .debug_str     0x00000000      0x63d ../../lib/c/libc.a(libc.o)
 .comment       0x00000000       0x12 ../../lib/c/libc.a(libc.o)
 .note.GNU-stack
                0x00000000        0x0 ../../lib/c/libc.a(libc.o)
 .eh_frame      0x00000000       0x70 ../../lib/c/libc.a(libc.o)
 .debug_info    0x00000000     0x49b8 ../../lib/c/libc.a(loc.o)
 .debug_abbrev  0x00000000      0x4b8 ../../lib/c/libc.a(loc.o)
 .debug_loc     0x00000000     0x2c0e ../../lib/c/libc.a(loc.o)
 .debug_aranges
                0x00000000       0x20 ../../lib/c/libc.a(loc.o)
 .debug_ranges  0x00000000     0x15c0 ../../lib/c/libc.a(loc.o)
 .debug_line    0x00000000      0xb86 ../../lib/c/libc.a(loc.o)
 .debug_str     0x00000000      0xf52 ../../lib/c/libc.a(loc.o)
 .comment       0x00000000       0x12 ../../lib/c/libc.a(loc.o)
 .note.GNU-stack
                0x00000000        0x0 ../../lib/c/libc.a(loc.o)
 .eh_frame      0x00000000      0x62c ../../lib/c/libc.a(loc.o)
 .debug_info    0x00000000     0x2e15 ../../lib/c/libc.a(str.o)
 .debug_abbrev  0x00000000      0x38c ../../lib/c/libc.a(str.o)
 .debug_loc     0x00000000     0x5d1d ../../lib/c/libc.a(str.o)
 .debug_aranges
                0x00000000       0x20 ../../lib/c/libc.a(str.o)
 .debug_ranges  0x00000000     0x16a8 ../../lib/c/libc.a(str.o)
 .debug_line    0x00000000      0xf67 ../../lib/c/libc.a(str.o)
 .debug_str     0x00000000      0x4cf ../../lib/c/libc.a(str.o)
 .comment       0x00000000       0x12 ../../lib/c/libc.a(str.o)
 .note.GNU-stack
                0x00000000        0x0 ../../lib/c/libc.a(str.o)
 .eh_frame      0x00000000      0xa18 ../../lib/c/libc.a(str.o)
 .debug_info    0x00000000     0x1090 ../../lib/c/libc.a(fibril.o)
 .debug_abbrev  0x00000000      0x390 ../../lib/c/libc.a(fibril.o)
 .debug_loc     0x00000000      0x96f ../../lib/c/libc.a(fibril.o)
 .debug_aranges
                0x00000000       0x20 ../../lib/c/libc.a(fibril.o)
 .debug_ranges  0x00000000       0x90 ../../lib/c/libc.a(fibril.o)
 .debug_line    0x00000000      0x35b ../../lib/c/libc.a(fibril.o)
 .debug_str     0x00000000      0x860 ../../lib/c/libc.a(fibril.o)
 .comment       0x00000000       0x12 ../../lib/c/libc.a(fibril.o)
 .note.GNU-stack
                0x00000000        0x0 ../../lib/c/libc.a(fibril.o)
 .eh_frame      0x00000000      0x208 ../../lib/c/libc.a(fibril.o)
 .debug_info    0x00000000     0x2d1f ../../lib/c/libc.a(fibril_synch.o)
 .debug_abbrev  0x00000000      0x4d0 ../../lib/c/libc.a(fibril_synch.o)
 .debug_loc     0x00000000     0x19ce ../../lib/c/libc.a(fibril_synch.o)
 .debug_aranges
                0x00000000       0x20 ../../lib/c/libc.a(fibril_synch.o)
 .debug_ranges  0x00000000      0xa10 ../../lib/c/libc.a(fibril_synch.o)
 .debug_line    0x00000000      0x955 ../../lib/c/libc.a(fibril_synch.o)
 .debug_str     0x00000000      0xbb3 ../../lib/c/libc.a(fibril_synch.o)
 .comment       0x00000000       0x12 ../../lib/c/libc.a(fibril_synch.o)
 .note.GNU-stack
                0x00000000        0x0 ../../lib/c/libc.a(fibril_synch.o)
 .eh_frame      0x00000000      0x454 ../../lib/c/libc.a(fibril_synch.o)
 .debug_info    0x00000000      0x10c ../../lib/c/libc.a(pcb.o)
 .debug_abbrev  0x00000000       0x86 ../../lib/c/libc.a(pcb.o)
 .debug_aranges
                0x00000000       0x18 ../../lib/c/libc.a(pcb.o)
 .debug_line    0x00000000       0x52 ../../lib/c/libc.a(pcb.o)
 .debug_str     0x00000000       0xfc ../../lib/c/libc.a(pcb.o)
 .comment       0x00000000       0x12 ../../lib/c/libc.a(pcb.o)
 .note.GNU-stack
                0x00000000        0x0 ../../lib/c/libc.a(pcb.o)
 .debug_info    0x00000000      0x4d2 ../../lib/c/libc.a(tls.o)
 .debug_abbrev  0x00000000      0x1ae ../../lib/c/libc.a(tls.o)
 .debug_loc     0x00000000      0x1d3 ../../lib/c/libc.a(tls.o)
 .debug_aranges
                0x00000000       0x20 ../../lib/c/libc.a(tls.o)
 .debug_line    0x00000000      0x10a ../../lib/c/libc.a(tls.o)
 .debug_str     0x00000000      0x59f ../../lib/c/libc.a(tls.o)
 .comment       0x00000000       0x12 ../../lib/c/libc.a(tls.o)
 .note.GNU-stack
                0x00000000        0x0 ../../lib/c/libc.a(tls.o)
 .eh_frame      0x00000000       0xa8 ../../lib/c/libc.a(tls.o)
 .debug_info    0x00000000      0xe5b ../../lib/c/libc.a(task.o)
 .debug_abbrev  0x00000000      0x2e6 ../../lib/c/libc.a(task.o)
 .debug_loc     0x00000000      0x5d1 ../../lib/c/libc.a(task.o)
 .debug_aranges
                0x00000000       0x20 ../../lib/c/libc.a(task.o)
 .debug_ranges  0x00000000       0xa0 ../../lib/c/libc.a(task.o)
 .debug_line    0x00000000      0x2bc ../../lib/c/libc.a(task.o)
 .debug_str     0x00000000      0x771 ../../lib/c/libc.a(task.o)
 .comment       0x00000000       0x12 ../../lib/c/libc.a(task.o)
 .note.GNU-stack
                0x00000000        0x0 ../../lib/c/libc.a(task.o)
 .eh_frame      0x00000000      0x180 ../../lib/c/libc.a(task.o)
 .debug_info    0x00000000      0x4d2 ../../lib/c/libc.a(futex.o)
 .debug_abbrev  0x00000000      0x1b9 ../../lib/c/libc.a(futex.o)
 .debug_loc     0x00000000      0x18d ../../lib/c/libc.a(futex.o)
 .debug_aranges
                0x00000000       0x20 ../../lib/c/libc.a(futex.o)
 .debug_ranges  0x00000000       0xa0 ../../lib/c/libc.a(futex.o)
 .debug_line    0x00000000      0x135 ../../lib/c/libc.a(futex.o)
 .debug_str     0x00000000      0x54d ../../lib/c/libc.a(futex.o)
 .comment       0x00000000       0x12 ../../lib/c/libc.a(futex.o)
 .note.GNU-stack
                0x00000000        0x0 ../../lib/c/libc.a(futex.o)
 .eh_frame      0x00000000       0xa8 ../../lib/c/libc.a(futex.o)
 .debug_info    0x00000000     0x38d4 ../../lib/c/libc.a(io.o)
 .debug_abbrev  0x00000000      0x46f ../../lib/c/libc.a(io.o)
 .debug_loc     0x00000000     0x2f68 ../../lib/c/libc.a(io.o)
 .debug_aranges
                0x00000000       0x20 ../../lib/c/libc.a(io.o)
 .debug_ranges  0x00000000     0x12f8 ../../lib/c/libc.a(io.o)
 .debug_line    0x00000000      0x98d ../../lib/c/libc.a(io.o)
 .debug_str     0x00000000      0x8c4 ../../lib/c/libc.a(io.o)
 .comment       0x00000000       0x12 ../../lib/c/libc.a(io.o)
 .note.GNU-stack
                0x00000000        0x0 ../../lib/c/libc.a(io.o)
 .eh_frame      0x00000000      0x580 ../../lib/c/libc.a(io.o)
 .debug_info    0x00000000      0x1ba ../../lib/c/libc.a(printf.o)
 .debug_abbrev  0x00000000       0xfe ../../lib/c/libc.a(printf.o)
 .debug_loc     0x00000000       0xc8 ../../lib/c/libc.a(printf.o)
 .debug_aranges
                0x00000000       0x20 ../../lib/c/libc.a(printf.o)
 .debug_line    0x00000000       0x79 ../../lib/c/libc.a(printf.o)
 .debug_str     0x00000000      0x11b ../../lib/c/libc.a(printf.o)
 .comment       0x00000000       0x12 ../../lib/c/libc.a(printf.o)
 .note.GNU-stack
                0x00000000        0x0 ../../lib/c/libc.a(printf.o)
 .eh_frame      0x00000000       0x58 ../../lib/c/libc.a(printf.o)
 .debug_info    0x00000000      0x7d5 ../../lib/c/libc.a(klog.o)
 .debug_abbrev  0x00000000      0x251 ../../lib/c/libc.a(klog.o)
 .debug_loc     0x00000000      0x296 ../../lib/c/libc.a(klog.o)
 .debug_aranges
                0x00000000       0x20 ../../lib/c/libc.a(klog.o)
 .debug_ranges  0x00000000       0x78 ../../lib/c/libc.a(klog.o)
 .debug_line    0x00000000      0x16d ../../lib/c/libc.a(klog.o)
 .debug_str     0x00000000      0x5f2 ../../lib/c/libc.a(klog.o)
 .comment       0x00000000       0x12 ../../lib/c/libc.a(klog.o)
 .note.GNU-stack
                0x00000000        0x0 ../../lib/c/libc.a(klog.o)
 .eh_frame      0x00000000      0x10c ../../lib/c/libc.a(klog.o)
 .debug_info    0x00000000      0x882 ../../lib/c/libc.a(vprintf.o)
 .debug_abbrev  0x00000000      0x24e ../../lib/c/libc.a(vprintf.o)
 .debug_loc     0x00000000      0x170 ../../lib/c/libc.a(vprintf.o)
 .debug_aranges
                0x00000000       0x20 ../../lib/c/libc.a(vprintf.o)
 .debug_line    0x00000000      0x198 ../../lib/c/libc.a(vprintf.o)
 .debug_str     0x00000000      0x67d ../../lib/c/libc.a(vprintf.o)
 .comment       0x00000000       0x12 ../../lib/c/libc.a(vprintf.o)
 .note.GNU-stack
                0x00000000        0x0 ../../lib/c/libc.a(vprintf.o)
 .eh_frame      0x00000000       0xac ../../lib/c/libc.a(vprintf.o)
 .debug_info    0x00000000     0x3192 ../../lib/c/libc.a(printf_core.o)
 .debug_abbrev  0x00000000      0x36b ../../lib/c/libc.a(printf_core.o)
 .debug_loc     0x00000000     0x4155 ../../lib/c/libc.a(printf_core.o)
 .debug_aranges
                0x00000000       0x20 ../../lib/c/libc.a(printf_core.o)
 .debug_ranges  0x00000000      0xbd8 ../../lib/c/libc.a(printf_core.o)
 .debug_line    0x00000000      0x8a8 ../../lib/c/libc.a(printf_core.o)
 .debug_str     0x00000000      0x686 ../../lib/c/libc.a(printf_core.o)
 .comment       0x00000000       0x12 ../../lib/c/libc.a(printf_core.o)
 .note.GNU-stack
                0x00000000        0x0 ../../lib/c/libc.a(printf_core.o)
 .eh_frame      0x00000000      0x1a8 ../../lib/c/libc.a(printf_core.o)
 .debug_info    0x00000000      0x24b ../../lib/c/libc.a(ieee_double.o)
 .debug_abbrev  0x00000000      0x10a ../../lib/c/libc.a(ieee_double.o)
 .debug_loc     0x00000000      0x1e0 ../../lib/c/libc.a(ieee_double.o)
 .debug_aranges
                0x00000000       0x20 ../../lib/c/libc.a(ieee_double.o)
 .debug_line    0x00000000       0xd5 ../../lib/c/libc.a(ieee_double.o)
 .debug_str     0x00000000      0x215 ../../lib/c/libc.a(ieee_double.o)
 .comment       0x00000000       0x12 ../../lib/c/libc.a(ieee_double.o)
 .note.GNU-stack
                0x00000000        0x0 ../../lib/c/libc.a(ieee_double.o)
 .eh_frame      0x00000000       0x48 ../../lib/c/libc.a(ieee_double.o)
 .debug_info    0x00000000     0x1176 ../../lib/c/libc.a(double_to_str.o)
 .debug_abbrev  0x00000000      0x296 ../../lib/c/libc.a(double_to_str.o)
 .debug_loc     0x00000000     0x2b1c ../../lib/c/libc.a(double_to_str.o)
 .debug_aranges
                0x00000000       0x28 ../../lib/c/libc.a(double_to_str.o)
 .debug_ranges  0x00000000      0x588 ../../lib/c/libc.a(double_to_str.o)
 .debug_line    0x00000000      0x569 ../../lib/c/libc.a(double_to_str.o)
 .debug_str     0x00000000      0x40f ../../lib/c/libc.a(double_to_str.o)
 .comment       0x00000000       0x12 ../../lib/c/libc.a(double_to_str.o)
 .note.GNU-stack
                0x00000000        0x0 ../../lib/c/libc.a(double_to_str.o)
 .eh_frame      0x00000000       0xf4 ../../lib/c/libc.a(double_to_str.o)
 .debug_info    0x00000000     0x25a8 ../../lib/c/libc.a(malloc.o)
 .debug_abbrev  0x00000000      0x39b ../../lib/c/libc.a(malloc.o)
 .debug_loc     0x00000000     0x2b6f ../../lib/c/libc.a(malloc.o)
 .debug_aranges
                0x00000000       0x28 ../../lib/c/libc.a(malloc.o)
 .debug_ranges  0x00000000      0x860 ../../lib/c/libc.a(malloc.o)
 .debug_line    0x00000000      0x64f ../../lib/c/libc.a(malloc.o)
 .debug_str     0x00000000      0x3e0 ../../lib/c/libc.a(malloc.o)
 .comment       0x00000000       0x12 ../../lib/c/libc.a(malloc.o)
 .note.GNU-stack
                0x00000000        0x0 ../../lib/c/libc.a(malloc.o)
 .eh_frame      0x00000000      0x264 ../../lib/c/libc.a(malloc.o)
 .debug_info    0x00000000      0xabf ../../lib/c/libc.a(ns.o)
 .debug_abbrev  0x00000000      0x215 ../../lib/c/libc.a(ns.o)
 .debug_loc     0x00000000      0x32f ../../lib/c/libc.a(ns.o)
 .debug_aranges
                0x00000000       0x20 ../../lib/c/libc.a(ns.o)
 .debug_ranges  0x00000000       0x18 ../../lib/c/libc.a(ns.o)
 .debug_line    0x00000000      0x1aa ../../lib/c/libc.a(ns.o)
 .debug_str     0x00000000      0x77c ../../lib/c/libc.a(ns.o)
 .comment       0x00000000       0x12 ../../lib/c/libc.a(ns.o)
 .note.GNU-stack
                0x00000000        0x0 ../../lib/c/libc.a(ns.o)
 .eh_frame      0x00000000      0x11c ../../lib/c/libc.a(ns.o)
 .debug_info    0x00000000     0x9e41 ../../lib/c/libc.a(async.o)
 .debug_abbrev  0x00000000      0x4d1 ../../lib/c/libc.a(async.o)
 .debug_loc     0x00000000     0x6ffb ../../lib/c/libc.a(async.o)
 .debug_aranges
                0x00000000       0x30 ../../lib/c/libc.a(async.o)
 .debug_ranges  0x00000000      0xf00 ../../lib/c/libc.a(async.o)
 .debug_line    0x00000000     0x14dd ../../lib/c/libc.a(async.o)
 .debug_str     0x00000000     0x166c ../../lib/c/libc.a(async.o)
 .comment       0x00000000       0x12 ../../lib/c/libc.a(async.o)
 .note.GNU-stack
                0x00000000        0x0 ../../lib/c/libc.a(async.o)
 .eh_frame      0x00000000     0x1018 ../../lib/c/libc.a(async.o)
 .debug_info    0x00000000     0x10ce ../../lib/c/libc.a(loader.o)
 .debug_abbrev  0x00000000      0x297 ../../lib/c/libc.a(loader.o)
 .debug_loc     0x00000000      0x7a0 ../../lib/c/libc.a(loader.o)
 .debug_aranges
                0x00000000       0x20 ../../lib/c/libc.a(loader.o)
 .debug_line    0x00000000      0x2ab ../../lib/c/libc.a(loader.o)
 .debug_str     0x00000000      0x8e4 ../../lib/c/libc.a(loader.o)
 .comment       0x00000000       0x12 ../../lib/c/libc.a(loader.o)
 .note.GNU-stack
                0x00000000        0x0 ../../lib/c/libc.a(loader.o)
 .eh_frame      0x00000000      0x210 ../../lib/c/libc.a(loader.o)
 .debug_info    0x00000000     0x151a ../../lib/c/libc.a(hash_table.o)
 .debug_abbrev  0x00000000      0x404 ../../lib/c/libc.a(hash_table.o)
 .debug_loc     0x00000000     0x10c4 ../../lib/c/libc.a(hash_table.o)
 .debug_aranges
                0x00000000       0x20 ../../lib/c/libc.a(hash_table.o)
 .debug_ranges  0x00000000      0x420 ../../lib/c/libc.a(hash_table.o)
 .debug_line    0x00000000      0x4e7 ../../lib/c/libc.a(hash_table.o)
 .debug_str     0x00000000      0x3d1 ../../lib/c/libc.a(hash_table.o)
 .comment       0x00000000       0x12 ../../lib/c/libc.a(hash_table.o)
 .note.GNU-stack
                0x00000000        0x0 ../../lib/c/libc.a(hash_table.o)
 .eh_frame      0x00000000      0x30c ../../lib/c/libc.a(hash_table.o)
 .debug_info    0x00000000     0x20b5 ../../lib/c/libc.a(time.o)
 .debug_abbrev  0x00000000      0x443 ../../lib/c/libc.a(time.o)
 .debug_loc     0x00000000     0x2266 ../../lib/c/libc.a(time.o)
 .debug_aranges
                0x00000000       0x20 ../../lib/c/libc.a(time.o)
 .debug_ranges  0x00000000      0x8b8 ../../lib/c/libc.a(time.o)
 .debug_line    0x00000000      0x7b4 ../../lib/c/libc.a(time.o)
 .debug_str     0x00000000      0x94f ../../lib/c/libc.a(time.o)
 .comment       0x00000000       0x12 ../../lib/c/libc.a(time.o)
 .note.GNU-stack
                0x00000000        0x0 ../../lib/c/libc.a(time.o)
 .eh_frame      0x00000000      0x390 ../../lib/c/libc.a(time.o)
 .debug_info    0x00000000     0x477c ../../lib/c/libc.a(vfs.o)
 .debug_abbrev  0x00000000      0x4a6 ../../lib/c/libc.a(vfs.o)
 .debug_loc     0x00000000     0x191c ../../lib/c/libc.a(vfs.o)
 .debug_aranges
                0x00000000       0x20 ../../lib/c/libc.a(vfs.o)
 .debug_ranges  0x00000000      0x538 ../../lib/c/libc.a(vfs.o)
 .debug_line    0x00000000      0x96a ../../lib/c/libc.a(vfs.o)
 .debug_str     0x00000000      0xca7 ../../lib/c/libc.a(vfs.o)
 .comment       0x00000000       0x12 ../../lib/c/libc.a(vfs.o)
 .note.GNU-stack
                0x00000000        0x0 ../../lib/c/libc.a(vfs.o)
 .eh_frame      0x00000000      0x610 ../../lib/c/libc.a(vfs.o)
 .debug_info    0x00000000      0x504 ../../lib/c/libc.a(canonify.o)
 .debug_abbrev  0x00000000      0x1e8 ../../lib/c/libc.a(canonify.o)
 .debug_loc     0x00000000      0x2bc ../../lib/c/libc.a(canonify.o)
 .debug_aranges
                0x00000000       0x20 ../../lib/c/libc.a(canonify.o)
 .debug_ranges  0x00000000       0x40 ../../lib/c/libc.a(canonify.o)
 .debug_line    0x00000000       0xfd ../../lib/c/libc.a(canonify.o)
 .debug_str     0x00000000      0x223 ../../lib/c/libc.a(canonify.o)
 .comment       0x00000000       0x12 ../../lib/c/libc.a(canonify.o)
 .note.GNU-stack
                0x00000000        0x0 ../../lib/c/libc.a(canonify.o)
 .eh_frame      0x00000000      0x148 ../../lib/c/libc.a(canonify.o)
 .debug_info    0x00000000      0x110 ../../lib/c/libc.a(stack.o)
 .debug_abbrev  0x00000000       0xa5 ../../lib/c/libc.a(stack.o)
 .debug_loc     0x00000000       0x38 ../../lib/c/libc.a(stack.o)
 .debug_aranges
                0x00000000       0x20 ../../lib/c/libc.a(stack.o)
 .debug_line    0x00000000       0x9b ../../lib/c/libc.a(stack.o)
 .debug_str     0x00000000      0x10e ../../lib/c/libc.a(stack.o)
 .comment       0x00000000       0x12 ../../lib/c/libc.a(stack.o)
 .note.GNU-stack
                0x00000000        0x0 ../../lib/c/libc.a(stack.o)
 .eh_frame      0x00000000       0x38 ../../lib/c/libc.a(stack.o)
 .debug_info    0x00000000      0x3c9 ../../lib/c/libc.a(stacktrace.o)
 .debug_abbrev  0x00000000      0x1ad ../../lib/c/libc.a(stacktrace.o)
 .debug_loc     0x00000000       0xe5 ../../lib/c/libc.a(stacktrace.o)
 .debug_aranges
                0x00000000       0x20 ../../lib/c/libc.a(stacktrace.o)
 .debug_ranges  0x00000000       0x30 ../../lib/c/libc.a(stacktrace.o)
 .debug_line    0x00000000       0xd4 ../../lib/c/libc.a(stacktrace.o)
 .debug_str     0x00000000      0x1c3 ../../lib/c/libc.a(stacktrace.o)
 .comment       0x00000000       0x12 ../../lib/c/libc.a(stacktrace.o)
 .note.GNU-stack
                0x00000000        0x0 ../../lib/c/libc.a(stacktrace.o)
 .eh_frame      0x00000000       0x90 ../../lib/c/libc.a(stacktrace.o)
 .debug_info    0x00000000      0x21f ../../lib/c/libc.a(assert.o)
 .debug_abbrev  0x00000000      0x153 ../../lib/c/libc.a(assert.o)
 .debug_loc     0x00000000       0x4b ../../lib/c/libc.a(assert.o)
 .debug_aranges
                0x00000000       0x20 ../../lib/c/libc.a(assert.o)
 .debug_line    0x00000000       0xfc ../../lib/c/libc.a(assert.o)
 .debug_str     0x00000000      0x156 ../../lib/c/libc.a(assert.o)
 .comment       0x00000000       0x12 ../../lib/c/libc.a(assert.o)
 .note.GNU-stack
                0x00000000        0x0 ../../lib/c/libc.a(assert.o)
 .eh_frame      0x00000000       0x38 ../../lib/c/libc.a(assert.o)
 .debug_line    0x00000000       0x6f ../../lib/c/libc.a(syscall.o)
 .debug_info    0x00000000       0x70 ../../lib/c/libc.a(syscall.o)
 .debug_abbrev  0x00000000       0x14 ../../lib/c/libc.a(syscall.o)
 .debug_aranges
                0x00000000       0x20 ../../lib/c/libc.a(syscall.o)
 .debug_line    0x00000000       0x5b ../../lib/c/libc.a(fibril.o)
 .debug_info    0x00000000       0x6f ../../lib/c/libc.a(fibril.o)
 .debug_abbrev  0x00000000       0x14 ../../lib/c/libc.a(fibril.o)
 .debug_aranges
                0x00000000       0x20 ../../lib/c/libc.a(fibril.o)
 .debug_info    0x00000000      0x427 ../../lib/c/libc.a(tls.o)
 .debug_abbrev  0x00000000      0x194 ../../lib/c/libc.a(tls.o)
 .debug_loc     0x00000000       0xdc ../../lib/c/libc.a(tls.o)
 .debug_aranges
                0x00000000       0x20 ../../lib/c/libc.a(tls.o)
 .debug_line    0x00000000       0xe8 ../../lib/c/libc.a(tls.o)
 .debug_str     0x00000000      0x59c ../../lib/c/libc.a(tls.o)
 .comment       0x00000000       0x12 ../../lib/c/libc.a(tls.o)
 .note.GNU-stack
                0x00000000        0x0 ../../lib/c/libc.a(tls.o)
 .eh_frame      0x00000000       0x7c ../../lib/c/libc.a(tls.o)
 .debug_info    0x00000000      0x1cb ../../lib/c/libc.a(stacktrace.o)
 .debug_abbrev  0x00000000       0xe1 ../../lib/c/libc.a(stacktrace.o)
 .debug_loc     0x00000000       0xa8 ../../lib/c/libc.a(stacktrace.o)
 .debug_aranges
                0x00000000       0x20 ../../lib/c/libc.a(stacktrace.o)
 .debug_line    0x00000000       0xb1 ../../lib/c/libc.a(stacktrace.o)
 .debug_str     0x00000000      0x138 ../../lib/c/libc.a(stacktrace.o)
 .comment       0x00000000       0x12 ../../lib/c/libc.a(stacktrace.o)
 .note.GNU-stack
                0x00000000        0x0 ../../lib/c/libc.a(stacktrace.o)
 .eh_frame      0x00000000       0x78 ../../lib/c/libc.a(stacktrace.o)
 .debug_line    0x00000000       0x52 ../../lib/c/libc.a(stacktrace_asm.o)
 .debug_info    0x00000000       0x77 ../../lib/c/libc.a(stacktrace_asm.o)
 .debug_abbrev  0x00000000       0x14 ../../lib/c/libc.a(stacktrace_asm.o)
 .debug_aranges
                0x00000000       0x20 ../../lib/c/libc.a(stacktrace_asm.o)
 .debug_info    0x00000000      0xe97 ../../lib/c/libc.a(ddi.o)
 .debug_abbrev  0x00000000      0x260 ../../lib/c/libc.a(ddi.o)
 .debug_loc     0x00000000      0x6f8 ../../lib/c/libc.a(ddi.o)
 .debug_aranges
                0x00000000       0x20 ../../lib/c/libc.a(ddi.o)
 .debug_ranges  0x00000000       0xb0 ../../lib/c/libc.a(ddi.o)
 .debug_line    0x00000000      0x28a ../../lib/c/libc.a(ddi.o)
 .debug_str     0x00000000      0x84a ../../lib/c/libc.a(ddi.o)
 .comment       0x00000000       0x12 ../../lib/c/libc.a(ddi.o)
 .note.GNU-stack
                0x00000000        0x0 ../../lib/c/libc.a(ddi.o)
 .eh_frame      0x00000000      0x274 ../../lib/c/libc.a(ddi.o)
 .debug_info    0x00000000      0x46d ../../lib/c/libc.a(as.o)
 .debug_abbrev  0x00000000       0xcc ../../lib/c/libc.a(as.o)
 .debug_loc     0x00000000      0x118 ../../lib/c/libc.a(as.o)
 .debug_aranges
                0x00000000       0x20 ../../lib/c/libc.a(as.o)
 .debug_line    0x00000000       0xc1 ../../lib/c/libc.a(as.o)
 .debug_str     0x00000000      0x539 ../../lib/c/libc.a(as.o)
 .comment       0x00000000       0x12 ../../lib/c/libc.a(as.o)
 .note.GNU-stack
                0x00000000        0x0 ../../lib/c/libc.a(as.o)
 .eh_frame      0x00000000       0xb8 ../../lib/c/libc.a(as.o)
 .debug_info    0x00000000      0x705 ../../lib/c/libc.a(clock_dev.o)
 .debug_abbrev  0x00000000      0x19e ../../lib/c/libc.a(clock_dev.o)
 .debug_loc     0x00000000      0x192 ../../lib/c/libc.a(clock_dev.o)
 .debug_aranges
                0x00000000       0x20 ../../lib/c/libc.a(clock_dev.o)
 .debug_line    0x00000000      0x199 ../../lib/c/libc.a(clock_dev.o)
 .debug_str     0x00000000      0x71f ../../lib/c/libc.a(clock_dev.o)
 .comment       0x00000000       0x12 ../../lib/c/libc.a(clock_dev.o)
 .note.GNU-stack
                0x00000000        0x0 ../../lib/c/libc.a(clock_dev.o)
 .eh_frame      0x00000000       0x80 ../../lib/c/libc.a(clock_dev.o)
 .debug_info    0x00000000      0x23e ../../lib/c/libc.a(errno.o)
 .debug_abbrev  0x00000000       0xa9 ../../lib/c/libc.a(errno.o)
 .debug_loc     0x00000000       0x38 ../../lib/c/libc.a(errno.o)
 .debug_aranges
                0x00000000       0x20 ../../lib/c/libc.a(errno.o)
 .debug_line    0x00000000       0xa8 ../../lib/c/libc.a(errno.o)
 .debug_str     0x00000000      0x4be ../../lib/c/libc.a(errno.o)
 .comment       0x00000000       0x12 ../../lib/c/libc.a(errno.o)
 .note.GNU-stack
                0x00000000        0x0 ../../lib/c/libc.a(errno.o)
 .eh_frame      0x00000000       0x38 ../../lib/c/libc.a(errno.o)
 .debug_info    0x00000000      0x4d6 ../../lib/c/libc.a(mem.o)
 .debug_abbrev  0x00000000      0x1aa ../../lib/c/libc.a(mem.o)
 .debug_loc     0x00000000      0xa94 ../../lib/c/libc.a(mem.o)
 .debug_aranges
                0x00000000       0x20 ../../lib/c/libc.a(mem.o)
 .debug_ranges  0x00000000      0x110 ../../lib/c/libc.a(mem.o)
 .debug_line    0x00000000      0x199 ../../lib/c/libc.a(mem.o)
 .debug_str     0x00000000      0x169 ../../lib/c/libc.a(mem.o)
 .comment       0x00000000       0x12 ../../lib/c/libc.a(mem.o)
 .note.GNU-stack
                0x00000000        0x0 ../../lib/c/libc.a(mem.o)
 .eh_frame      0x00000000       0xe4 ../../lib/c/libc.a(mem.o)
 .debug_info    0x00000000      0x15a ../../lib/c/libc.a(snprintf.o)
 .debug_abbrev  0x00000000       0xe0 ../../lib/c/libc.a(snprintf.o)
 .debug_loc     0x00000000       0x64 ../../lib/c/libc.a(snprintf.o)
 .debug_aranges
                0x00000000       0x20 ../../lib/c/libc.a(snprintf.o)
 .debug_line    0x00000000       0xa7 ../../lib/c/libc.a(snprintf.o)
 .debug_str     0x00000000      0x110 ../../lib/c/libc.a(snprintf.o)
 .comment       0x00000000       0x12 ../../lib/c/libc.a(snprintf.o)
 .note.GNU-stack
                0x00000000        0x0 ../../lib/c/libc.a(snprintf.o)
 .eh_frame      0x00000000       0x38 ../../lib/c/libc.a(snprintf.o)
 .debug_info    0x00000000      0x468 ../../lib/c/libc.a(vsnprintf.o)
 .debug_abbrev  0x00000000      0x1f6 ../../lib/c/libc.a(vsnprintf.o)
 .debug_loc     0x00000000      0x23a ../../lib/c/libc.a(vsnprintf.o)
 .debug_aranges
                0x00000000       0x20 ../../lib/c/libc.a(vsnprintf.o)
 .debug_ranges  0x00000000       0x20 ../../lib/c/libc.a(vsnprintf.o)
 .debug_line    0x00000000      0x12d ../../lib/c/libc.a(vsnprintf.o)
 .debug_str     0x00000000      0x199 ../../lib/c/libc.a(vsnprintf.o)
 .comment       0x00000000       0x12 ../../lib/c/libc.a(vsnprintf.o)
 .note.GNU-stack
                0x00000000        0x0 ../../lib/c/libc.a(vsnprintf.o)
 .eh_frame      0x00000000       0xbc ../../lib/c/libc.a(vsnprintf.o)
 .debug_info    0x00000000      0x289 ../../lib/c/libc.a(power_of_ten.o)
 .debug_abbrev  0x00000000      0x14e ../../lib/c/libc.a(power_of_ten.o)
 .debug_loc     0x00000000       0x8b ../../lib/c/libc.a(power_of_ten.o)
 .debug_aranges
                0x00000000       0x20 ../../lib/c/libc.a(power_of_ten.o)
 .debug_ranges  0x00000000       0x18 ../../lib/c/libc.a(power_of_ten.o)
 .debug_line    0x00000000       0xd3 ../../lib/c/libc.a(power_of_ten.o)
 .debug_str     0x00000000      0x1ac ../../lib/c/libc.a(power_of_ten.o)
 .comment       0x00000000       0x12 ../../lib/c/libc.a(power_of_ten.o)
 .note.GNU-stack
                0x00000000        0x0 ../../lib/c/libc.a(power_of_ten.o)
 .eh_frame      0x00000000       0x44 ../../lib/c/libc.a(power_of_ten.o)
 .debug_info    0x00000000      0x86b ../../lib/c/libc.a(sysinfo.o)
 .debug_abbrev  0x00000000      0x1a8 ../../lib/c/libc.a(sysinfo.o)
 .debug_loc     0x00000000      0x444 ../../lib/c/libc.a(sysinfo.o)
 .debug_aranges
                0x00000000       0x20 ../../lib/c/libc.a(sysinfo.o)
 .debug_ranges  0x00000000       0x20 ../../lib/c/libc.a(sysinfo.o)
 .debug_line    0x00000000      0x167 ../../lib/c/libc.a(sysinfo.o)
 .debug_str     0x00000000      0x64e ../../lib/c/libc.a(sysinfo.o)
 .comment       0x00000000       0x12 ../../lib/c/libc.a(sysinfo.o)
 .note.GNU-stack
                0x00000000        0x0 ../../lib/c/libc.a(sysinfo.o)
 .eh_frame      0x00000000      0x124 ../../lib/c/libc.a(sysinfo.o)
 .debug_info    0x00000000     0x18bc ../../lib/c/libc.a(ipc.o)
 .debug_abbrev  0x00000000      0x3f1 ../../lib/c/libc.a(ipc.o)
 .debug_loc     0x00000000      0xe78 ../../lib/c/libc.a(ipc.o)
 .debug_aranges
                0x00000000       0x20 ../../lib/c/libc.a(ipc.o)
 .debug_ranges  0x00000000      0x2e8 ../../lib/c/libc.a(ipc.o)
 .debug_line    0x00000000      0x3f1 ../../lib/c/libc.a(ipc.o)
 .debug_str     0x00000000      0x877 ../../lib/c/libc.a(ipc.o)
 .comment       0x00000000       0x12 ../../lib/c/libc.a(ipc.o)
 .note.GNU-stack
                0x00000000        0x0 ../../lib/c/libc.a(ipc.o)
 .eh_frame      0x00000000      0x2a0 ../../lib/c/libc.a(ipc.o)
 .debug_info    0x00000000      0xa2a ../../lib/c/libc.a(pio_trace.o)
 .debug_abbrev  0x00000000      0x281 ../../lib/c/libc.a(pio_trace.o)
 .debug_loc     0x00000000      0x208 ../../lib/c/libc.a(pio_trace.o)
 .debug_aranges
                0x00000000       0x20 ../../lib/c/libc.a(pio_trace.o)
 .debug_ranges  0x00000000       0x70 ../../lib/c/libc.a(pio_trace.o)
 .debug_line    0x00000000      0x1ad ../../lib/c/libc.a(pio_trace.o)
 .debug_str     0x00000000      0x705 ../../lib/c/libc.a(pio_trace.o)
 .comment       0x00000000       0x12 ../../lib/c/libc.a(pio_trace.o)
 .note.GNU-stack
                0x00000000        0x0 ../../lib/c/libc.a(pio_trace.o)
 .eh_frame      0x00000000       0xa0 ../../lib/c/libc.a(pio_trace.o)
 .debug_info    0x00000000      0xa1d ../../lib/softint/libsoftint.a(division.o)
 .debug_abbrev  0x00000000      0x13f ../../lib/softint/libsoftint.a(division.o)
 .debug_loc     0x00000000      0xc03 ../../lib/softint/libsoftint.a(division.o)
 .debug_aranges
                0x00000000       0x20 ../../lib/softint/libsoftint.a(division.o)
 .debug_ranges  0x00000000      0x390 ../../lib/softint/libsoftint.a(division.o)
 .debug_line    0x00000000      0x296 ../../lib/softint/libsoftint.a(division.o)
 .debug_str     0x00000000      0x134 ../../lib/softint/libsoftint.a(division.o)
 .comment       0x00000000       0x12 ../../lib/softint/libsoftint.a(division.o)
 .note.GNU-stack
                0x00000000        0x0 ../../lib/softint/libsoftint.a(division.o)
 .eh_frame      0x00000000      0x294 ../../lib/softint/libsoftint.a(division.o)

Memory Configuration

Name             Origin             Length             Attributes
*default*        0x00000000         0xffffffff

Linker script and memory map

LOAD /home/pratik/HelenOS_Emacs/helenos/uspace/lib/c/arch/ia32/src/entry.o
                0x00001094                . = (0x1000 + SIZEOF_HEADERS)

.init           0x00001094       0x2c
 *(.init)
 .init          0x00001094       0x2c /home/pratik/HelenOS_Emacs/helenos/uspace/lib/c/arch/ia32/src/entry.o
                0x00001094                __entry

.text           0x000010c0    0x1e45c
 *(.text .text.*)
 .text          0x000010c0        0x0 /home/pratik/HelenOS_Emacs/helenos/uspace/lib/c/arch/ia32/src/entry.o
 .text          0x000010c0      0x14b loc.o
 *fill*         0x0000120b        0x5 
 .text.startup  0x00001210      0x1cc loc.o
                0x00001210                main
 *fill*         0x000013dc        0x4 
 .text          0x000013e0      0x18c ../../lib/c/libc.a(libc.o)
                0x000013e0                exit
                0x00001460                abort
                0x000014b0                __main
 *fill*         0x0000156c        0x4 
 .text          0x00001570     0x296b ../../lib/c/libc.a(loc.o)
                0x00001c50                loc_exchange_begin_blocking
                0x00001e50                loc_exchange_begin
                0x00001f40                loc_exchange_end
                0x00001f50                loc_server_register
                0x00002190                loc_service_register_with_iface
                0x00002360                loc_service_register
                0x00002530                loc_service_unregister
                0x000026a0                loc_service_get_id
                0x00002900                loc_category_get_name
                0x00002920                loc_service_get_name
                0x00002940                loc_service_get_server_name
                0x00002960                loc_namespace_get_id
                0x00002bc0                loc_category_get_id
                0x00002e20                loc_id_probe
                0x00002f90                loc_service_connect
                0x00002fd0                loc_null_create
                0x00003140                loc_null_destroy
                0x000032a0                loc_service_add_to_cat
                0x00003410                loc_count_namespaces
                0x00003580                loc_count_services
                0x000036f0                loc_get_namespaces
                0x000039d0                loc_get_services
                0x00003cb0                loc_category_get_svcs
                0x00003cd0                loc_get_categories
                0x00003cf0                loc_register_cat_change_cb
 *fill*         0x00003edb        0x5 
 .text          0x00003ee0     0x3186 ../../lib/c/libc.a(str.o)
                0x00004350                str_decode
                0x00004450                str_decode_reverse
                0x000046a0                chr_encode
                0x00004790                str_size
                0x000047b0                wstr_size
                0x000047d0                str_lsize
                0x000048c0                str_nsize
                0x000048f0                wstr_nsize
                0x00004930                wstr_lsize
                0x00004970                str_length
                0x00004a50                wstr_length
                0x00004a70                str_nlength
                0x00004b70                wstr_nlength
                0x00004bb0                chr_width
                0x00004bc0                str_width
                0x00004ca0                ascii_check
                0x00004cb0                chr_check
                0x00004cc0                str_cmp
                0x00004ef0                str_lcmp
                0x00005140                str_test_prefix
                0x00005340                str_cpy
                0x00005530                str_ncpy
                0x00005760                str_append
                0x000057a0                spascii_to_str
                0x00005850                wstr_to_str
                0x000059a0                utf16_to_str
                0x00005b50                str_to_utf16
                0x00005cd0                wstr_to_astr
                0x00005ef0                str_to_wstr
                0x00006020                str_to_awstr
                0x00006130                str_chr
                0x00006230                str_rtrim
                0x00006360                str_ltrim
                0x00006490                str_rchr
                0x00006590                wstr_linsert
                0x000065f0                wstr_remove
                0x00006640                stricmp
                0x000066f0                strtol
                0x00006730                str_dup
                0x00006790                str_ndup
                0x00006800                strtoul
                0x00006830                strtok_r
                0x00006a70                strtok
                0x00006aa0                str_uint8_t
                0x00006b40                str_uint16_t
                0x00006be0                str_uint32_t
                0x00006c80                str_uint64_t
                0x00006d00                str_size_t
                0x00006da0                order_suffix
                0x00006f60                bin_order_suffix
 *fill*         0x00007066        0xa 
 .text          0x00007070      0x70b ../../lib/c/libc.a(fibril.o)
                0x00007070                fibril_setup
                0x000070f0                fibril_teardown
                0x000071e0                fibril_switch
                0x000074d0                fibril_create
                0x000075e0                fibril_destroy
                0x00007610                fibril_add_ready
                0x00007680                fibril_add_manager
                0x000076d0                fibril_remove_manager
                0x00007720                fibril_get_id
                0x00007730                fibril_inc_sercount
                0x00007750                fibril_dec_sercount
                0x00007770                fibril_get_sercount
 *fill*         0x0000777b        0x5 
 .text          0x00007780     0x14bb ../../lib/c/libc.a(fibril_synch.o)
                0x00007990                fibril_mutex_initialize
                0x000079b0                fibril_mutex_lock
                0x00007a80                fibril_mutex_trylock
                0x00007ad0                fibril_mutex_unlock
                0x00007be0                fibril_mutex_is_locked
                0x00007c20                fibril_rwlock_initialize
                0x00007c50                fibril_rwlock_read_lock
                0x00007d30                fibril_rwlock_write_lock
                0x00007e10                fibril_rwlock_read_unlock
                0x00007e70                fibril_rwlock_write_unlock
                0x00007ef0                fibril_rwlock_is_read_locked
                0x00007f30                fibril_rwlock_is_write_locked
                0x00007f90                fibril_rwlock_is_locked
                0x00008020                fibril_condvar_initialize
                0x00008030                fibril_condvar_wait_timeout
                0x00008600                fibril_condvar_wait
                0x00008650                fibril_condvar_signal
                0x000086d0                fibril_condvar_broadcast
                0x00008760                fibril_timer_create
                0x000087e0                fibril_timer_destroy
                0x00008960                fibril_timer_set
                0x00008ad0                fibril_timer_clear
 *fill*         0x00008c3b        0x1 
 .text          0x00008c3c        0x0 ../../lib/c/libc.a(pcb.o)
 *fill*         0x00008c3c        0x4 
 .text          0x00008c40      0x122 ../../lib/c/libc.a(tls.o)
                0x00008c40                __make_tls
                0x00008cc0                __free_tls
                0x00008cf0                tls_alloc_variant_2
                0x00008d40                tls_free_variant_2
 *fill*         0x00008d62        0xe 
 .text          0x00008d70      0x611 ../../lib/c/libc.a(task.o)
                0x00008d70                task_get_id
                0x00008dc0                task_set_name
                0x00008e40                task_kill
                0x00008e90                task_spawnvf
                0x00008f60                task_spawnv
                0x00009010                task_spawn
                0x00009110                task_spawnl
                0x00009220                task_wait
                0x00009300                task_retval
 *fill*         0x00009381        0xf 
 .text          0x00009390       0xeb ../../lib/c/libc.a(futex.o)
                0x00009390                futex_initialize
                0x000093a0                futex_trydown
                0x000093c0                futex_down
                0x00009420                futex_up
 *fill*         0x0000947b        0x5 
 .text          0x00009480     0x248d ../../lib/c/libc.a(io.o)
                0x00009550                __stdio_init
                0x000097e0                __stdio_done
                0x000099b0                setvbuf
                0x000099e0                fopen
                0x00009bd0                fdopen
                0x00009cd0                fclose
                0x00009e80                fread
                0x0000a0b0                fgetc
                0x0000a330                fgets
                0x0000a660                getchar
                0x0000a920                fseek
                0x0000aa60                ftell
                0x0000ab90                rewind
                0x0000acc0                fflush
                0x0000afb0                fwrite
                0x0000b160                fputs
                0x0000b310                puts
                0x0000b4c0                fputc
                0x0000b680                putchar
                0x0000b840                feof
                0x0000b850                ferror
                0x0000b860                clearerr
                0x0000b880                fileno
                0x0000b8b0                fsession
                0x0000b8f0                fhandle
 *fill*         0x0000b90d        0x3 
 .text          0x0000b910       0x4a ../../lib/c/libc.a(printf.o)
                0x0000b910                fprintf
                0x0000b940                printf
 *fill*         0x0000b95a        0x6 
 .text          0x0000b960      0x276 ../../lib/c/libc.a(klog.o)
                0x0000ba70                klog_write
                0x0000bac0                klog_update
                0x0000bb10                klog_command
                0x0000bb60                klog_printf
                0x0000bba0                klog_vprintf
 *fill*         0x0000bbd6        0xa 
 .text          0x0000bbe0      0x145 ../../lib/c/libc.a(vprintf.o)
                0x0000bc70                vfprintf
                0x0000bcd0                vprintf
 *fill*         0x0000bd25        0xb 
 .text          0x0000bd30     0x261c ../../lib/c/libc.a(printf_core.o)
                0x0000cc80                printf_core
 *fill*         0x0000e34c        0x4 
 .text          0x0000e350       0xe5 ../../lib/c/libc.a(ieee_double.o)
                0x0000e350                extract_ieee_double
 *fill*         0x0000e435        0xb 
 .text          0x0000e440     0x14e5 ../../lib/c/libc.a(double_to_str.o)
                0x0000e440                double_to_short_str
                0x0000f460                double_to_fixed_str
 .text.unlikely
                0x0000f925       0x22 ../../lib/c/libc.a(double_to_str.o)
 *fill*         0x0000f947        0x9 
 .text          0x0000f950     0x13f0 ../../lib/c/libc.a(malloc.o)
                0x000104c0                __malloc_init
                0x00010560                calloc
                0x000105c0                malloc
                0x00010600                memalign
                0x000106d0                free
                0x00010920                realloc
                0x00010c60                heap_check
 .text.unlikely
                0x00010d40       0x2e ../../lib/c/libc.a(malloc.o)
 *fill*         0x00010d6e        0x2 
 .text          0x00010d70      0x364 ../../lib/c/libc.a(ns.o)
                0x00010d70                service_register
                0x00010dd0                service_connect
                0x00010e50                service_connect_blocking
                0x00010ed0                service_bind
                0x00010fc0                ns_ping
                0x00011050                ns_intro
 *fill*         0x000110d4        0xc 
 .text          0x000110e0     0x4891 ../../lib/c/libc.a(async.o)
                0x000112d0                reply_received
                0x000117e0                awaiter_initialize
                0x00011830                async_set_client_data_constructor
                0x00011870                async_set_client_data_destructor
                0x000118b0                async_set_client_connection
                0x000118f0                async_set_interrupt_received
                0x00011900                async_insert_timeout
                0x00011ad0                async_get_call_timeout
                0x00011cf0                async_get_client_data
                0x00011d30                async_get_client_data_by_id
                0x00011e10                async_put_client_data_by_id
                0x00011f80                async_new_connection
                0x00012390                async_create_manager
                0x000123c0                async_destroy_manager
                0x000123d0                __async_init
                0x000124a0                async_send_fast
                0x00012580                async_send_slow
                0x00012670                async_wait_for
                0x00012750                async_wait_timeout
                0x000128c0                async_forget
                0x00012980                async_usleep
                0x00012ab0                async_req_fast
                0x00012cb0                async_req_slow
                0x00012ec0                async_msg_0
                0x00012f20                async_msg_1
                0x00012f80                async_msg_2
                0x00012fe0                async_msg_3
                0x00013040                async_msg_4
                0x000130a0                async_msg_5
                0x00013100                async_answer_0
                0x00013140                async_answer_1
                0x00013180                async_answer_2
                0x000131c0                async_answer_3
                0x00013200                async_answer_4
                0x00013210                async_answer_5
                0x00013220                async_forward_fast
                0x00013250                async_forward_slow
                0x000132a0                async_connect_to_me
                0x00013520                async_clone_establish
                0x00013790                async_connect_me_to
                0x00013860                async_sess_args_set
                0x00013880                async_connect_me_to_blocking
                0x00013950                async_connect_kbox
                0x00013a00                async_hangup
                0x00013af0                async_poke
                0x00013b00                async_exchange_begin
                0x00013e70                async_exchange_end
                0x00013f00                async_share_in_start
                0x000140c0                async_share_in_receive
                0x00014130                async_share_in_finalize
                0x00014170                async_share_out_start
                0x00014310                async_share_out_receive
                0x000143b0                async_share_out_finalize
                0x000143f0                async_data_read
                0x000144d0                async_data_read_start
                0x00014670                async_data_read_receive
                0x000146d0                async_data_read_finalize
                0x00014710                async_data_read_forward_fast
                0x000149f0                async_data_write_start
                0x00014b90                async_data_write_receive
                0x00014be0                async_data_write_finalize
                0x00014c20                async_data_write_accept
                0x00014d90                async_data_write_void
                0x00014dd0                async_data_write_forward_fast
                0x000150b0                async_exchange_clone
                0x00015260                async_clone_receive
                0x000153a0                async_callback_receive
                0x000154e0                async_callback_receive_start
                0x00015570                async_state_change_start
                0x00015730                async_state_change_receive
                0x000157b0                async_state_change_finalize
                0x000157f0                async_remote_state_acquire
                0x00015810                async_remote_state_update
                0x00015860                async_remote_state_release
                0x000158b0                async_remote_state_release_exchange
 .text.unlikely
                0x00015971       0x44 ../../lib/c/libc.a(async.o)
 *fill*         0x000159b5        0xb 
 .text          0x000159c0      0x711 ../../lib/c/libc.a(loader.o)
                0x000159c0                loader_spawn
                0x00015a20                loader_connect
                0x00015a80                loader_get_task_id
                0x00015b30                loader_set_cwd
                0x00015c50                loader_set_pathname
                0x00015d30                loader_set_args
                0x00015e70                loader_set_files
                0x00015f80                loader_load_program
                0x00016010                loader_run
                0x000160b0                loader_abort
 *fill*         0x000160d1        0xf 
 .text          0x000160e0      0xc34 ../../lib/c/libc.a(hash_table.o)
                0x00016260                hash_table_create
                0x00016390                hash_table_destroy
                0x000164a0                hash_table_empty
                0x000164e0                hash_table_size
                0x00016520                hash_table_clear
                0x00016640                hash_table_insert
                0x00016710                hash_table_insert_unique
                0x00016870                hash_table_find
                0x00016910                hash_table_find_next
                0x000169c0                hash_table_remove
                0x00016af0                hash_table_remove_item
                0x00016bd0                hash_table_apply
 *fill*         0x00016d14        0xc 
 .text          0x00016d20     0x1906 ../../lib/c/libc.a(time.o)
                0x00017550                tv_add
                0x000175b0                tv_sub
                0x000175f0                tv_gt
                0x00017620                tv_gteq
                0x00017650                getuptime
                0x00017720                gettimeofday
                0x000178e0                time
                0x00017920                usleep
                0x00017970                udelay
                0x000179c0                sleep
                0x00017a40                mktime
                0x00017ab0                strftime
                0x00018300                time_utc2tm
                0x00018370                time_utc2str
                0x00018440                time_tm2str
                0x000184f0                time_local2tm
                0x00018540                time_local2str
                0x00018610                difftime
 *fill*         0x00018626        0xa 
 .text          0x00018630     0x236d ../../lib/c/libc.a(vfs.o)
                0x00018630                vfs_exchange_begin
                0x000186a0                vfs_exchange_end
                0x000186b0                absolutize
                0x00018920                mount
                0x00018c60                unmount
                0x00018da0                open
                0x00018ee0                close
                0x00018fc0                read
                0x000190d0                write
                0x000191f0                read_all
                0x00019340                write_all
                0x000194b0                fsync
                0x00019590                lseek
                0x00019670                ftruncate
                0x00019750                fstat
                0x00019860                stat
                0x000199c0                opendir
                0x00019b30                readdir
                0x00019c60                rewinddir
                0x00019d40                closedir
                0x00019e20                mkdir
                0x00019f60                unlink
                0x00019f70                rmdir
                0x00019f90                rename
                0x0001a130                chdir
                0x0001a390                getcwd
                0x0001a410                fd_session
                0x0001a560                dup2
                0x0001a640                fd_wait
                0x0001a720                get_mtab_list
 *fill*         0x0001a99d        0x3 
 .text          0x0001a9a0      0x279 ../../lib/c/libc.a(canonify.o)
                0x0001aa90                canonify
 *fill*         0x0001ac19        0x7 
 .text          0x0001ac20       0x31 ../../lib/c/libc.a(stack.o)
                0x0001ac20                stack_size_get
 *fill*         0x0001ac51        0xf 
 .text          0x0001ac60      0x139 ../../lib/c/libc.a(stacktrace.o)
                0x0001ac80                stacktrace_print_fp_pc
                0x0001ad00                stacktrace_print
 *fill*         0x0001ad99        0x7 
 .text          0x0001ada0       0x5d ../../lib/c/libc.a(assert.o)
                0x0001ada0                assert_abort
 *fill*         0x0001adfd        0x3 
 .text          0x0001ae00       0x5b ../../lib/c/libc.a(syscall.o)
                0x0001ae00                __syscall_slow
                0x0001ae27                __syscall_fast
 *fill*         0x0001ae5b        0x1 
 .text          0x0001ae5c       0x4c ../../lib/c/libc.a(fibril.o)
                0x0001ae5c                context_save
                0x0001ae81                context_restore
 *fill*         0x0001aea8        0x8 
 .text          0x0001aeb0       0x51 ../../lib/c/libc.a(tls.o)
                0x0001aeb0                __alloc_tls
                0x0001aec0                __free_tls_arch
                0x0001aed0                ___tls_get_addr
 *fill*         0x0001af01        0xf 
 .text          0x0001af10       0x4a ../../lib/c/libc.a(stacktrace.o)
                0x0001af10                stacktrace_fp_valid
                0x0001af20                stacktrace_fp_prev
                0x0001af40                stacktrace_ra_get
 *fill*         0x0001af5a        0x2 
 .text          0x0001af5c        0x8 ../../lib/c/libc.a(stacktrace_asm.o)
                0x0001af5c                stacktrace_prepare
                0x0001af5d                stacktrace_fp_get
                0x0001af60                stacktrace_pc_get
 *fill*         0x0001af64        0xc 
 .text          0x0001af70      0x503 ../../lib/c/libc.a(ddi.o)
                0x0001af70                device_assign_devno
                0x0001afc0                physmem_map
                0x0001b000                dmamem_map
                0x0001b050                dmamem_map_anonymous
                0x0001b0a0                dmamem_unmap
                0x0001b0f0                dmamem_unmap_anonymous
                0x0001b140                pio_enable
                0x0001b230                pio_write_8
                0x0001b280                pio_write_16
                0x0001b2d0                pio_write_32
                0x0001b320                pio_read_8
                0x0001b360                pio_read_16
                0x0001b3a0                pio_read_32
                0x0001b3e0                irq_register
                0x0001b430                irq_unregister
 *fill*         0x0001b473        0xd 
 .text          0x0001b480      0x183 ../../lib/c/libc.a(as.o)
                0x0001b480                as_area_create
                0x0001b4d0                as_area_resize
                0x0001b520                as_area_destroy
                0x0001b570                as_area_change_flags
                0x0001b5c0                as_get_physical_mapping
 *fill*         0x0001b603        0xd 
 .text          0x0001b610      0x15a ../../lib/c/libc.a(clock_dev.o)
                0x0001b610                clock_dev_time_get
                0x0001b6c0                clock_dev_time_set
 *fill*         0x0001b76a        0x6 
 .text          0x0001b770       0x10 ../../lib/c/libc.a(errno.o)
                0x0001b770                __errno
 .text          0x0001b780      0x6d7 ../../lib/c/libc.a(mem.o)
                0x0001b780                memset
                0x0001b900                memcpy
                0x0001baf0                memmove
                0x0001be20                bcmp
 *fill*         0x0001be57        0x9 
 .text          0x0001be60       0x28 ../../lib/c/libc.a(snprintf.o)
                0x0001be60                snprintf
 *fill*         0x0001be88        0x8 
 .text          0x0001be90      0x1cf ../../lib/c/libc.a(vsnprintf.o)
                0x0001c010                vsnprintf
 *fill*         0x0001c05f        0x1 
 .text          0x0001c060      0x108 ../../lib/c/libc.a(power_of_ten.o)
                0x0001c060                get_power_of_ten
 *fill*         0x0001c168        0x8 
 .text          0x0001c170      0x36b ../../lib/c/libc.a(sysinfo.o)
                0x0001c170                sysinfo_get_keys
                0x0001c250                sysinfo_get_val_type
                0x0001c2b0                sysinfo_get_value
                0x0001c300                sysinfo_get_data
                0x0001c3e0                sysinfo_get_property
 *fill*         0x0001c4db        0x5 
 .text          0x0001c4e0      0xab0 ../../lib/c/libc.a(ipc.o)
                0x0001c620                ipc_call_async_fast
                0x0001c870                ipc_call_async_slow
                0x0001ca50                ipc_answer_fast
                0x0001ca90                ipc_answer_slow
                0x0001cb00                ipc_wait_cycle
                0x0001cc00                ipc_poke
                0x0001cc50                ipc_wait_for_call_timeout
                0x0001cd40                ipc_trywait_for_call
                0x0001ce40                ipc_hangup
                0x0001ce90                ipc_forward_fast
                0x0001ced0                ipc_forward_slow
                0x0001cf40                ipc_connect_kbox
 .text          0x0001cf90      0x1cf ../../lib/c/libc.a(pio_trace.o)
                0x0001cf90                pio_trace_log
                0x0001d050                pio_trace_enable
                0x0001d0e0                pio_trace_disable
 *fill*         0x0001d15f        0x1 
 .text          0x0001d160      0x8e2 ../../lib/softint/libsoftint.a(division.o)
                0x0001d160                __divsi3
                0x0001d1e0                __divdi3
                0x0001d330                __udivsi3
                0x0001d380                __udivdi3
                0x0001d470                __modsi3
                0x0001d4d0                __moddi3
                0x0001d5c0                __umodsi3
                0x0001d600                __umoddi3
                0x0001d690                __divmodsi3
                0x0001d720                __udivmodsi3
                0x0001d790                __divmoddi3
                0x0001d940                __udivmoddi3
 *(.rodata .rodata.*)
 .rodata.str1.1
                0x0001da42       0x50 loc.o
 *fill*         0x0001da92        0x2 
 .rodata.str1.4
                0x0001da94      0x155 loc.o
 .rodata.str1.1
                0x0001dbe9       0x2a ../../lib/c/libc.a(loc.o)
 .rodata.str1.1
                0x0001dc13       0x59 ../../lib/c/libc.a(str.o)
                                 0x64 (size before relaxing)
 *fill*         0x0001dc6c       0x14 
 .rodata        0x0001dc80      0x140 ../../lib/c/libc.a(str.o)
 .rodata.str1.1
                0x0001ddc0       0x89 ../../lib/c/libc.a(fibril_synch.o)
 *fill*         0x0001de49        0x3 
 .rodata.str1.4
                0x0001de4c       0xb3 ../../lib/c/libc.a(fibril_synch.o)
 .rodata.str1.1
                0x0001deff       0x21 ../../lib/c/libc.a(task.o)
 .rodata.str1.1
                0x0001df20       0x88 ../../lib/c/libc.a(printf_core.o)
 .rodata.str1.4
                0x0001dfa8       0x26 ../../lib/c/libc.a(printf_core.o)
 *fill*         0x0001dfce        0x2 
 .rodata        0x0001dfd0      0x23d ../../lib/c/libc.a(printf_core.o)
 .rodata.str1.1
                0x0001e20d       0xd7 ../../lib/c/libc.a(double_to_str.o)
                                 0xe6 (size before relaxing)
 .rodata.str1.4
                0x0001e2e4      0x1d1 ../../lib/c/libc.a(double_to_str.o)
 .rodata.str1.1
                0x0001e4b5       0xf1 ../../lib/c/libc.a(malloc.o)
 *fill*         0x0001e5a6        0x2 
 .rodata.str1.4
                0x0001e5a8      0x162 ../../lib/c/libc.a(malloc.o)
 .rodata.str1.1
                0x0001e70a       0x8e ../../lib/c/libc.a(async.o)
                                 0x98 (size before relaxing)
 .rodata.str1.4
                0x0001e798       0xd8 ../../lib/c/libc.a(async.o)
 .rodata.str1.1
                0x0001e870        0x2 ../../lib/c/libc.a(loader.o)
 .rodata.str1.1
                0x0001e872       0x5c ../../lib/c/libc.a(hash_table.o)
                                 0x60 (size before relaxing)
 *fill*         0x0001e8ce        0x2 
 .rodata.str1.4
                0x0001e8d0       0x99 ../../lib/c/libc.a(hash_table.o)
 .rodata.str1.1
                0x0001e969      0x1ee ../../lib/c/libc.a(time.o)
                                0x20b (size before relaxing)
 *fill*         0x0001eb57        0x9 
 .rodata        0x0001eb60      0x32c ../../lib/c/libc.a(time.o)
 .rodata.str1.1
                0x0001ee8c        0x8 ../../lib/c/libc.a(vfs.o)
                                  0x9 (size before relaxing)
 *fill*         0x0001ee94        0xc 
 .rodata        0x0001eea0       0xc0 ../../lib/c/libc.a(canonify.o)
 .rodata.str1.1
                0x0001ef60       0x13 ../../lib/c/libc.a(stack.o)
 .rodata.str1.1
                0x0001ef73       0x24 ../../lib/c/libc.a(stacktrace.o)
 *fill*         0x0001ef97        0x1 
 .rodata.str1.4
                0x0001ef98       0x2e ../../lib/c/libc.a(assert.o)
 .rodata.str1.1
                0x0001efc6       0x17 ../../lib/c/libc.a(power_of_ten.o)
                                 0x1d (size before relaxing)
 *fill*         0x0001efdd        0x3 
 .rodata.str1.4
                0x0001efe0       0xa4 ../../lib/c/libc.a(power_of_ten.o)
 *fill*         0x0001f084       0x1c 
 .rodata        0x0001f0a0      0x468 ../../lib/c/libc.a(power_of_ten.o)
 .rodata.str1.1
                0x0001f508       0x14 ../../lib/c/libc.a(pio_trace.o)
                                 0x17 (size before relaxing)
                0x0002051c                . = (. + 0x1000)

.data           0x00020520      0x208
 *(.data)
 .data          0x00020520        0x0 /home/pratik/HelenOS_Emacs/helenos/uspace/lib/c/arch/ia32/src/entry.o
 .data          0x00020520        0x0 loc.o
 .data          0x00020520        0x0 ../../lib/c/libc.a(libc.o)
 .data          0x00020520       0x50 ../../lib/c/libc.a(loc.o)
 .data          0x00020570        0x0 ../../lib/c/libc.a(str.o)
 .data          0x00020570       0x1c ../../lib/c/libc.a(fibril.o)
 .data          0x0002058c        0x0 ../../lib/c/libc.a(fibril_synch.o)
 .data          0x0002058c        0x0 ../../lib/c/libc.a(pcb.o)
 .data          0x0002058c        0x0 ../../lib/c/libc.a(tls.o)
 .data          0x0002058c        0x0 ../../lib/c/libc.a(task.o)
 .data          0x0002058c        0x0 ../../lib/c/libc.a(futex.o)
 *fill*         0x0002058c       0x14 
 .data          0x000205a0       0xb8 ../../lib/c/libc.a(io.o)
 .data          0x00020658        0x0 ../../lib/c/libc.a(printf.o)
 .data          0x00020658        0x0 ../../lib/c/libc.a(klog.o)
 .data          0x00020658       0x10 ../../lib/c/libc.a(vprintf.o)
 .data          0x00020668        0x0 ../../lib/c/libc.a(printf_core.o)
 .data          0x00020668        0x0 ../../lib/c/libc.a(ieee_double.o)
 .data          0x00020668        0x0 ../../lib/c/libc.a(double_to_str.o)
 .data          0x00020668        0x4 ../../lib/c/libc.a(malloc.o)
 .data          0x0002066c        0x0 ../../lib/c/libc.a(ns.o)
 .data          0x0002066c       0x64 ../../lib/c/libc.a(async.o)
                0x0002066c                async_futex
 .data          0x000206d0        0x0 ../../lib/c/libc.a(loader.o)
 .data          0x000206d0        0x0 ../../lib/c/libc.a(hash_table.o)
 .data          0x000206d0        0x0 ../../lib/c/libc.a(time.o)
 .data          0x000206d0       0x24 ../../lib/c/libc.a(vfs.o)
 .data          0x000206f4        0x0 ../../lib/c/libc.a(canonify.o)
 .data          0x000206f4        0x0 ../../lib/c/libc.a(stack.o)
 .data          0x000206f4        0x0 ../../lib/c/libc.a(stacktrace.o)
 .data          0x000206f4        0x0 ../../lib/c/libc.a(assert.o)
 .data          0x000206f4        0x4 ../../lib/c/libc.a(syscall.o)
                0x000206f4                __syscall_fast_func
 .data          0x000206f8        0x0 ../../lib/c/libc.a(fibril.o)
 .data          0x000206f8        0x0 ../../lib/c/libc.a(tls.o)
 .data          0x000206f8        0x0 ../../lib/c/libc.a(stacktrace.o)
 .data          0x000206f8        0x0 ../../lib/c/libc.a(stacktrace_asm.o)
 .data          0x000206f8        0x0 ../../lib/c/libc.a(ddi.o)
 .data          0x000206f8        0x0 ../../lib/c/libc.a(as.o)
 .data          0x000206f8        0x0 ../../lib/c/libc.a(clock_dev.o)
 .data          0x000206f8        0x0 ../../lib/c/libc.a(errno.o)
 .data          0x000206f8        0x0 ../../lib/c/libc.a(mem.o)
 .data          0x000206f8        0x0 ../../lib/c/libc.a(snprintf.o)
 .data          0x000206f8        0x0 ../../lib/c/libc.a(vsnprintf.o)
 .data          0x000206f8        0x0 ../../lib/c/libc.a(power_of_ten.o)
 .data          0x000206f8        0x0 ../../lib/c/libc.a(sysinfo.o)
 .data          0x000206f8       0x14 ../../lib/c/libc.a(ipc.o)
                0x000206f8                queued_calls
                0x00020700                dispatched_calls
 .data          0x0002070c       0x1c ../../lib/c/libc.a(pio_trace.o)
 .data          0x00020728        0x0 ../../lib/softint/libsoftint.a(division.o)

.tdata          0x00020728        0xc
                0x00020728                _tdata_start = .
 *(.tdata)
 *(.gnu.linkonce.tb.*)
                0x00020728                _tdata_end = .
                0x00020728                _tbss_start = .
 *(.tbss)
 .tbss          0x00020728        0x4 ../../lib/c/libc.a(fibril.o)
 .tbss          0x0002072c        0x4 ../../lib/c/libc.a(async.o)
 .tbss          0x00020730        0x4 ../../lib/c/libc.a(errno.o)
                0x00020734                _tbss_end = .
                0x00000004                _tls_alignment = ALIGNOF (.tdata)

.bss            0x00020728       0xa0
 *(.dynbss)
 *(COMMON)
 COMMON         0x00020728        0x4 ../../lib/c/libc.a(pcb.o)
                0x00020728                __pcb
 COMMON         0x0002072c        0x4 ../../lib/c/libc.a(async.o)
                0x0002072c                session_ns
 *(.bss)
 .bss           0x00020730        0x0 /home/pratik/HelenOS_Emacs/helenos/uspace/lib/c/arch/ia32/src/entry.o
 .bss           0x00020730        0x0 loc.o
 .bss           0x00020730        0x1 ../../lib/c/libc.a(libc.o)
 *fill*         0x00020731        0x3 
 .bss           0x00020734       0x15 ../../lib/c/libc.a(loc.o)
 *fill*         0x00020749        0x3 
 .bss           0x0002074c        0x4 ../../lib/c/libc.a(str.o)
 .bss           0x00020750        0x8 ../../lib/c/libc.a(fibril.o)
 .bss           0x00020758        0x0 ../../lib/c/libc.a(fibril_synch.o)
 .bss           0x00020758        0x0 ../../lib/c/libc.a(pcb.o)
 .bss           0x00020758        0x0 ../../lib/c/libc.a(tls.o)
 .bss           0x00020758        0x0 ../../lib/c/libc.a(task.o)
 .bss           0x00020758        0x0 ../../lib/c/libc.a(futex.o)
 .bss           0x00020758        0xc ../../lib/c/libc.a(io.o)
                0x00020758                stderr
                0x0002075c                stdout
                0x00020760                stdin
 .bss           0x00020764        0x0 ../../lib/c/libc.a(printf.o)
 .bss           0x00020764        0x0 ../../lib/c/libc.a(klog.o)
 .bss           0x00020764        0x0 ../../lib/c/libc.a(vprintf.o)
 .bss           0x00020764        0x0 ../../lib/c/libc.a(printf_core.o)
 .bss           0x00020764        0x0 ../../lib/c/libc.a(ieee_double.o)
 .bss           0x00020764        0x0 ../../lib/c/libc.a(double_to_str.o)
 .bss           0x00020764        0xc ../../lib/c/libc.a(malloc.o)
 .bss           0x00020770        0x0 ../../lib/c/libc.a(ns.o)
 .bss           0x00020770       0x3c ../../lib/c/libc.a(async.o)
                0x00020770                threads_in_ipc_wait
 .bss           0x000207ac        0x0 ../../lib/c/libc.a(loader.o)
 .bss           0x000207ac        0x0 ../../lib/c/libc.a(hash_table.o)
 .bss           0x000207ac        0x8 ../../lib/c/libc.a(time.o)
                0x000207ac                ktime
 .bss           0x000207b4        0xc ../../lib/c/libc.a(vfs.o)
 .bss           0x000207c0        0x0 ../../lib/c/libc.a(canonify.o)
 .bss           0x000207c0        0x4 ../../lib/c/libc.a(stack.o)
 .bss           0x000207c4        0x0 ../../lib/c/libc.a(stacktrace.o)
 .bss           0x000207c4        0x4 ../../lib/c/libc.a(assert.o)
 .bss           0x000207c8        0x0 ../../lib/c/libc.a(syscall.o)
 .bss           0x000207c8        0x0 ../../lib/c/libc.a(fibril.o)
 .bss           0x000207c8        0x0 ../../lib/c/libc.a(tls.o)
 .bss           0x000207c8        0x0 ../../lib/c/libc.a(stacktrace.o)
 .bss           0x000207c8        0x0 ../../lib/c/libc.a(stacktrace_asm.o)
 .bss           0x000207c8        0x0 ../../lib/c/libc.a(ddi.o)
 .bss           0x000207c8        0x0 ../../lib/c/libc.a(as.o)
 .bss           0x000207c8        0x0 ../../lib/c/libc.a(clock_dev.o)
 .bss           0x000207c8        0x0 ../../lib/c/libc.a(errno.o)
 .bss           0x000207c8        0x0 ../../lib/c/libc.a(mem.o)
 .bss           0x000207c8        0x0 ../../lib/c/libc.a(snprintf.o)
 .bss           0x000207c8        0x0 ../../lib/c/libc.a(vsnprintf.o)
 .bss           0x000207c8        0x0 ../../lib/c/libc.a(power_of_ten.o)
 .bss           0x000207c8        0x0 ../../lib/c/libc.a(sysinfo.o)
 .bss           0x000207c8        0x0 ../../lib/c/libc.a(ipc.o)
 .bss           0x000207c8        0x0 ../../lib/c/libc.a(pio_trace.o)
 .bss           0x000207c8        0x0 ../../lib/softint/libsoftint.a(division.o)

/DISCARD/
 *(*)
LOAD loc.o
LOAD ../../lib/c/libc.a
LOAD ../../lib/softint/libsoftint.a
OUTPUT(loc elf32-i386)
