Archive member included because of file (symbol)

../../lib/c/libc.a(libc.o)    /home/pratik/HelenOS_Emacs/helenos/uspace/lib/c/arch/ia32/src/entry.o (__main)
../../lib/c/libc.a(loc.o)     devman.o (loc_exchange_end)
../../lib/c/libc.a(mem.o)     main.o (memset)
../../lib/c/libc.a(str.o)     main.o (str_size)
../../lib/c/libc.a(str_error.o)
                              main.o (str_error)
../../lib/c/libc.a(fibril.o)  ../../lib/c/libc.a(libc.o) (fibril_setup)
../../lib/c/libc.a(fibril_synch.o)
                              main.o (fibril_mutex_initialize)
../../lib/c/libc.a(pcb.o)     ../../lib/c/libc.a(libc.o) (__pcb)
../../lib/c/libc.a(tls.o)     ../../lib/c/libc.a(fibril.o) (__make_tls)
../../lib/c/libc.a(task.o)    devman.o (task_spawnl)
../../lib/c/libc.a(futex.o)   ../../lib/c/libc.a(fibril.o) (futex_down)
../../lib/c/libc.a(asprintf.o)
                              devman.o (asprintf)
../../lib/c/libc.a(io.o)      ../../lib/c/libc.a(libc.o) (__stdio_init)
../../lib/c/libc.a(printf.o)  main.o (printf)
../../lib/c/libc.a(log.o)     main.o (log_init)
../../lib/c/libc.a(klog.o)    ../../lib/c/libc.a(io.o) (klog_write)
../../lib/c/libc.a(snprintf.o)
                              ../../lib/c/libc.a(str_error.o) (snprintf)
../../lib/c/libc.a(vprintf.o)
                              ../../lib/c/libc.a(printf.o) (vfprintf)
../../lib/c/libc.a(vsnprintf.o)
                              ../../lib/c/libc.a(asprintf.o) (vsnprintf)
../../lib/c/libc.a(printf_core.o)
                              ../../lib/c/libc.a(asprintf.o) (printf_core)
../../lib/c/libc.a(ieee_double.o)
                              ../../lib/c/libc.a(printf_core.o) (extract_ieee_double)
../../lib/c/libc.a(double_to_str.o)
                              ../../lib/c/libc.a(printf_core.o) (double_to_short_str)
../../lib/c/libc.a(malloc.o)  ../../lib/c/libc.a(libc.o) (__malloc_init)
../../lib/c/libc.a(ns.o)      main.o (service_register)
../../lib/c/libc.a(async.o)   ../../lib/c/libc.a(fibril_synch.o) (async_futex)
../../lib/c/libc.a(loader.o)  ../../lib/c/libc.a(task.o) (loader_connect)
../../lib/c/libc.a(list.o)    devman.o (list_count)
../../lib/c/libc.a(hash_table.o)
                              devman.o (hash_table_create)
../../lib/c/libc.a(time.o)    ../../lib/c/libc.a(fibril_synch.o) (tv_add)
../../lib/c/libc.a(vfs.o)     ../../lib/c/libc.a(loader.o) (vfs_exchange_begin)
../../lib/c/libc.a(canonify.o)
                              ../../lib/c/libc.a(vfs.o) (canonify)
../../lib/c/libc.a(stack.o)   ../../lib/c/libc.a(fibril.o) (stack_size_get)
../../lib/c/libc.a(stacktrace.o)
                              ../../lib/c/libc.a(fibril_synch.o) (stacktrace_print_fp_pc)
../../lib/c/libc.a(assert.o)  main.o (assert_abort)
../../lib/c/libc.a(syscall.o)
                              /home/pratik/HelenOS_Emacs/helenos/uspace/lib/c/arch/ia32/src/entry.o (__syscall_fast_func)
../../lib/c/libc.a(fibril.o)  ../../lib/c/libc.a(fibril.o) (context_save)
../../lib/c/libc.a(tls.o)     ../../lib/c/libc.a(tls.o) (__alloc_tls)
../../lib/c/libc.a(stacktrace.o)
                              ../../lib/c/libc.a(stacktrace.o) (stacktrace_fp_valid)
../../lib/c/libc.a(stacktrace_asm.o)
                              ../../lib/c/libc.a(stacktrace.o) (stacktrace_prepare)
../../lib/c/libc.a(ddi.o)     ../../lib/c/libc.a(time.o) (physmem_map)
../../lib/c/libc.a(as.o)      ../../lib/c/libc.a(fibril.o) (as_area_create)
../../lib/c/libc.a(clock_dev.o)
                              ../../lib/c/libc.a(time.o) (clock_dev_time_get)
../../lib/c/libc.a(errno.o)   ../../lib/c/libc.a(loc.o) (__errno)
../../lib/c/libc.a(power_of_ten.o)
                              ../../lib/c/libc.a(double_to_str.o) (get_power_of_ten)
../../lib/c/libc.a(sysinfo.o)
                              ../../lib/c/libc.a(time.o) (sysinfo_get_value)
../../lib/c/libc.a(ipc.o)     ../../lib/c/libc.a(async.o) (ipc_call_async_fast)
../../lib/c/libc.a(pio_trace.o)
                              ../../lib/c/libc.a(ddi.o) (pio_trace_log)
../../lib/softint/libsoftint.a(division.o)
                              ../../lib/c/libc.a(str.o) (__udivdi3)

Allocating common symbols
Common symbol       size              file

__pcb               0x4               ../../lib/c/libc.a(pcb.o)
session_ns          0x4               ../../lib/c/libc.a(async.o)

Discarded input sections

 .debug_line    0x00000000       0x52 /home/pratik/HelenOS_Emacs/helenos/uspace/lib/c/arch/ia32/src/entry.o
 .debug_info    0x00000000       0x6e /home/pratik/HelenOS_Emacs/helenos/uspace/lib/c/arch/ia32/src/entry.o
 .debug_abbrev  0x00000000       0x14 /home/pratik/HelenOS_Emacs/helenos/uspace/lib/c/arch/ia32/src/entry.o
 .debug_aranges
                0x00000000       0x20 /home/pratik/HelenOS_Emacs/helenos/uspace/lib/c/arch/ia32/src/entry.o
 .debug_info    0x00000000     0x4929 main.o
 .debug_abbrev  0x00000000      0x448 main.o
 .debug_loc     0x00000000     0x1ce5 main.o
 .debug_aranges
                0x00000000       0x28 main.o
 .debug_ranges  0x00000000      0x7a8 main.o
 .debug_line    0x00000000      0x723 main.o
 .debug_str     0x00000000     0x16d3 main.o
 .comment       0x00000000       0x12 main.o
 .note.GNU-stack
                0x00000000        0x0 main.o
 .eh_frame      0x00000000      0x180 main.o
 .debug_info    0x00000000     0x5bc3 devman.o
 .debug_abbrev  0x00000000      0x542 devman.o
 .debug_loc     0x00000000     0x3042 devman.o
 .debug_aranges
                0x00000000       0x28 devman.o
 .debug_ranges  0x00000000      0x6a0 devman.o
 .debug_line    0x00000000      0xc93 devman.o
 .debug_str     0x00000000     0x1543 devman.o
 .comment       0x00000000       0x12 devman.o
 .note.GNU-stack
                0x00000000        0x0 devman.o
 .eh_frame      0x00000000      0xa5c devman.o
 .debug_info    0x00000000      0x982 match.o
 .debug_abbrev  0x00000000      0x19a match.o
 .debug_loc     0x00000000      0x12a match.o
 .debug_aranges
                0x00000000       0x20 match.o
 .debug_line    0x00000000      0x1bc match.o
 .debug_str     0x00000000      0x872 match.o
 .comment       0x00000000       0x12 match.o
 .note.GNU-stack
                0x00000000        0x0 match.o
 .eh_frame      0x00000000       0x44 match.o
 .debug_info    0x00000000      0x43f util.o
 .debug_abbrev  0x00000000      0x18d util.o
 .debug_loc     0x00000000      0x354 util.o
 .debug_aranges
                0x00000000       0x20 util.o
 .debug_ranges  0x00000000       0x18 util.o
 .debug_line    0x00000000       0xe6 util.o
 .debug_str     0x00000000      0x188 util.o
 .comment       0x00000000       0x12 util.o
 .note.GNU-stack
                0x00000000        0x0 util.o
 .eh_frame      0x00000000       0xf0 util.o
 .debug_info    0x00000000      0x79b ../../lib/c/libc.a(libc.o)
 .debug_abbrev  0x00000000      0x21b ../../lib/c/libc.a(libc.o)
 .debug_loc     0x00000000      0x11a ../../lib/c/libc.a(libc.o)
 .debug_aranges
                0x00000000       0x20 ../../lib/c/libc.a(libc.o)
 .debug_line    0x00000000      0x1ad ../../lib/c/libc.a(libc.o)
 .debug_str     0x00000000      0x63d ../../lib/c/libc.a(libc.o)
 .comment       0x00000000       0x12 ../../lib/c/libc.a(libc.o)
 .note.GNU-stack
                0x00000000        0x0 ../../lib/c/libc.a(libc.o)
 .eh_frame      0x00000000       0x70 ../../lib/c/libc.a(libc.o)
 .debug_info    0x00000000     0x49b8 ../../lib/c/libc.a(loc.o)
 .debug_abbrev  0x00000000      0x4b8 ../../lib/c/libc.a(loc.o)
 .debug_loc     0x00000000     0x2c0e ../../lib/c/libc.a(loc.o)
 .debug_aranges
                0x00000000       0x20 ../../lib/c/libc.a(loc.o)
 .debug_ranges  0x00000000     0x15c0 ../../lib/c/libc.a(loc.o)
 .debug_line    0x00000000      0xb86 ../../lib/c/libc.a(loc.o)
 .debug_str     0x00000000      0xf52 ../../lib/c/libc.a(loc.o)
 .comment       0x00000000       0x12 ../../lib/c/libc.a(loc.o)
 .note.GNU-stack
                0x00000000        0x0 ../../lib/c/libc.a(loc.o)
 .eh_frame      0x00000000      0x62c ../../lib/c/libc.a(loc.o)
 .debug_info    0x00000000      0x4d6 ../../lib/c/libc.a(mem.o)
 .debug_abbrev  0x00000000      0x1aa ../../lib/c/libc.a(mem.o)
 .debug_loc     0x00000000      0xa94 ../../lib/c/libc.a(mem.o)
 .debug_aranges
                0x00000000       0x20 ../../lib/c/libc.a(mem.o)
 .debug_ranges  0x00000000      0x110 ../../lib/c/libc.a(mem.o)
 .debug_line    0x00000000      0x199 ../../lib/c/libc.a(mem.o)
 .debug_str     0x00000000      0x169 ../../lib/c/libc.a(mem.o)
 .comment       0x00000000       0x12 ../../lib/c/libc.a(mem.o)
 .note.GNU-stack
                0x00000000        0x0 ../../lib/c/libc.a(mem.o)
 .eh_frame      0x00000000       0xe4 ../../lib/c/libc.a(mem.o)
 .debug_info    0x00000000     0x2e15 ../../lib/c/libc.a(str.o)
 .debug_abbrev  0x00000000      0x38c ../../lib/c/libc.a(str.o)
 .debug_loc     0x00000000     0x5d1d ../../lib/c/libc.a(str.o)
 .debug_aranges
                0x00000000       0x20 ../../lib/c/libc.a(str.o)
 .debug_ranges  0x00000000     0x16a8 ../../lib/c/libc.a(str.o)
 .debug_line    0x00000000      0xf67 ../../lib/c/libc.a(str.o)
 .debug_str     0x00000000      0x4cf ../../lib/c/libc.a(str.o)
 .comment       0x00000000       0x12 ../../lib/c/libc.a(str.o)
 .note.GNU-stack
                0x00000000        0x0 ../../lib/c/libc.a(str.o)
 .eh_frame      0x00000000      0xa18 ../../lib/c/libc.a(str.o)
 .debug_info    0x00000000      0x2fb ../../lib/c/libc.a(str_error.o)
 .debug_abbrev  0x00000000       0xfd ../../lib/c/libc.a(str_error.o)
 .debug_loc     0x00000000       0xb0 ../../lib/c/libc.a(str_error.o)
 .debug_aranges
                0x00000000       0x20 ../../lib/c/libc.a(str_error.o)
 .debug_line    0x00000000       0xf5 ../../lib/c/libc.a(str_error.o)
 .debug_str     0x00000000      0x4e4 ../../lib/c/libc.a(str_error.o)
 .comment       0x00000000       0x12 ../../lib/c/libc.a(str_error.o)
 .note.GNU-stack
                0x00000000        0x0 ../../lib/c/libc.a(str_error.o)
 .eh_frame      0x00000000       0x70 ../../lib/c/libc.a(str_error.o)
 .debug_info    0x00000000     0x1090 ../../lib/c/libc.a(fibril.o)
 .debug_abbrev  0x00000000      0x390 ../../lib/c/libc.a(fibril.o)
 .debug_loc     0x00000000      0x96f ../../lib/c/libc.a(fibril.o)
 .debug_aranges
                0x00000000       0x20 ../../lib/c/libc.a(fibril.o)
 .debug_ranges  0x00000000       0x90 ../../lib/c/libc.a(fibril.o)
 .debug_line    0x00000000      0x35b ../../lib/c/libc.a(fibril.o)
 .debug_str     0x00000000      0x860 ../../lib/c/libc.a(fibril.o)
 .comment       0x00000000       0x12 ../../lib/c/libc.a(fibril.o)
 .note.GNU-stack
                0x00000000        0x0 ../../lib/c/libc.a(fibril.o)
 .eh_frame      0x00000000      0x208 ../../lib/c/libc.a(fibril.o)
 .debug_info    0x00000000     0x2d1f ../../lib/c/libc.a(fibril_synch.o)
 .debug_abbrev  0x00000000      0x4d0 ../../lib/c/libc.a(fibril_synch.o)
 .debug_loc     0x00000000     0x19ce ../../lib/c/libc.a(fibril_synch.o)
 .debug_aranges
                0x00000000       0x20 ../../lib/c/libc.a(fibril_synch.o)
 .debug_ranges  0x00000000      0xa10 ../../lib/c/libc.a(fibril_synch.o)
 .debug_line    0x00000000      0x955 ../../lib/c/libc.a(fibril_synch.o)
 .debug_str     0x00000000      0xbb3 ../../lib/c/libc.a(fibril_synch.o)
 .comment       0x00000000       0x12 ../../lib/c/libc.a(fibril_synch.o)
 .note.GNU-stack
                0x00000000        0x0 ../../lib/c/libc.a(fibril_synch.o)
 .eh_frame      0x00000000      0x454 ../../lib/c/libc.a(fibril_synch.o)
 .debug_info    0x00000000      0x10c ../../lib/c/libc.a(pcb.o)
 .debug_abbrev  0x00000000       0x86 ../../lib/c/libc.a(pcb.o)
 .debug_aranges
                0x00000000       0x18 ../../lib/c/libc.a(pcb.o)
 .debug_line    0x00000000       0x52 ../../lib/c/libc.a(pcb.o)
 .debug_str     0x00000000       0xfc ../../lib/c/libc.a(pcb.o)
 .comment       0x00000000       0x12 ../../lib/c/libc.a(pcb.o)
 .note.GNU-stack
                0x00000000        0x0 ../../lib/c/libc.a(pcb.o)
 .debug_info    0x00000000      0x4d2 ../../lib/c/libc.a(tls.o)
 .debug_abbrev  0x00000000      0x1ae ../../lib/c/libc.a(tls.o)
 .debug_loc     0x00000000      0x1d3 ../../lib/c/libc.a(tls.o)
 .debug_aranges
                0x00000000       0x20 ../../lib/c/libc.a(tls.o)
 .debug_line    0x00000000      0x10a ../../lib/c/libc.a(tls.o)
 .debug_str     0x00000000      0x59f ../../lib/c/libc.a(tls.o)
 .comment       0x00000000       0x12 ../../lib/c/libc.a(tls.o)
 .note.GNU-stack
                0x00000000        0x0 ../../lib/c/libc.a(tls.o)
 .eh_frame      0x00000000       0xa8 ../../lib/c/libc.a(tls.o)
 .debug_info    0x00000000      0xe5b ../../lib/c/libc.a(task.o)
 .debug_abbrev  0x00000000      0x2e6 ../../lib/c/libc.a(task.o)
 .debug_loc     0x00000000      0x5d1 ../../lib/c/libc.a(task.o)
 .debug_aranges
                0x00000000       0x20 ../../lib/c/libc.a(task.o)
 .debug_ranges  0x00000000       0xa0 ../../lib/c/libc.a(task.o)
 .debug_line    0x00000000      0x2bc ../../lib/c/libc.a(task.o)
 .debug_str     0x00000000      0x771 ../../lib/c/libc.a(task.o)
 .comment       0x00000000       0x12 ../../lib/c/libc.a(task.o)
 .note.GNU-stack
                0x00000000        0x0 ../../lib/c/libc.a(task.o)
 .eh_frame      0x00000000      0x180 ../../lib/c/libc.a(task.o)
 .debug_info    0x00000000      0x4d2 ../../lib/c/libc.a(futex.o)
 .debug_abbrev  0x00000000      0x1b9 ../../lib/c/libc.a(futex.o)
 .debug_loc     0x00000000      0x18d ../../lib/c/libc.a(futex.o)
 .debug_aranges
                0x00000000       0x20 ../../lib/c/libc.a(futex.o)
 .debug_ranges  0x00000000       0xa0 ../../lib/c/libc.a(futex.o)
 .debug_line    0x00000000      0x135 ../../lib/c/libc.a(futex.o)
 .debug_str     0x00000000      0x54d ../../lib/c/libc.a(futex.o)
 .comment       0x00000000       0x12 ../../lib/c/libc.a(futex.o)
 .note.GNU-stack
                0x00000000        0x0 ../../lib/c/libc.a(futex.o)
 .eh_frame      0x00000000       0xa8 ../../lib/c/libc.a(futex.o)
 .debug_info    0x00000000      0x361 ../../lib/c/libc.a(asprintf.o)
 .debug_abbrev  0x00000000      0x167 ../../lib/c/libc.a(asprintf.o)
 .debug_loc     0x00000000      0x108 ../../lib/c/libc.a(asprintf.o)
 .debug_aranges
                0x00000000       0x20 ../../lib/c/libc.a(asprintf.o)
 .debug_line    0x00000000      0x102 ../../lib/c/libc.a(asprintf.o)
 .debug_str     0x00000000      0x198 ../../lib/c/libc.a(asprintf.o)
 .comment       0x00000000       0x12 ../../lib/c/libc.a(asprintf.o)
 .note.GNU-stack
                0x00000000        0x0 ../../lib/c/libc.a(asprintf.o)
 .eh_frame      0x00000000       0x88 ../../lib/c/libc.a(asprintf.o)
 .debug_info    0x00000000     0x38d4 ../../lib/c/libc.a(io.o)
 .debug_abbrev  0x00000000      0x46f ../../lib/c/libc.a(io.o)
 .debug_loc     0x00000000     0x2f68 ../../lib/c/libc.a(io.o)
 .debug_aranges
                0x00000000       0x20 ../../lib/c/libc.a(io.o)
 .debug_ranges  0x00000000     0x12f8 ../../lib/c/libc.a(io.o)
 .debug_line    0x00000000      0x98d ../../lib/c/libc.a(io.o)
 .debug_str     0x00000000      0x8c4 ../../lib/c/libc.a(io.o)
 .comment       0x00000000       0x12 ../../lib/c/libc.a(io.o)
 .note.GNU-stack
                0x00000000        0x0 ../../lib/c/libc.a(io.o)
 .eh_frame      0x00000000      0x580 ../../lib/c/libc.a(io.o)
 .debug_info    0x00000000      0x1ba ../../lib/c/libc.a(printf.o)
 .debug_abbrev  0x00000000       0xfe ../../lib/c/libc.a(printf.o)
 .debug_loc     0x00000000       0xc8 ../../lib/c/libc.a(printf.o)
 .debug_aranges
                0x00000000       0x20 ../../lib/c/libc.a(printf.o)
 .debug_line    0x00000000       0x79 ../../lib/c/libc.a(printf.o)
 .debug_str     0x00000000      0x11b ../../lib/c/libc.a(printf.o)
 .comment       0x00000000       0x12 ../../lib/c/libc.a(printf.o)
 .note.GNU-stack
                0x00000000        0x0 ../../lib/c/libc.a(printf.o)
 .eh_frame      0x00000000       0x58 ../../lib/c/libc.a(printf.o)
 .debug_info    0x00000000      0xea7 ../../lib/c/libc.a(log.o)
 .debug_abbrev  0x00000000      0x2c2 ../../lib/c/libc.a(log.o)
 .debug_loc     0x00000000      0x5ee ../../lib/c/libc.a(log.o)
 .debug_aranges
                0x00000000       0x20 ../../lib/c/libc.a(log.o)
 .debug_ranges  0x00000000       0x90 ../../lib/c/libc.a(log.o)
 .debug_line    0x00000000      0x25a ../../lib/c/libc.a(log.o)
 .debug_str     0x00000000      0x8bb ../../lib/c/libc.a(log.o)
 .comment       0x00000000       0x12 ../../lib/c/libc.a(log.o)
 .note.GNU-stack
                0x00000000        0x0 ../../lib/c/libc.a(log.o)
 .eh_frame      0x00000000      0x134 ../../lib/c/libc.a(log.o)
 .debug_info    0x00000000      0x7d5 ../../lib/c/libc.a(klog.o)
 .debug_abbrev  0x00000000      0x251 ../../lib/c/libc.a(klog.o)
 .debug_loc     0x00000000      0x296 ../../lib/c/libc.a(klog.o)
 .debug_aranges
                0x00000000       0x20 ../../lib/c/libc.a(klog.o)
 .debug_ranges  0x00000000       0x78 ../../lib/c/libc.a(klog.o)
 .debug_line    0x00000000      0x16d ../../lib/c/libc.a(klog.o)
 .debug_str     0x00000000      0x5f2 ../../lib/c/libc.a(klog.o)
 .comment       0x00000000       0x12 ../../lib/c/libc.a(klog.o)
 .note.GNU-stack
                0x00000000        0x0 ../../lib/c/libc.a(klog.o)
 .eh_frame      0x00000000      0x10c ../../lib/c/libc.a(klog.o)
 .debug_info    0x00000000      0x15a ../../lib/c/libc.a(snprintf.o)
 .debug_abbrev  0x00000000       0xe0 ../../lib/c/libc.a(snprintf.o)
 .debug_loc     0x00000000       0x64 ../../lib/c/libc.a(snprintf.o)
 .debug_aranges
                0x00000000       0x20 ../../lib/c/libc.a(snprintf.o)
 .debug_line    0x00000000       0xa7 ../../lib/c/libc.a(snprintf.o)
 .debug_str     0x00000000      0x110 ../../lib/c/libc.a(snprintf.o)
 .comment       0x00000000       0x12 ../../lib/c/libc.a(snprintf.o)
 .note.GNU-stack
                0x00000000        0x0 ../../lib/c/libc.a(snprintf.o)
 .eh_frame      0x00000000       0x38 ../../lib/c/libc.a(snprintf.o)
 .debug_info    0x00000000      0x882 ../../lib/c/libc.a(vprintf.o)
 .debug_abbrev  0x00000000      0x24e ../../lib/c/libc.a(vprintf.o)
 .debug_loc     0x00000000      0x170 ../../lib/c/libc.a(vprintf.o)
 .debug_aranges
                0x00000000       0x20 ../../lib/c/libc.a(vprintf.o)
 .debug_line    0x00000000      0x198 ../../lib/c/libc.a(vprintf.o)
 .debug_str     0x00000000      0x67d ../../lib/c/libc.a(vprintf.o)
 .comment       0x00000000       0x12 ../../lib/c/libc.a(vprintf.o)
 .note.GNU-stack
                0x00000000        0x0 ../../lib/c/libc.a(vprintf.o)
 .eh_frame      0x00000000       0xac ../../lib/c/libc.a(vprintf.o)
 .debug_info    0x00000000      0x468 ../../lib/c/libc.a(vsnprintf.o)
 .debug_abbrev  0x00000000      0x1f6 ../../lib/c/libc.a(vsnprintf.o)
 .debug_loc     0x00000000      0x23a ../../lib/c/libc.a(vsnprintf.o)
 .debug_aranges
                0x00000000       0x20 ../../lib/c/libc.a(vsnprintf.o)
 .debug_ranges  0x00000000       0x20 ../../lib/c/libc.a(vsnprintf.o)
 .debug_line    0x00000000      0x12d ../../lib/c/libc.a(vsnprintf.o)
 .debug_str     0x00000000      0x199 ../../lib/c/libc.a(vsnprintf.o)
 .comment       0x00000000       0x12 ../../lib/c/libc.a(vsnprintf.o)
 .note.GNU-stack
                0x00000000        0x0 ../../lib/c/libc.a(vsnprintf.o)
 .eh_frame      0x00000000       0xbc ../../lib/c/libc.a(vsnprintf.o)
 .debug_info    0x00000000     0x3192 ../../lib/c/libc.a(printf_core.o)
 .debug_abbrev  0x00000000      0x36b ../../lib/c/libc.a(printf_core.o)
 .debug_loc     0x00000000     0x4155 ../../lib/c/libc.a(printf_core.o)
 .debug_aranges
                0x00000000       0x20 ../../lib/c/libc.a(printf_core.o)
 .debug_ranges  0x00000000      0xbd8 ../../lib/c/libc.a(printf_core.o)
 .debug_line    0x00000000      0x8a8 ../../lib/c/libc.a(printf_core.o)
 .debug_str     0x00000000      0x686 ../../lib/c/libc.a(printf_core.o)
 .comment       0x00000000       0x12 ../../lib/c/libc.a(printf_core.o)
 .note.GNU-stack
                0x00000000        0x0 ../../lib/c/libc.a(printf_core.o)
 .eh_frame      0x00000000      0x1a8 ../../lib/c/libc.a(printf_core.o)
 .debug_info    0x00000000      0x24b ../../lib/c/libc.a(ieee_double.o)
 .debug_abbrev  0x00000000      0x10a ../../lib/c/libc.a(ieee_double.o)
 .debug_loc     0x00000000      0x1e0 ../../lib/c/libc.a(ieee_double.o)
 .debug_aranges
                0x00000000       0x20 ../../lib/c/libc.a(ieee_double.o)
 .debug_line    0x00000000       0xd5 ../../lib/c/libc.a(ieee_double.o)
 .debug_str     0x00000000      0x215 ../../lib/c/libc.a(ieee_double.o)
 .comment       0x00000000       0x12 ../../lib/c/libc.a(ieee_double.o)
 .note.GNU-stack
                0x00000000        0x0 ../../lib/c/libc.a(ieee_double.o)
 .eh_frame      0x00000000       0x48 ../../lib/c/libc.a(ieee_double.o)
 .debug_info    0x00000000     0x1176 ../../lib/c/libc.a(double_to_str.o)
 .debug_abbrev  0x00000000      0x296 ../../lib/c/libc.a(double_to_str.o)
 .debug_loc     0x00000000     0x2b1c ../../lib/c/libc.a(double_to_str.o)
 .debug_aranges
                0x00000000       0x28 ../../lib/c/libc.a(double_to_str.o)
 .debug_ranges  0x00000000      0x588 ../../lib/c/libc.a(double_to_str.o)
 .debug_line    0x00000000      0x569 ../../lib/c/libc.a(double_to_str.o)
 .debug_str     0x00000000      0x40f ../../lib/c/libc.a(double_to_str.o)
 .comment       0x00000000       0x12 ../../lib/c/libc.a(double_to_str.o)
 .note.GNU-stack
                0x00000000        0x0 ../../lib/c/libc.a(double_to_str.o)
 .eh_frame      0x00000000       0xf4 ../../lib/c/libc.a(double_to_str.o)
 .debug_info    0x00000000     0x25a8 ../../lib/c/libc.a(malloc.o)
 .debug_abbrev  0x00000000      0x39b ../../lib/c/libc.a(malloc.o)
 .debug_loc     0x00000000     0x2b6f ../../lib/c/libc.a(malloc.o)
 .debug_aranges
                0x00000000       0x28 ../../lib/c/libc.a(malloc.o)
 .debug_ranges  0x00000000      0x860 ../../lib/c/libc.a(malloc.o)
 .debug_line    0x00000000      0x64f ../../lib/c/libc.a(malloc.o)
 .debug_str     0x00000000      0x3e0 ../../lib/c/libc.a(malloc.o)
 .comment       0x00000000       0x12 ../../lib/c/libc.a(malloc.o)
 .note.GNU-stack
                0x00000000        0x0 ../../lib/c/libc.a(malloc.o)
 .eh_frame      0x00000000      0x264 ../../lib/c/libc.a(malloc.o)
 .debug_info    0x00000000      0xabf ../../lib/c/libc.a(ns.o)
 .debug_abbrev  0x00000000      0x215 ../../lib/c/libc.a(ns.o)
 .debug_loc     0x00000000      0x32f ../../lib/c/libc.a(ns.o)
 .debug_aranges
                0x00000000       0x20 ../../lib/c/libc.a(ns.o)
 .debug_ranges  0x00000000       0x18 ../../lib/c/libc.a(ns.o)
 .debug_line    0x00000000      0x1aa ../../lib/c/libc.a(ns.o)
 .debug_str     0x00000000      0x77c ../../lib/c/libc.a(ns.o)
 .comment       0x00000000       0x12 ../../lib/c/libc.a(ns.o)
 .note.GNU-stack
                0x00000000        0x0 ../../lib/c/libc.a(ns.o)
 .eh_frame      0x00000000      0x11c ../../lib/c/libc.a(ns.o)
 .debug_info    0x00000000     0x9e41 ../../lib/c/libc.a(async.o)
 .debug_abbrev  0x00000000      0x4d1 ../../lib/c/libc.a(async.o)
 .debug_loc     0x00000000     0x6ffb ../../lib/c/libc.a(async.o)
 .debug_aranges
                0x00000000       0x30 ../../lib/c/libc.a(async.o)
 .debug_ranges  0x00000000      0xf00 ../../lib/c/libc.a(async.o)
 .debug_line    0x00000000     0x14dd ../../lib/c/libc.a(async.o)
 .debug_str     0x00000000     0x166c ../../lib/c/libc.a(async.o)
 .comment       0x00000000       0x12 ../../lib/c/libc.a(async.o)
 .note.GNU-stack
                0x00000000        0x0 ../../lib/c/libc.a(async.o)
 .eh_frame      0x00000000     0x1018 ../../lib/c/libc.a(async.o)
 .debug_info    0x00000000     0x10ce ../../lib/c/libc.a(loader.o)
 .debug_abbrev  0x00000000      0x297 ../../lib/c/libc.a(loader.o)
 .debug_loc     0x00000000      0x7a0 ../../lib/c/libc.a(loader.o)
 .debug_aranges
                0x00000000       0x20 ../../lib/c/libc.a(loader.o)
 .debug_line    0x00000000      0x2ab ../../lib/c/libc.a(loader.o)
 .debug_str     0x00000000      0x8e4 ../../lib/c/libc.a(loader.o)
 .comment       0x00000000       0x12 ../../lib/c/libc.a(loader.o)
 .note.GNU-stack
                0x00000000        0x0 ../../lib/c/libc.a(loader.o)
 .eh_frame      0x00000000      0x210 ../../lib/c/libc.a(loader.o)
 .debug_info    0x00000000      0x23c ../../lib/c/libc.a(list.o)
 .debug_abbrev  0x00000000      0x143 ../../lib/c/libc.a(list.o)
 .debug_loc     0x00000000      0x209 ../../lib/c/libc.a(list.o)
 .debug_aranges
                0x00000000       0x20 ../../lib/c/libc.a(list.o)
 .debug_ranges  0x00000000       0x30 ../../lib/c/libc.a(list.o)
 .debug_line    0x00000000       0xb3 ../../lib/c/libc.a(list.o)
 .debug_str     0x00000000      0x144 ../../lib/c/libc.a(list.o)
 .comment       0x00000000       0x12 ../../lib/c/libc.a(list.o)
 .note.GNU-stack
                0x00000000        0x0 ../../lib/c/libc.a(list.o)
 .eh_frame      0x00000000       0x88 ../../lib/c/libc.a(list.o)
 .debug_info    0x00000000     0x151a ../../lib/c/libc.a(hash_table.o)
 .debug_abbrev  0x00000000      0x404 ../../lib/c/libc.a(hash_table.o)
 .debug_loc     0x00000000     0x10c4 ../../lib/c/libc.a(hash_table.o)
 .debug_aranges
                0x00000000       0x20 ../../lib/c/libc.a(hash_table.o)
 .debug_ranges  0x00000000      0x420 ../../lib/c/libc.a(hash_table.o)
 .debug_line    0x00000000      0x4e7 ../../lib/c/libc.a(hash_table.o)
 .debug_str     0x00000000      0x3d1 ../../lib/c/libc.a(hash_table.o)
 .comment       0x00000000       0x12 ../../lib/c/libc.a(hash_table.o)
 .note.GNU-stack
                0x00000000        0x0 ../../lib/c/libc.a(hash_table.o)
 .eh_frame      0x00000000      0x30c ../../lib/c/libc.a(hash_table.o)
 .debug_info    0x00000000     0x20b5 ../../lib/c/libc.a(time.o)
 .debug_abbrev  0x00000000      0x443 ../../lib/c/libc.a(time.o)
 .debug_loc     0x00000000     0x2266 ../../lib/c/libc.a(time.o)
 .debug_aranges
                0x00000000       0x20 ../../lib/c/libc.a(time.o)
 .debug_ranges  0x00000000      0x8b8 ../../lib/c/libc.a(time.o)
 .debug_line    0x00000000      0x7b4 ../../lib/c/libc.a(time.o)
 .debug_str     0x00000000      0x94f ../../lib/c/libc.a(time.o)
 .comment       0x00000000       0x12 ../../lib/c/libc.a(time.o)
 .note.GNU-stack
                0x00000000        0x0 ../../lib/c/libc.a(time.o)
 .eh_frame      0x00000000      0x390 ../../lib/c/libc.a(time.o)
 .debug_info    0x00000000     0x477c ../../lib/c/libc.a(vfs.o)
 .debug_abbrev  0x00000000      0x4a6 ../../lib/c/libc.a(vfs.o)
 .debug_loc     0x00000000     0x191c ../../lib/c/libc.a(vfs.o)
 .debug_aranges
                0x00000000       0x20 ../../lib/c/libc.a(vfs.o)
 .debug_ranges  0x00000000      0x538 ../../lib/c/libc.a(vfs.o)
 .debug_line    0x00000000      0x96a ../../lib/c/libc.a(vfs.o)
 .debug_str     0x00000000      0xca7 ../../lib/c/libc.a(vfs.o)
 .comment       0x00000000       0x12 ../../lib/c/libc.a(vfs.o)
 .note.GNU-stack
                0x00000000        0x0 ../../lib/c/libc.a(vfs.o)
 .eh_frame      0x00000000      0x610 ../../lib/c/libc.a(vfs.o)
 .debug_info    0x00000000      0x504 ../../lib/c/libc.a(canonify.o)
 .debug_abbrev  0x00000000      0x1e8 ../../lib/c/libc.a(canonify.o)
 .debug_loc     0x00000000      0x2bc ../../lib/c/libc.a(canonify.o)
 .debug_aranges
                0x00000000       0x20 ../../lib/c/libc.a(canonify.o)
 .debug_ranges  0x00000000       0x40 ../../lib/c/libc.a(canonify.o)
 .debug_line    0x00000000       0xfd ../../lib/c/libc.a(canonify.o)
 .debug_str     0x00000000      0x223 ../../lib/c/libc.a(canonify.o)
 .comment       0x00000000       0x12 ../../lib/c/libc.a(canonify.o)
 .note.GNU-stack
                0x00000000        0x0 ../../lib/c/libc.a(canonify.o)
 .eh_frame      0x00000000      0x148 ../../lib/c/libc.a(canonify.o)
 .debug_info    0x00000000      0x110 ../../lib/c/libc.a(stack.o)
 .debug_abbrev  0x00000000       0xa5 ../../lib/c/libc.a(stack.o)
 .debug_loc     0x00000000       0x38 ../../lib/c/libc.a(stack.o)
 .debug_aranges
                0x00000000       0x20 ../../lib/c/libc.a(stack.o)
 .debug_line    0x00000000       0x9b ../../lib/c/libc.a(stack.o)
 .debug_str     0x00000000      0x10e ../../lib/c/libc.a(stack.o)
 .comment       0x00000000       0x12 ../../lib/c/libc.a(stack.o)
 .note.GNU-stack
                0x00000000        0x0 ../../lib/c/libc.a(stack.o)
 .eh_frame      0x00000000       0x38 ../../lib/c/libc.a(stack.o)
 .debug_info    0x00000000      0x3c9 ../../lib/c/libc.a(stacktrace.o)
 .debug_abbrev  0x00000000      0x1ad ../../lib/c/libc.a(stacktrace.o)
 .debug_loc     0x00000000       0xe5 ../../lib/c/libc.a(stacktrace.o)
 .debug_aranges
                0x00000000       0x20 ../../lib/c/libc.a(stacktrace.o)
 .debug_ranges  0x00000000       0x30 ../../lib/c/libc.a(stacktrace.o)
 .debug_line    0x00000000       0xd4 ../../lib/c/libc.a(stacktrace.o)
 .debug_str     0x00000000      0x1c3 ../../lib/c/libc.a(stacktrace.o)
 .comment       0x00000000       0x12 ../../lib/c/libc.a(stacktrace.o)
 .note.GNU-stack
                0x00000000        0x0 ../../lib/c/libc.a(stacktrace.o)
 .eh_frame      0x00000000       0x90 ../../lib/c/libc.a(stacktrace.o)
 .debug_info    0x00000000      0x21f ../../lib/c/libc.a(assert.o)
 .debug_abbrev  0x00000000      0x153 ../../lib/c/libc.a(assert.o)
 .debug_loc     0x00000000       0x4b ../../lib/c/libc.a(assert.o)
 .debug_aranges
                0x00000000       0x20 ../../lib/c/libc.a(assert.o)
 .debug_line    0x00000000       0xfc ../../lib/c/libc.a(assert.o)
 .debug_str     0x00000000      0x156 ../../lib/c/libc.a(assert.o)
 .comment       0x00000000       0x12 ../../lib/c/libc.a(assert.o)
 .note.GNU-stack
                0x00000000        0x0 ../../lib/c/libc.a(assert.o)
 .eh_frame      0x00000000       0x38 ../../lib/c/libc.a(assert.o)
 .debug_line    0x00000000       0x6f ../../lib/c/libc.a(syscall.o)
 .debug_info    0x00000000       0x70 ../../lib/c/libc.a(syscall.o)
 .debug_abbrev  0x00000000       0x14 ../../lib/c/libc.a(syscall.o)
 .debug_aranges
                0x00000000       0x20 ../../lib/c/libc.a(syscall.o)
 .debug_line    0x00000000       0x5b ../../lib/c/libc.a(fibril.o)
 .debug_info    0x00000000       0x6f ../../lib/c/libc.a(fibril.o)
 .debug_abbrev  0x00000000       0x14 ../../lib/c/libc.a(fibril.o)
 .debug_aranges
                0x00000000       0x20 ../../lib/c/libc.a(fibril.o)
 .debug_info    0x00000000      0x427 ../../lib/c/libc.a(tls.o)
 .debug_abbrev  0x00000000      0x194 ../../lib/c/libc.a(tls.o)
 .debug_loc     0x00000000       0xdc ../../lib/c/libc.a(tls.o)
 .debug_aranges
                0x00000000       0x20 ../../lib/c/libc.a(tls.o)
 .debug_line    0x00000000       0xe8 ../../lib/c/libc.a(tls.o)
 .debug_str     0x00000000      0x59c ../../lib/c/libc.a(tls.o)
 .comment       0x00000000       0x12 ../../lib/c/libc.a(tls.o)
 .note.GNU-stack
                0x00000000        0x0 ../../lib/c/libc.a(tls.o)
 .eh_frame      0x00000000       0x7c ../../lib/c/libc.a(tls.o)
 .debug_info    0x00000000      0x1cb ../../lib/c/libc.a(stacktrace.o)
 .debug_abbrev  0x00000000       0xe1 ../../lib/c/libc.a(stacktrace.o)
 .debug_loc     0x00000000       0xa8 ../../lib/c/libc.a(stacktrace.o)
 .debug_aranges
                0x00000000       0x20 ../../lib/c/libc.a(stacktrace.o)
 .debug_line    0x00000000       0xb1 ../../lib/c/libc.a(stacktrace.o)
 .debug_str     0x00000000      0x138 ../../lib/c/libc.a(stacktrace.o)
 .comment       0x00000000       0x12 ../../lib/c/libc.a(stacktrace.o)
 .note.GNU-stack
                0x00000000        0x0 ../../lib/c/libc.a(stacktrace.o)
 .eh_frame      0x00000000       0x78 ../../lib/c/libc.a(stacktrace.o)
 .debug_line    0x00000000       0x52 ../../lib/c/libc.a(stacktrace_asm.o)
 .debug_info    0x00000000       0x77 ../../lib/c/libc.a(stacktrace_asm.o)
 .debug_abbrev  0x00000000       0x14 ../../lib/c/libc.a(stacktrace_asm.o)
 .debug_aranges
                0x00000000       0x20 ../../lib/c/libc.a(stacktrace_asm.o)
 .debug_info    0x00000000      0xe97 ../../lib/c/libc.a(ddi.o)
 .debug_abbrev  0x00000000      0x260 ../../lib/c/libc.a(ddi.o)
 .debug_loc     0x00000000      0x6f8 ../../lib/c/libc.a(ddi.o)
 .debug_aranges
                0x00000000       0x20 ../../lib/c/libc.a(ddi.o)
 .debug_ranges  0x00000000       0xb0 ../../lib/c/libc.a(ddi.o)
 .debug_line    0x00000000      0x28a ../../lib/c/libc.a(ddi.o)
 .debug_str     0x00000000      0x84a ../../lib/c/libc.a(ddi.o)
 .comment       0x00000000       0x12 ../../lib/c/libc.a(ddi.o)
 .note.GNU-stack
                0x00000000        0x0 ../../lib/c/libc.a(ddi.o)
 .eh_frame      0x00000000      0x274 ../../lib/c/libc.a(ddi.o)
 .debug_info    0x00000000      0x46d ../../lib/c/libc.a(as.o)
 .debug_abbrev  0x00000000       0xcc ../../lib/c/libc.a(as.o)
 .debug_loc     0x00000000      0x118 ../../lib/c/libc.a(as.o)
 .debug_aranges
                0x00000000       0x20 ../../lib/c/libc.a(as.o)
 .debug_line    0x00000000       0xc1 ../../lib/c/libc.a(as.o)
 .debug_str     0x00000000      0x539 ../../lib/c/libc.a(as.o)
 .comment       0x00000000       0x12 ../../lib/c/libc.a(as.o)
 .note.GNU-stack
                0x00000000        0x0 ../../lib/c/libc.a(as.o)
 .eh_frame      0x00000000       0xb8 ../../lib/c/libc.a(as.o)
 .debug_info    0x00000000      0x705 ../../lib/c/libc.a(clock_dev.o)
 .debug_abbrev  0x00000000      0x19e ../../lib/c/libc.a(clock_dev.o)
 .debug_loc     0x00000000      0x192 ../../lib/c/libc.a(clock_dev.o)
 .debug_aranges
                0x00000000       0x20 ../../lib/c/libc.a(clock_dev.o)
 .debug_line    0x00000000      0x199 ../../lib/c/libc.a(clock_dev.o)
 .debug_str     0x00000000      0x71f ../../lib/c/libc.a(clock_dev.o)
 .comment       0x00000000       0x12 ../../lib/c/libc.a(clock_dev.o)
 .note.GNU-stack
                0x00000000        0x0 ../../lib/c/libc.a(clock_dev.o)
 .eh_frame      0x00000000       0x80 ../../lib/c/libc.a(clock_dev.o)
 .debug_info    0x00000000      0x23e ../../lib/c/libc.a(errno.o)
 .debug_abbrev  0x00000000       0xa9 ../../lib/c/libc.a(errno.o)
 .debug_loc     0x00000000       0x38 ../../lib/c/libc.a(errno.o)
 .debug_aranges
                0x00000000       0x20 ../../lib/c/libc.a(errno.o)
 .debug_line    0x00000000       0xa8 ../../lib/c/libc.a(errno.o)
 .debug_str     0x00000000      0x4be ../../lib/c/libc.a(errno.o)
 .comment       0x00000000       0x12 ../../lib/c/libc.a(errno.o)
 .note.GNU-stack
                0x00000000        0x0 ../../lib/c/libc.a(errno.o)
 .eh_frame      0x00000000       0x38 ../../lib/c/libc.a(errno.o)
 .debug_info    0x00000000      0x289 ../../lib/c/libc.a(power_of_ten.o)
 .debug_abbrev  0x00000000      0x14e ../../lib/c/libc.a(power_of_ten.o)
 .debug_loc     0x00000000       0x8b ../../lib/c/libc.a(power_of_ten.o)
 .debug_aranges
                0x00000000       0x20 ../../lib/c/libc.a(power_of_ten.o)
 .debug_ranges  0x00000000       0x18 ../../lib/c/libc.a(power_of_ten.o)
 .debug_line    0x00000000       0xd3 ../../lib/c/libc.a(power_of_ten.o)
 .debug_str     0x00000000      0x1ac ../../lib/c/libc.a(power_of_ten.o)
 .comment       0x00000000       0x12 ../../lib/c/libc.a(power_of_ten.o)
 .note.GNU-stack
                0x00000000        0x0 ../../lib/c/libc.a(power_of_ten.o)
 .eh_frame      0x00000000       0x44 ../../lib/c/libc.a(power_of_ten.o)
 .debug_info    0x00000000      0x86b ../../lib/c/libc.a(sysinfo.o)
 .debug_abbrev  0x00000000      0x1a8 ../../lib/c/libc.a(sysinfo.o)
 .debug_loc     0x00000000      0x444 ../../lib/c/libc.a(sysinfo.o)
 .debug_aranges
                0x00000000       0x20 ../../lib/c/libc.a(sysinfo.o)
 .debug_ranges  0x00000000       0x20 ../../lib/c/libc.a(sysinfo.o)
 .debug_line    0x00000000      0x167 ../../lib/c/libc.a(sysinfo.o)
 .debug_str     0x00000000      0x64e ../../lib/c/libc.a(sysinfo.o)
 .comment       0x00000000       0x12 ../../lib/c/libc.a(sysinfo.o)
 .note.GNU-stack
                0x00000000        0x0 ../../lib/c/libc.a(sysinfo.o)
 .eh_frame      0x00000000      0x124 ../../lib/c/libc.a(sysinfo.o)
 .debug_info    0x00000000     0x18bc ../../lib/c/libc.a(ipc.o)
 .debug_abbrev  0x00000000      0x3f1 ../../lib/c/libc.a(ipc.o)
 .debug_loc     0x00000000      0xe78 ../../lib/c/libc.a(ipc.o)
 .debug_aranges
                0x00000000       0x20 ../../lib/c/libc.a(ipc.o)
 .debug_ranges  0x00000000      0x2e8 ../../lib/c/libc.a(ipc.o)
 .debug_line    0x00000000      0x3f1 ../../lib/c/libc.a(ipc.o)
 .debug_str     0x00000000      0x877 ../../lib/c/libc.a(ipc.o)
 .comment       0x00000000       0x12 ../../lib/c/libc.a(ipc.o)
 .note.GNU-stack
                0x00000000        0x0 ../../lib/c/libc.a(ipc.o)
 .eh_frame      0x00000000      0x2a0 ../../lib/c/libc.a(ipc.o)
 .debug_info    0x00000000      0xa2a ../../lib/c/libc.a(pio_trace.o)
 .debug_abbrev  0x00000000      0x281 ../../lib/c/libc.a(pio_trace.o)
 .debug_loc     0x00000000      0x208 ../../lib/c/libc.a(pio_trace.o)
 .debug_aranges
                0x00000000       0x20 ../../lib/c/libc.a(pio_trace.o)
 .debug_ranges  0x00000000       0x70 ../../lib/c/libc.a(pio_trace.o)
 .debug_line    0x00000000      0x1ad ../../lib/c/libc.a(pio_trace.o)
 .debug_str     0x00000000      0x705 ../../lib/c/libc.a(pio_trace.o)
 .comment       0x00000000       0x12 ../../lib/c/libc.a(pio_trace.o)
 .note.GNU-stack
                0x00000000        0x0 ../../lib/c/libc.a(pio_trace.o)
 .eh_frame      0x00000000       0xa0 ../../lib/c/libc.a(pio_trace.o)
 .debug_info    0x00000000      0xa1d ../../lib/softint/libsoftint.a(division.o)
 .debug_abbrev  0x00000000      0x13f ../../lib/softint/libsoftint.a(division.o)
 .debug_loc     0x00000000      0xc03 ../../lib/softint/libsoftint.a(division.o)
 .debug_aranges
                0x00000000       0x20 ../../lib/softint/libsoftint.a(division.o)
 .debug_ranges  0x00000000      0x390 ../../lib/softint/libsoftint.a(division.o)
 .debug_line    0x00000000      0x296 ../../lib/softint/libsoftint.a(division.o)
 .debug_str     0x00000000      0x134 ../../lib/softint/libsoftint.a(division.o)
 .comment       0x00000000       0x12 ../../lib/softint/libsoftint.a(division.o)
 .note.GNU-stack
                0x00000000        0x0 ../../lib/softint/libsoftint.a(division.o)
 .eh_frame      0x00000000      0x294 ../../lib/softint/libsoftint.a(division.o)

Memory Configuration

Name             Origin             Length             Attributes
*default*        0x00000000         0xffffffff

Linker script and memory map

LOAD /home/pratik/HelenOS_Emacs/helenos/uspace/lib/c/arch/ia32/src/entry.o
                0x00001094                . = (0x1000 + SIZEOF_HEADERS)

.init           0x00001094       0x2c
 *(.init)
 .init          0x00001094       0x2c /home/pratik/HelenOS_Emacs/helenos/uspace/lib/c/arch/ia32/src/entry.o
                0x00001094                __entry

.text           0x000010c0    0x241dc
 *(.text .text.*)
 .text          0x000010c0        0x0 /home/pratik/HelenOS_Emacs/helenos/uspace/lib/c/arch/ia32/src/entry.o
 .text          0x000010c0     0x1ef3 main.o
 *fill*         0x00002fb3        0xd 
 .text.startup  0x00002fc0      0x1b4 main.o
                0x00002fc0                main
 *fill*         0x00003174        0xc 
 .text          0x00003180     0x27e0 devman.o
                0x00003360                init_driver_list
                0x000033a0                create_driver
                0x00003400                add_driver
                0x00003460                read_match_id
                0x000034d0                parse_match_ids
                0x00003600                read_match_ids
                0x000037d0                get_driver_info
                0x000039a0                create_root_nodes
                0x00003c10                find_best_match_driver
                0x00003c80                attach_driver
                0x00003d10                detach_driver
                0x00003dd0                start_driver
                0x00003eb0                find_driver
                0x00003f10                init_driver
                0x00003f70                clean_driver
                0x00004050                lookup_available_drivers
                0x00004220                delete_driver
                0x00004260                loc_register_tree_function
                0x000043a0                add_device
                0x000044b0                initialize_running_driver
                0x00004690                assign_driver
                0x00004970                driver_dev_remove
                0x00004a60                driver_dev_gone
                0x00004b50                driver_fun_online
                0x00004c30                driver_fun_offline
                0x00004d10                init_device_tree
                0x00004e70                create_dev_node
                0x00004eb0                delete_dev_node
                0x00004f30                dev_add_ref
                0x00004f40                dev_del_ref
                0x00004fd0                find_dev_node_no_lock
                0x00005030                find_dev_node
                0x000050b0                dev_get_functions
                0x00005140                create_fun_node
                0x000051a0                delete_fun_node
                0x00005270                fun_add_ref
                0x00005280                fun_del_ref
                0x000052a0                fun_busy_lock
                0x000052c0                fun_busy_unlock
                0x000052e0                find_fun_node_no_lock
                0x00005340                find_fun_node
                0x000053c0                insert_dev_node
                0x00005460                remove_dev_node
                0x000054f0                insert_fun_node
                0x000055e0                remove_fun_node
                0x00005670                find_fun_node_by_path
                0x00005810                find_fun_node_in_device
                0x000058c0                find_loc_tree_function
                0x00005910                tree_add_loc_function
 .text.unlikely
                0x00005960       0x22 devman.o
 *fill*         0x00005982        0xe 
 .text          0x00005990       0x8a match.o
                0x00005990                get_match_score
 *fill*         0x00005a1a        0x6 
 .text          0x00005a20      0x1ef util.o
                0x00005a20                get_abs_path
                0x00005b10                get_path_elem_end
                0x00005b30                skip_spaces
                0x00005b80                get_nonspace_len
                0x00005bc0                free_not_null
                0x00005be0                replace_char
 *fill*         0x00005c0f        0x1 
 .text          0x00005c10      0x18c ../../lib/c/libc.a(libc.o)
                0x00005c10                exit
                0x00005c90                abort
                0x00005ce0                __main
 *fill*         0x00005d9c        0x4 
 .text          0x00005da0     0x296b ../../lib/c/libc.a(loc.o)
                0x00006480                loc_exchange_begin_blocking
                0x00006680                loc_exchange_begin
                0x00006770                loc_exchange_end
                0x00006780                loc_server_register
                0x000069c0                loc_service_register_with_iface
                0x00006b90                loc_service_register
                0x00006d60                loc_service_unregister
                0x00006ed0                loc_service_get_id
                0x00007130                loc_category_get_name
                0x00007150                loc_service_get_name
                0x00007170                loc_service_get_server_name
                0x00007190                loc_namespace_get_id
                0x000073f0                loc_category_get_id
                0x00007650                loc_id_probe
                0x000077c0                loc_service_connect
                0x00007800                loc_null_create
                0x00007970                loc_null_destroy
                0x00007ad0                loc_service_add_to_cat
                0x00007c40                loc_count_namespaces
                0x00007db0                loc_count_services
                0x00007f20                loc_get_namespaces
                0x00008200                loc_get_services
                0x000084e0                loc_category_get_svcs
                0x00008500                loc_get_categories
                0x00008520                loc_register_cat_change_cb
 *fill*         0x0000870b        0x5 
 .text          0x00008710      0x6d7 ../../lib/c/libc.a(mem.o)
                0x00008710                memset
                0x00008890                memcpy
                0x00008a80                memmove
                0x00008db0                bcmp
 *fill*         0x00008de7        0x9 
 .text          0x00008df0     0x3186 ../../lib/c/libc.a(str.o)
                0x00009260                str_decode
                0x00009360                str_decode_reverse
                0x000095b0                chr_encode
                0x000096a0                str_size
                0x000096c0                wstr_size
                0x000096e0                str_lsize
                0x000097d0                str_nsize
                0x00009800                wstr_nsize
                0x00009840                wstr_lsize
                0x00009880                str_length
                0x00009960                wstr_length
                0x00009980                str_nlength
                0x00009a80                wstr_nlength
                0x00009ac0                chr_width
                0x00009ad0                str_width
                0x00009bb0                ascii_check
                0x00009bc0                chr_check
                0x00009bd0                str_cmp
                0x00009e00                str_lcmp
                0x0000a050                str_test_prefix
                0x0000a250                str_cpy
                0x0000a440                str_ncpy
                0x0000a670                str_append
                0x0000a6b0                spascii_to_str
                0x0000a760                wstr_to_str
                0x0000a8b0                utf16_to_str
                0x0000aa60                str_to_utf16
                0x0000abe0                wstr_to_astr
                0x0000ae00                str_to_wstr
                0x0000af30                str_to_awstr
                0x0000b040                str_chr
                0x0000b140                str_rtrim
                0x0000b270                str_ltrim
                0x0000b3a0                str_rchr
                0x0000b4a0                wstr_linsert
                0x0000b500                wstr_remove
                0x0000b550                stricmp
                0x0000b600                strtol
                0x0000b640                str_dup
                0x0000b6a0                str_ndup
                0x0000b710                strtoul
                0x0000b740                strtok_r
                0x0000b980                strtok
                0x0000b9b0                str_uint8_t
                0x0000ba50                str_uint16_t
                0x0000baf0                str_uint32_t
                0x0000bb90                str_uint64_t
                0x0000bc10                str_size_t
                0x0000bcb0                order_suffix
                0x0000be70                bin_order_suffix
 *fill*         0x0000bf76        0xa 
 .text          0x0000bf80       0xab ../../lib/c/libc.a(str_error.o)
                0x0000bf80                str_error
 *fill*         0x0000c02b        0x5 
 .text          0x0000c030      0x70b ../../lib/c/libc.a(fibril.o)
                0x0000c030                fibril_setup
                0x0000c0b0                fibril_teardown
                0x0000c1a0                fibril_switch
                0x0000c490                fibril_create
                0x0000c5a0                fibril_destroy
                0x0000c5d0                fibril_add_ready
                0x0000c640                fibril_add_manager
                0x0000c690                fibril_remove_manager
                0x0000c6e0                fibril_get_id
                0x0000c6f0                fibril_inc_sercount
                0x0000c710                fibril_dec_sercount
                0x0000c730                fibril_get_sercount
 *fill*         0x0000c73b        0x5 
 .text          0x0000c740     0x14bb ../../lib/c/libc.a(fibril_synch.o)
                0x0000c950                fibril_mutex_initialize
                0x0000c970                fibril_mutex_lock
                0x0000ca40                fibril_mutex_trylock
                0x0000ca90                fibril_mutex_unlock
                0x0000cba0                fibril_mutex_is_locked
                0x0000cbe0                fibril_rwlock_initialize
                0x0000cc10                fibril_rwlock_read_lock
                0x0000ccf0                fibril_rwlock_write_lock
                0x0000cdd0                fibril_rwlock_read_unlock
                0x0000ce30                fibril_rwlock_write_unlock
                0x0000ceb0                fibril_rwlock_is_read_locked
                0x0000cef0                fibril_rwlock_is_write_locked
                0x0000cf50                fibril_rwlock_is_locked
                0x0000cfe0                fibril_condvar_initialize
                0x0000cff0                fibril_condvar_wait_timeout
                0x0000d5c0                fibril_condvar_wait
                0x0000d610                fibril_condvar_signal
                0x0000d690                fibril_condvar_broadcast
                0x0000d720                fibril_timer_create
                0x0000d7a0                fibril_timer_destroy
                0x0000d920                fibril_timer_set
                0x0000da90                fibril_timer_clear
 *fill*         0x0000dbfb        0x1 
 .text          0x0000dbfc        0x0 ../../lib/c/libc.a(pcb.o)
 *fill*         0x0000dbfc        0x4 
 .text          0x0000dc00      0x122 ../../lib/c/libc.a(tls.o)
                0x0000dc00                __make_tls
                0x0000dc80                __free_tls
                0x0000dcb0                tls_alloc_variant_2
                0x0000dd00                tls_free_variant_2
 *fill*         0x0000dd22        0xe 
 .text          0x0000dd30      0x611 ../../lib/c/libc.a(task.o)
                0x0000dd30                task_get_id
                0x0000dd80                task_set_name
                0x0000de00                task_kill
                0x0000de50                task_spawnvf
                0x0000df20                task_spawnv
                0x0000dfd0                task_spawn
                0x0000e0d0                task_spawnl
                0x0000e1e0                task_wait
                0x0000e2c0                task_retval
 *fill*         0x0000e341        0xf 
 .text          0x0000e350       0xeb ../../lib/c/libc.a(futex.o)
                0x0000e350                futex_initialize
                0x0000e360                futex_trydown
                0x0000e380                futex_down
                0x0000e3e0                futex_up
 *fill*         0x0000e43b        0x5 
 .text          0x0000e440       0x9b ../../lib/c/libc.a(asprintf.o)
                0x0000e460                asprintf
 *fill*         0x0000e4db        0x5 
 .text          0x0000e4e0     0x248d ../../lib/c/libc.a(io.o)
                0x0000e5b0                __stdio_init
                0x0000e840                __stdio_done
                0x0000ea10                setvbuf
                0x0000ea40                fopen
                0x0000ec30                fdopen
                0x0000ed30                fclose
                0x0000eee0                fread
                0x0000f110                fgetc
                0x0000f390                fgets
                0x0000f6c0                getchar
                0x0000f980                fseek
                0x0000fac0                ftell
                0x0000fbf0                rewind
                0x0000fd20                fflush
                0x00010010                fwrite
                0x000101c0                fputs
                0x00010370                puts
                0x00010520                fputc
                0x000106e0                putchar
                0x000108a0                feof
                0x000108b0                ferror
                0x000108c0                clearerr
                0x000108e0                fileno
                0x00010910                fsession
                0x00010950                fhandle
 *fill*         0x0001096d        0x3 
 .text          0x00010970       0x4a ../../lib/c/libc.a(printf.o)
                0x00010970                fprintf
                0x000109a0                printf
 *fill*         0x000109ba        0x6 
 .text          0x000109c0      0x4c7 ../../lib/c/libc.a(log.o)
                0x000109c0                log_level_str
                0x000109e0                log_level_from_str
                0x00010a80                log_init
                0x00010b80                log_create
                0x00010c50                log_msg
                0x00010d70                log_msgv
 *fill*         0x00010e87        0x9 
 .text          0x00010e90      0x276 ../../lib/c/libc.a(klog.o)
                0x00010fa0                klog_write
                0x00010ff0                klog_update
                0x00011040                klog_command
                0x00011090                klog_printf
                0x000110d0                klog_vprintf
 *fill*         0x00011106        0xa 
 .text          0x00011110       0x28 ../../lib/c/libc.a(snprintf.o)
                0x00011110                snprintf
 *fill*         0x00011138        0x8 
 .text          0x00011140      0x145 ../../lib/c/libc.a(vprintf.o)
                0x000111d0                vfprintf
                0x00011230                vprintf
 *fill*         0x00011285        0xb 
 .text          0x00011290      0x1cf ../../lib/c/libc.a(vsnprintf.o)
                0x00011410                vsnprintf
 *fill*         0x0001145f        0x1 
 .text          0x00011460     0x261c ../../lib/c/libc.a(printf_core.o)
                0x000123b0                printf_core
 *fill*         0x00013a7c        0x4 
 .text          0x00013a80       0xe5 ../../lib/c/libc.a(ieee_double.o)
                0x00013a80                extract_ieee_double
 *fill*         0x00013b65        0xb 
 .text          0x00013b70     0x14e5 ../../lib/c/libc.a(double_to_str.o)
                0x00013b70                double_to_short_str
                0x00014b90                double_to_fixed_str
 .text.unlikely
                0x00015055       0x22 ../../lib/c/libc.a(double_to_str.o)
 *fill*         0x00015077        0x9 
 .text          0x00015080     0x13f0 ../../lib/c/libc.a(malloc.o)
                0x00015bf0                __malloc_init
                0x00015c90                calloc
                0x00015cf0                malloc
                0x00015d30                memalign
                0x00015e00                free
                0x00016050                realloc
                0x00016390                heap_check
 .text.unlikely
                0x00016470       0x2e ../../lib/c/libc.a(malloc.o)
 *fill*         0x0001649e        0x2 
 .text          0x000164a0      0x364 ../../lib/c/libc.a(ns.o)
                0x000164a0                service_register
                0x00016500                service_connect
                0x00016580                service_connect_blocking
                0x00016600                service_bind
                0x000166f0                ns_ping
                0x00016780                ns_intro
 *fill*         0x00016804        0xc 
 .text          0x00016810     0x4891 ../../lib/c/libc.a(async.o)
                0x00016a00                reply_received
                0x00016f10                awaiter_initialize
                0x00016f60                async_set_client_data_constructor
                0x00016fa0                async_set_client_data_destructor
                0x00016fe0                async_set_client_connection
                0x00017020                async_set_interrupt_received
                0x00017030                async_insert_timeout
                0x00017200                async_get_call_timeout
                0x00017420                async_get_client_data
                0x00017460                async_get_client_data_by_id
                0x00017540                async_put_client_data_by_id
                0x000176b0                async_new_connection
                0x00017ac0                async_create_manager
                0x00017af0                async_destroy_manager
                0x00017b00                __async_init
                0x00017bd0                async_send_fast
                0x00017cb0                async_send_slow
                0x00017da0                async_wait_for
                0x00017e80                async_wait_timeout
                0x00017ff0                async_forget
                0x000180b0                async_usleep
                0x000181e0                async_req_fast
                0x000183e0                async_req_slow
                0x000185f0                async_msg_0
                0x00018650                async_msg_1
                0x000186b0                async_msg_2
                0x00018710                async_msg_3
                0x00018770                async_msg_4
                0x000187d0                async_msg_5
                0x00018830                async_answer_0
                0x00018870                async_answer_1
                0x000188b0                async_answer_2
                0x000188f0                async_answer_3
                0x00018930                async_answer_4
                0x00018940                async_answer_5
                0x00018950                async_forward_fast
                0x00018980                async_forward_slow
                0x000189d0                async_connect_to_me
                0x00018c50                async_clone_establish
                0x00018ec0                async_connect_me_to
                0x00018f90                async_sess_args_set
                0x00018fb0                async_connect_me_to_blocking
                0x00019080                async_connect_kbox
                0x00019130                async_hangup
                0x00019220                async_poke
                0x00019230                async_exchange_begin
                0x000195a0                async_exchange_end
                0x00019630                async_share_in_start
                0x000197f0                async_share_in_receive
                0x00019860                async_share_in_finalize
                0x000198a0                async_share_out_start
                0x00019a40                async_share_out_receive
                0x00019ae0                async_share_out_finalize
                0x00019b20                async_data_read
                0x00019c00                async_data_read_start
                0x00019da0                async_data_read_receive
                0x00019e00                async_data_read_finalize
                0x00019e40                async_data_read_forward_fast
                0x0001a120                async_data_write_start
                0x0001a2c0                async_data_write_receive
                0x0001a310                async_data_write_finalize
                0x0001a350                async_data_write_accept
                0x0001a4c0                async_data_write_void
                0x0001a500                async_data_write_forward_fast
                0x0001a7e0                async_exchange_clone
                0x0001a990                async_clone_receive
                0x0001aad0                async_callback_receive
                0x0001ac10                async_callback_receive_start
                0x0001aca0                async_state_change_start
                0x0001ae60                async_state_change_receive
                0x0001aee0                async_state_change_finalize
                0x0001af20                async_remote_state_acquire
                0x0001af40                async_remote_state_update
                0x0001af90                async_remote_state_release
                0x0001afe0                async_remote_state_release_exchange
 .text.unlikely
                0x0001b0a1       0x44 ../../lib/c/libc.a(async.o)
 *fill*         0x0001b0e5        0xb 
 .text          0x0001b0f0      0x711 ../../lib/c/libc.a(loader.o)
                0x0001b0f0                loader_spawn
                0x0001b150                loader_connect
                0x0001b1b0                loader_get_task_id
                0x0001b260                loader_set_cwd
                0x0001b380                loader_set_pathname
                0x0001b460                loader_set_args
                0x0001b5a0                loader_set_files
                0x0001b6b0                loader_load_program
                0x0001b740                loader_run
                0x0001b7e0                loader_abort
 *fill*         0x0001b801        0xf 
 .text          0x0001b810       0x7a ../../lib/c/libc.a(list.o)
                0x0001b810                list_member
                0x0001b840                list_concat
                0x0001b870                list_count
 *fill*         0x0001b88a        0x6 
 .text          0x0001b890      0xc34 ../../lib/c/libc.a(hash_table.o)
                0x0001ba10                hash_table_create
                0x0001bb40                hash_table_destroy
                0x0001bc50                hash_table_empty
                0x0001bc90                hash_table_size
                0x0001bcd0                hash_table_clear
                0x0001bdf0                hash_table_insert
                0x0001bec0                hash_table_insert_unique
                0x0001c020                hash_table_find
                0x0001c0c0                hash_table_find_next
                0x0001c170                hash_table_remove
                0x0001c2a0                hash_table_remove_item
                0x0001c380                hash_table_apply
 *fill*         0x0001c4c4        0xc 
 .text          0x0001c4d0     0x1906 ../../lib/c/libc.a(time.o)
                0x0001cd00                tv_add
                0x0001cd60                tv_sub
                0x0001cda0                tv_gt
                0x0001cdd0                tv_gteq
                0x0001ce00                getuptime
                0x0001ced0                gettimeofday
                0x0001d090                time
                0x0001d0d0                usleep
                0x0001d120                udelay
                0x0001d170                sleep
                0x0001d1f0                mktime
                0x0001d260                strftime
                0x0001dab0                time_utc2tm
                0x0001db20                time_utc2str
                0x0001dbf0                time_tm2str
                0x0001dca0                time_local2tm
                0x0001dcf0                time_local2str
                0x0001ddc0                difftime
 *fill*         0x0001ddd6        0xa 
 .text          0x0001dde0     0x236d ../../lib/c/libc.a(vfs.o)
                0x0001dde0                vfs_exchange_begin
                0x0001de50                vfs_exchange_end
                0x0001de60                absolutize
                0x0001e0d0                mount
                0x0001e410                unmount
                0x0001e550                open
                0x0001e690                close
                0x0001e770                read
                0x0001e880                write
                0x0001e9a0                read_all
                0x0001eaf0                write_all
                0x0001ec60                fsync
                0x0001ed40                lseek
                0x0001ee20                ftruncate
                0x0001ef00                fstat
                0x0001f010                stat
                0x0001f170                opendir
                0x0001f2e0                readdir
                0x0001f410                rewinddir
                0x0001f4f0                closedir
                0x0001f5d0                mkdir
                0x0001f710                unlink
                0x0001f720                rmdir
                0x0001f740                rename
                0x0001f8e0                chdir
                0x0001fb40                getcwd
                0x0001fbc0                fd_session
                0x0001fd10                dup2
                0x0001fdf0                fd_wait
                0x0001fed0                get_mtab_list
 *fill*         0x0002014d        0x3 
 .text          0x00020150      0x279 ../../lib/c/libc.a(canonify.o)
                0x00020240                canonify
 *fill*         0x000203c9        0x7 
 .text          0x000203d0       0x31 ../../lib/c/libc.a(stack.o)
                0x000203d0                stack_size_get
 *fill*         0x00020401        0xf 
 .text          0x00020410      0x139 ../../lib/c/libc.a(stacktrace.o)
                0x00020430                stacktrace_print_fp_pc
                0x000204b0                stacktrace_print
 *fill*         0x00020549        0x7 
 .text          0x00020550       0x5d ../../lib/c/libc.a(assert.o)
                0x00020550                assert_abort
 *fill*         0x000205ad        0x3 
 .text          0x000205b0       0x5b ../../lib/c/libc.a(syscall.o)
                0x000205b0                __syscall_slow
                0x000205d7                __syscall_fast
 *fill*         0x0002060b        0x1 
 .text          0x0002060c       0x4c ../../lib/c/libc.a(fibril.o)
                0x0002060c                context_save
                0x00020631                context_restore
 *fill*         0x00020658        0x8 
 .text          0x00020660       0x51 ../../lib/c/libc.a(tls.o)
                0x00020660                __alloc_tls
                0x00020670                __free_tls_arch
                0x00020680                ___tls_get_addr
 *fill*         0x000206b1        0xf 
 .text          0x000206c0       0x4a ../../lib/c/libc.a(stacktrace.o)
                0x000206c0                stacktrace_fp_valid
                0x000206d0                stacktrace_fp_prev
                0x000206f0                stacktrace_ra_get
 *fill*         0x0002070a        0x2 
 .text          0x0002070c        0x8 ../../lib/c/libc.a(stacktrace_asm.o)
                0x0002070c                stacktrace_prepare
                0x0002070d                stacktrace_fp_get
                0x00020710                stacktrace_pc_get
 *fill*         0x00020714        0xc 
 .text          0x00020720      0x503 ../../lib/c/libc.a(ddi.o)
                0x00020720                device_assign_devno
                0x00020770                physmem_map
                0x000207b0                dmamem_map
                0x00020800                dmamem_map_anonymous
                0x00020850                dmamem_unmap
                0x000208a0                dmamem_unmap_anonymous
                0x000208f0                pio_enable
                0x000209e0                pio_write_8
                0x00020a30                pio_write_16
                0x00020a80                pio_write_32
                0x00020ad0                pio_read_8
                0x00020b10                pio_read_16
                0x00020b50                pio_read_32
                0x00020b90                irq_register
                0x00020be0                irq_unregister
 *fill*         0x00020c23        0xd 
 .text          0x00020c30      0x183 ../../lib/c/libc.a(as.o)
                0x00020c30                as_area_create
                0x00020c80                as_area_resize
                0x00020cd0                as_area_destroy
                0x00020d20                as_area_change_flags
                0x00020d70                as_get_physical_mapping
 *fill*         0x00020db3        0xd 
 .text          0x00020dc0      0x15a ../../lib/c/libc.a(clock_dev.o)
                0x00020dc0                clock_dev_time_get
                0x00020e70                clock_dev_time_set
 *fill*         0x00020f1a        0x6 
 .text          0x00020f20       0x10 ../../lib/c/libc.a(errno.o)
                0x00020f20                __errno
 .text          0x00020f30      0x108 ../../lib/c/libc.a(power_of_ten.o)
                0x00020f30                get_power_of_ten
 *fill*         0x00021038        0x8 
 .text          0x00021040      0x36b ../../lib/c/libc.a(sysinfo.o)
                0x00021040                sysinfo_get_keys
                0x00021120                sysinfo_get_val_type
                0x00021180                sysinfo_get_value
                0x000211d0                sysinfo_get_data
                0x000212b0                sysinfo_get_property
 *fill*         0x000213ab        0x5 
 .text          0x000213b0      0xab0 ../../lib/c/libc.a(ipc.o)
                0x000214f0                ipc_call_async_fast
                0x00021740                ipc_call_async_slow
                0x00021920                ipc_answer_fast
                0x00021960                ipc_answer_slow
                0x000219d0                ipc_wait_cycle
                0x00021ad0                ipc_poke
                0x00021b20                ipc_wait_for_call_timeout
                0x00021c10                ipc_trywait_for_call
                0x00021d10                ipc_hangup
                0x00021d60                ipc_forward_fast
                0x00021da0                ipc_forward_slow
                0x00021e10                ipc_connect_kbox
 .text          0x00021e60      0x1cf ../../lib/c/libc.a(pio_trace.o)
                0x00021e60                pio_trace_log
                0x00021f20                pio_trace_enable
                0x00021fb0                pio_trace_disable
 *fill*         0x0002202f        0x1 
 .text          0x00022030      0x8e2 ../../lib/softint/libsoftint.a(division.o)
                0x00022030                __divsi3
                0x000220b0                __divdi3
                0x00022200                __udivsi3
                0x00022250                __udivdi3
                0x00022340                __modsi3
                0x000223a0                __moddi3
                0x00022490                __umodsi3
                0x000224d0                __umoddi3
                0x00022560                __divmodsi3
                0x000225f0                __udivmodsi3
                0x00022660                __divmoddi3
                0x00022810                __udivmoddi3
 *(.rodata .rodata.*)
 *fill*         0x00022912        0x2 
 .rodata.str1.4
                0x00022914      0x69e main.o
 .rodata.str1.1
                0x00022fb2      0x123 main.o
 *fill*         0x000230d5        0x3 
 .rodata        0x000230d8       0x58 main.o
 .rodata.str1.1
                0x00023130      0x1a1 devman.o
                                0x1be (size before relaxing)
 *fill*         0x000232d1        0x3 
 .rodata.str1.4
                0x000232d4      0x3b1 devman.o
 .rodata.str1.1
                0x00000000      0x1a1 util.o
                                  0x4 (size before relaxing)
 *fill*         0x00023685       0x1b 
 .rodata        0x000236a0       0x60 util.o
 .rodata.str1.1
                0x00023700       0x2a ../../lib/c/libc.a(loc.o)
 .rodata.str1.1
                0x0002372a       0x59 ../../lib/c/libc.a(str.o)
                                 0x64 (size before relaxing)
 *fill*         0x00023783       0x1d 
 .rodata        0x000237a0      0x140 ../../lib/c/libc.a(str.o)
 .rodata.str1.1
                0x000238e0      0x190 ../../lib/c/libc.a(str_error.o)
 .rodata.str1.4
                0x00023a70       0x21 ../../lib/c/libc.a(str_error.o)
 *fill*         0x00023a91        0xf 
 .rodata        0x00023aa0       0x48 ../../lib/c/libc.a(str_error.o)
 .rodata.str1.1
                0x00023ae8       0x89 ../../lib/c/libc.a(fibril_synch.o)
 *fill*         0x00023b71        0x3 
 .rodata.str1.4
                0x00023b74       0xb3 ../../lib/c/libc.a(fibril_synch.o)
 .rodata.str1.1
                0x00023c27       0x21 ../../lib/c/libc.a(task.o)
 .rodata.str1.1
                0x00023c48       0x48 ../../lib/c/libc.a(log.o)
                                 0x4e (size before relaxing)
 .rodata        0x00023c90       0x1c ../../lib/c/libc.a(log.o)
 .rodata.str1.1
                0x00023cac       0x82 ../../lib/c/libc.a(printf_core.o)
                                 0x88 (size before relaxing)
 *fill*         0x00023d2e        0x2 
 .rodata.str1.4
                0x00023d30       0x26 ../../lib/c/libc.a(printf_core.o)
 *fill*         0x00023d56        0x2 
 .rodata        0x00023d58      0x23d ../../lib/c/libc.a(printf_core.o)
 .rodata.str1.1
                0x00023f95       0xd7 ../../lib/c/libc.a(double_to_str.o)
                                 0xe6 (size before relaxing)
 .rodata.str1.4
                0x0002406c      0x1d1 ../../lib/c/libc.a(double_to_str.o)
 .rodata.str1.1
                0x0002423d       0xf1 ../../lib/c/libc.a(malloc.o)
 *fill*         0x0002432e        0x2 
 .rodata.str1.4
                0x00024330      0x162 ../../lib/c/libc.a(malloc.o)
 .rodata.str1.1
                0x00024492       0x8e ../../lib/c/libc.a(async.o)
                                 0x98 (size before relaxing)
 .rodata.str1.4
                0x00024520       0xd8 ../../lib/c/libc.a(async.o)
 .rodata.str1.1
                0x00000000        0x2 ../../lib/c/libc.a(loader.o)
 .rodata.str1.1
                0x000245f8       0x5c ../../lib/c/libc.a(hash_table.o)
                                 0x60 (size before relaxing)
 .rodata.str1.4
                0x00024654       0x99 ../../lib/c/libc.a(hash_table.o)
 .rodata.str1.1
                0x000246ed      0x1eb ../../lib/c/libc.a(time.o)
                                0x20b (size before relaxing)
 *fill*         0x000248d8        0x8 
 .rodata        0x000248e0      0x32c ../../lib/c/libc.a(time.o)
 .rodata.str1.1
                0x00024c0c        0x8 ../../lib/c/libc.a(vfs.o)
                                  0x9 (size before relaxing)
 *fill*         0x00024c14        0xc 
 .rodata        0x00024c20       0xc0 ../../lib/c/libc.a(canonify.o)
 .rodata.str1.1
                0x00024ce0       0x13 ../../lib/c/libc.a(stack.o)
 .rodata.str1.1
                0x00024cf3       0x24 ../../lib/c/libc.a(stacktrace.o)
 *fill*         0x00024d17        0x1 
 .rodata.str1.4
                0x00024d18       0x2e ../../lib/c/libc.a(assert.o)
 .rodata.str1.1
                0x00024d46       0x17 ../../lib/c/libc.a(power_of_ten.o)
                                 0x1d (size before relaxing)
 *fill*         0x00024d5d        0x3 
 .rodata.str1.4
                0x00024d60       0xa4 ../../lib/c/libc.a(power_of_ten.o)
 *fill*         0x00024e04       0x1c 
 .rodata        0x00024e20      0x468 ../../lib/c/libc.a(power_of_ten.o)
 .rodata.str1.1
                0x00025288       0x14 ../../lib/c/libc.a(pio_trace.o)
                                 0x17 (size before relaxing)
                0x0002629c                . = (. + 0x1000)

.data           0x000262a0      0x248
 *(.data)
 .data          0x000262a0        0x0 /home/pratik/HelenOS_Emacs/helenos/uspace/lib/c/arch/ia32/src/entry.o
 .data          0x000262a0        0x0 main.o
 .data          0x000262a0       0x3c devman.o
 .data          0x000262dc        0x0 match.o
 .data          0x000262dc        0x0 util.o
 .data          0x000262dc        0x0 ../../lib/c/libc.a(libc.o)
 .data          0x000262dc       0x50 ../../lib/c/libc.a(loc.o)
 .data          0x0002632c        0x0 ../../lib/c/libc.a(mem.o)
 .data          0x0002632c        0x0 ../../lib/c/libc.a(str.o)
 .data          0x0002632c        0x0 ../../lib/c/libc.a(str_error.o)
 .data          0x0002632c       0x1c ../../lib/c/libc.a(fibril.o)
 .data          0x00026348        0x0 ../../lib/c/libc.a(fibril_synch.o)
 .data          0x00026348        0x0 ../../lib/c/libc.a(pcb.o)
 .data          0x00026348        0x0 ../../lib/c/libc.a(tls.o)
 .data          0x00026348        0x0 ../../lib/c/libc.a(task.o)
 .data          0x00026348        0x0 ../../lib/c/libc.a(futex.o)
 .data          0x00026348        0x0 ../../lib/c/libc.a(asprintf.o)
 *fill*         0x00026348       0x18 
 .data          0x00026360       0xb8 ../../lib/c/libc.a(io.o)
 .data          0x00026418        0x0 ../../lib/c/libc.a(printf.o)
 .data          0x00026418        0x0 ../../lib/c/libc.a(log.o)
 .data          0x00026418        0x0 ../../lib/c/libc.a(klog.o)
 .data          0x00026418        0x0 ../../lib/c/libc.a(snprintf.o)
 .data          0x00026418       0x10 ../../lib/c/libc.a(vprintf.o)
 .data          0x00026428        0x0 ../../lib/c/libc.a(vsnprintf.o)
 .data          0x00026428        0x0 ../../lib/c/libc.a(printf_core.o)
 .data          0x00026428        0x0 ../../lib/c/libc.a(ieee_double.o)
 .data          0x00026428        0x0 ../../lib/c/libc.a(double_to_str.o)
 .data          0x00026428        0x4 ../../lib/c/libc.a(malloc.o)
 .data          0x0002642c        0x0 ../../lib/c/libc.a(ns.o)
 .data          0x0002642c       0x64 ../../lib/c/libc.a(async.o)
                0x0002642c                async_futex
 .data          0x00026490        0x0 ../../lib/c/libc.a(loader.o)
 .data          0x00026490        0x0 ../../lib/c/libc.a(list.o)
 .data          0x00026490        0x0 ../../lib/c/libc.a(hash_table.o)
 .data          0x00026490        0x0 ../../lib/c/libc.a(time.o)
 .data          0x00026490       0x24 ../../lib/c/libc.a(vfs.o)
 .data          0x000264b4        0x0 ../../lib/c/libc.a(canonify.o)
 .data          0x000264b4        0x0 ../../lib/c/libc.a(stack.o)
 .data          0x000264b4        0x0 ../../lib/c/libc.a(stacktrace.o)
 .data          0x000264b4        0x0 ../../lib/c/libc.a(assert.o)
 .data          0x000264b4        0x4 ../../lib/c/libc.a(syscall.o)
                0x000264b4                __syscall_fast_func
 .data          0x000264b8        0x0 ../../lib/c/libc.a(fibril.o)
 .data          0x000264b8        0x0 ../../lib/c/libc.a(tls.o)
 .data          0x000264b8        0x0 ../../lib/c/libc.a(stacktrace.o)
 .data          0x000264b8        0x0 ../../lib/c/libc.a(stacktrace_asm.o)
 .data          0x000264b8        0x0 ../../lib/c/libc.a(ddi.o)
 .data          0x000264b8        0x0 ../../lib/c/libc.a(as.o)
 .data          0x000264b8        0x0 ../../lib/c/libc.a(clock_dev.o)
 .data          0x000264b8        0x0 ../../lib/c/libc.a(errno.o)
 .data          0x000264b8        0x0 ../../lib/c/libc.a(power_of_ten.o)
 .data          0x000264b8        0x0 ../../lib/c/libc.a(sysinfo.o)
 .data          0x000264b8       0x14 ../../lib/c/libc.a(ipc.o)
                0x000264b8                queued_calls
                0x000264c0                dispatched_calls
 .data          0x000264cc       0x1c ../../lib/c/libc.a(pio_trace.o)
 .data          0x000264e8        0x0 ../../lib/softint/libsoftint.a(division.o)

.tdata          0x000264e8       0x4c
                0x000264e8                _tdata_start = .
 *(.tdata)
 *(.gnu.linkonce.tb.*)
                0x000264e8                _tdata_end = .
                0x000264e8                _tbss_start = .
 *(.tbss)
 .tbss          0x000264e8       0x40 ../../lib/c/libc.a(str_error.o)
 .tbss          0x00026528        0x4 ../../lib/c/libc.a(fibril.o)
 .tbss          0x0002652c        0x4 ../../lib/c/libc.a(async.o)
 .tbss          0x00026530        0x4 ../../lib/c/libc.a(errno.o)
                0x00026534                _tbss_end = .
                0x00000004                _tls_alignment = ALIGNOF (.tdata)

.bss            0x00026500      0x154
 *(.dynbss)
 *(COMMON)
 COMMON         0x00026500        0x4 ../../lib/c/libc.a(pcb.o)
                0x00026500                __pcb
 COMMON         0x00026504        0x4 ../../lib/c/libc.a(async.o)
                0x00026504                session_ns
 *(.bss)
 .bss           0x00026508        0x0 /home/pratik/HelenOS_Emacs/helenos/uspace/lib/c/arch/ia32/src/entry.o
 *fill*         0x00026508       0x18 
 .bss           0x00026520       0x90 main.o
 .bss           0x000265b0        0x0 devman.o
 .bss           0x000265b0        0x0 match.o
 .bss           0x000265b0        0x0 util.o
 .bss           0x000265b0        0x1 ../../lib/c/libc.a(libc.o)
 *fill*         0x000265b1        0x3 
 .bss           0x000265b4       0x15 ../../lib/c/libc.a(loc.o)
 *fill*         0x000265c9        0x3 
 .bss           0x000265cc        0x0 ../../lib/c/libc.a(mem.o)
 .bss           0x000265cc        0x4 ../../lib/c/libc.a(str.o)
 .bss           0x000265d0        0x0 ../../lib/c/libc.a(str_error.o)
 .bss           0x000265d0        0x8 ../../lib/c/libc.a(fibril.o)
 .bss           0x000265d8        0x0 ../../lib/c/libc.a(fibril_synch.o)
 .bss           0x000265d8        0x0 ../../lib/c/libc.a(pcb.o)
 .bss           0x000265d8        0x0 ../../lib/c/libc.a(tls.o)
 .bss           0x000265d8        0x0 ../../lib/c/libc.a(task.o)
 .bss           0x000265d8        0x0 ../../lib/c/libc.a(futex.o)
 .bss           0x000265d8        0x0 ../../lib/c/libc.a(asprintf.o)
 .bss           0x000265d8        0xc ../../lib/c/libc.a(io.o)
                0x000265d8                stderr
                0x000265dc                stdout
                0x000265e0                stdin
 .bss           0x000265e4        0x0 ../../lib/c/libc.a(printf.o)
 .bss           0x000265e4        0xc ../../lib/c/libc.a(log.o)
 .bss           0x000265f0        0x0 ../../lib/c/libc.a(klog.o)
 .bss           0x000265f0        0x0 ../../lib/c/libc.a(snprintf.o)
 .bss           0x000265f0        0x0 ../../lib/c/libc.a(vprintf.o)
 .bss           0x000265f0        0x0 ../../lib/c/libc.a(vsnprintf.o)
 .bss           0x000265f0        0x0 ../../lib/c/libc.a(printf_core.o)
 .bss           0x000265f0        0x0 ../../lib/c/libc.a(ieee_double.o)
 .bss           0x000265f0        0x0 ../../lib/c/libc.a(double_to_str.o)
 .bss           0x000265f0        0xc ../../lib/c/libc.a(malloc.o)
 .bss           0x000265fc        0x0 ../../lib/c/libc.a(ns.o)
 .bss           0x000265fc       0x3c ../../lib/c/libc.a(async.o)
                0x000265fc                threads_in_ipc_wait
 .bss           0x00026638        0x0 ../../lib/c/libc.a(loader.o)
 .bss           0x00026638        0x0 ../../lib/c/libc.a(list.o)
 .bss           0x00026638        0x0 ../../lib/c/libc.a(hash_table.o)
 .bss           0x00026638        0x8 ../../lib/c/libc.a(time.o)
                0x00026638                ktime
 .bss           0x00026640        0xc ../../lib/c/libc.a(vfs.o)
 .bss           0x0002664c        0x0 ../../lib/c/libc.a(canonify.o)
 .bss           0x0002664c        0x4 ../../lib/c/libc.a(stack.o)
 .bss           0x00026650        0x0 ../../lib/c/libc.a(stacktrace.o)
 .bss           0x00026650        0x4 ../../lib/c/libc.a(assert.o)
 .bss           0x00026654        0x0 ../../lib/c/libc.a(syscall.o)
 .bss           0x00026654        0x0 ../../lib/c/libc.a(fibril.o)
 .bss           0x00026654        0x0 ../../lib/c/libc.a(tls.o)
 .bss           0x00026654        0x0 ../../lib/c/libc.a(stacktrace.o)
 .bss           0x00026654        0x0 ../../lib/c/libc.a(stacktrace_asm.o)
 .bss           0x00026654        0x0 ../../lib/c/libc.a(ddi.o)
 .bss           0x00026654        0x0 ../../lib/c/libc.a(as.o)
 .bss           0x00026654        0x0 ../../lib/c/libc.a(clock_dev.o)
 .bss           0x00026654        0x0 ../../lib/c/libc.a(errno.o)
 .bss           0x00026654        0x0 ../../lib/c/libc.a(power_of_ten.o)
 .bss           0x00026654        0x0 ../../lib/c/libc.a(sysinfo.o)
 .bss           0x00026654        0x0 ../../lib/c/libc.a(ipc.o)
 .bss           0x00026654        0x0 ../../lib/c/libc.a(pio_trace.o)
 .bss           0x00026654        0x0 ../../lib/softint/libsoftint.a(division.o)

/DISCARD/
 *(*)
LOAD main.o
LOAD devman.o
LOAD match.o
LOAD util.o
LOAD ../../lib/c/libc.a
LOAD ../../lib/softint/libsoftint.a
OUTPUT(devman elf32-i386)
