Archive member included because of file (symbol)

../../lib/block/libblock.a(block.o)
                              blkdump.o (block_init)
../../lib/c/libc.a(libc.o)    /home/pratik/HelenOS_Emacs/helenos/uspace/lib/c/arch/ia32/src/entry.o (__main)
../../lib/c/libc.a(bd.o)      ../../lib/block/libblock.a(block.o) (bd_open)
../../lib/c/libc.a(loc.o)     blkdump.o (loc_service_get_id)
../../lib/c/libc.a(mem.o)     ../../lib/block/libblock.a(block.o) (memcpy)
../../lib/c/libc.a(str.o)     ../../lib/c/libc.a(loc.o) (str_size)
../../lib/c/libc.a(fibril.o)  ../../lib/c/libc.a(libc.o) (fibril_setup)
../../lib/c/libc.a(fibril_synch.o)
                              ../../lib/block/libblock.a(block.o) (fibril_mutex_initialize)
../../lib/c/libc.a(pcb.o)     ../../lib/c/libc.a(libc.o) (__pcb)
../../lib/c/libc.a(tls.o)     ../../lib/c/libc.a(fibril.o) (__make_tls)
../../lib/c/libc.a(task.o)    ../../lib/c/libc.a(libc.o) (task_retval)
../../lib/c/libc.a(futex.o)   ../../lib/c/libc.a(fibril.o) (futex_down)
../../lib/c/libc.a(io.o)      ../../lib/c/libc.a(libc.o) (__stdio_init)
../../lib/c/libc.a(printf.o)  blkdump.o (printf)
../../lib/c/libc.a(klog.o)    ../../lib/c/libc.a(io.o) (klog_write)
../../lib/c/libc.a(vprintf.o)
                              ../../lib/c/libc.a(printf.o) (vfprintf)
../../lib/c/libc.a(printf_core.o)
                              ../../lib/c/libc.a(klog.o) (printf_core)
../../lib/c/libc.a(ieee_double.o)
                              ../../lib/c/libc.a(printf_core.o) (extract_ieee_double)
../../lib/c/libc.a(double_to_str.o)
                              ../../lib/c/libc.a(printf_core.o) (double_to_short_str)
../../lib/c/libc.a(malloc.o)  ../../lib/c/libc.a(libc.o) (__malloc_init)
../../lib/c/libc.a(ns.o)      ../../lib/c/libc.a(loc.o) (service_connect)
../../lib/c/libc.a(async.o)   ../../lib/c/libc.a(fibril_synch.o) (async_futex)
../../lib/c/libc.a(loader.o)  ../../lib/c/libc.a(task.o) (loader_connect)
../../lib/c/libc.a(hash_table.o)
                              ../../lib/block/libblock.a(block.o) (hash_table_create)
../../lib/c/libc.a(time.o)    ../../lib/c/libc.a(fibril_synch.o) (tv_add)
../../lib/c/libc.a(vfs.o)     ../../lib/c/libc.a(loader.o) (vfs_exchange_begin)
../../lib/c/libc.a(canonify.o)
                              ../../lib/c/libc.a(vfs.o) (canonify)
../../lib/c/libc.a(stack.o)   ../../lib/c/libc.a(fibril.o) (stack_size_get)
../../lib/c/libc.a(stacktrace.o)
                              ../../lib/c/libc.a(fibril_synch.o) (stacktrace_print_fp_pc)
../../lib/c/libc.a(assert.o)  ../../lib/block/libblock.a(block.o) (assert_abort)
../../lib/c/libc.a(syscall.o)
                              /home/pratik/HelenOS_Emacs/helenos/uspace/lib/c/arch/ia32/src/entry.o (__syscall_fast_func)
../../lib/c/libc.a(fibril.o)  ../../lib/c/libc.a(fibril.o) (context_save)
../../lib/c/libc.a(tls.o)     ../../lib/c/libc.a(tls.o) (__alloc_tls)
../../lib/c/libc.a(stacktrace.o)
                              ../../lib/c/libc.a(stacktrace.o) (stacktrace_fp_valid)
../../lib/c/libc.a(stacktrace_asm.o)
                              ../../lib/c/libc.a(stacktrace.o) (stacktrace_prepare)
../../lib/c/libc.a(ddi.o)     ../../lib/c/libc.a(time.o) (physmem_map)
../../lib/c/libc.a(as.o)      ../../lib/c/libc.a(fibril.o) (as_area_create)
../../lib/c/libc.a(clock_dev.o)
                              ../../lib/c/libc.a(time.o) (clock_dev_time_get)
../../lib/c/libc.a(errno.o)   ../../lib/c/libc.a(loc.o) (__errno)
../../lib/c/libc.a(snprintf.o)
                              ../../lib/c/libc.a(time.o) (snprintf)
../../lib/c/libc.a(vsnprintf.o)
                              ../../lib/c/libc.a(snprintf.o) (vsnprintf)
../../lib/c/libc.a(power_of_ten.o)
                              ../../lib/c/libc.a(double_to_str.o) (get_power_of_ten)
../../lib/c/libc.a(sysinfo.o)
                              ../../lib/c/libc.a(time.o) (sysinfo_get_value)
../../lib/c/libc.a(ipc.o)     ../../lib/c/libc.a(async.o) (ipc_call_async_fast)
../../lib/c/libc.a(pio_trace.o)
                              ../../lib/c/libc.a(ddi.o) (pio_trace_log)
../../lib/softint/libsoftint.a(division.o)
                              ../../lib/block/libblock.a(block.o) (__udivdi3)

Allocating common symbols
Common symbol       size              file

__pcb               0x4               ../../lib/c/libc.a(pcb.o)
session_ns          0x4               ../../lib/c/libc.a(async.o)

Discarded input sections

 .debug_line    0x00000000       0x52 /home/pratik/HelenOS_Emacs/helenos/uspace/lib/c/arch/ia32/src/entry.o
 .debug_info    0x00000000       0x6e /home/pratik/HelenOS_Emacs/helenos/uspace/lib/c/arch/ia32/src/entry.o
 .debug_abbrev  0x00000000       0x14 /home/pratik/HelenOS_Emacs/helenos/uspace/lib/c/arch/ia32/src/entry.o
 .debug_aranges
                0x00000000       0x20 /home/pratik/HelenOS_Emacs/helenos/uspace/lib/c/arch/ia32/src/entry.o
 .debug_info    0x00000000      0x99b blkdump.o
 .debug_abbrev  0x00000000      0x1b3 blkdump.o
 .debug_loc     0x00000000      0x6d1 blkdump.o
 .debug_aranges
                0x00000000       0x28 blkdump.o
 .debug_ranges  0x00000000       0x48 blkdump.o
 .debug_line    0x00000000      0x243 blkdump.o
 .debug_str     0x00000000      0x665 blkdump.o
 .comment       0x00000000       0x12 blkdump.o
 .note.GNU-stack
                0x00000000        0x0 blkdump.o
 .eh_frame      0x00000000       0x68 blkdump.o
 .debug_info    0x00000000     0x31f2 ../../lib/block/libblock.a(block.o)
 .debug_abbrev  0x00000000      0x49f ../../lib/block/libblock.a(block.o)
 .debug_loc     0x00000000     0x1ee1 ../../lib/block/libblock.a(block.o)
 .debug_aranges
                0x00000000       0x30 ../../lib/block/libblock.a(block.o)
 .debug_ranges  0x00000000      0x628 ../../lib/block/libblock.a(block.o)
 .debug_line    0x00000000      0x7cd ../../lib/block/libblock.a(block.o)
 .debug_str     0x00000000      0xc56 ../../lib/block/libblock.a(block.o)
 .comment       0x00000000       0x12 ../../lib/block/libblock.a(block.o)
 .note.GNU-stack
                0x00000000        0x0 ../../lib/block/libblock.a(block.o)
 .eh_frame      0x00000000      0x434 ../../lib/block/libblock.a(block.o)
 .debug_info    0x00000000      0x79b ../../lib/c/libc.a(libc.o)
 .debug_abbrev  0x00000000      0x21b ../../lib/c/libc.a(libc.o)
 .debug_loc     0x00000000      0x11a ../../lib/c/libc.a(libc.o)
 .debug_aranges
                0x00000000       0x20 ../../lib/c/libc.a(libc.o)
 .debug_line    0x00000000      0x1ad ../../lib/c/libc.a(libc.o)
 .debug_str     0x00000000      0x63d ../../lib/c/libc.a(libc.o)
 .comment       0x00000000       0x12 ../../lib/c/libc.a(libc.o)
 .note.GNU-stack
                0x00000000        0x0 ../../lib/c/libc.a(libc.o)
 .eh_frame      0x00000000       0x70 ../../lib/c/libc.a(libc.o)
 .debug_info    0x00000000      0xcef ../../lib/c/libc.a(bd.o)
 .debug_abbrev  0x00000000      0x22a ../../lib/c/libc.a(bd.o)
 .debug_loc     0x00000000      0x504 ../../lib/c/libc.a(bd.o)
 .debug_aranges
                0x00000000       0x20 ../../lib/c/libc.a(bd.o)
 .debug_line    0x00000000      0x1e8 ../../lib/c/libc.a(bd.o)
 .debug_str     0x00000000      0x759 ../../lib/c/libc.a(bd.o)
 .comment       0x00000000       0x12 ../../lib/c/libc.a(bd.o)
 .note.GNU-stack
                0x00000000        0x0 ../../lib/c/libc.a(bd.o)
 .eh_frame      0x00000000      0x1a0 ../../lib/c/libc.a(bd.o)
 .debug_info    0x00000000     0x49b8 ../../lib/c/libc.a(loc.o)
 .debug_abbrev  0x00000000      0x4b8 ../../lib/c/libc.a(loc.o)
 .debug_loc     0x00000000     0x2c0e ../../lib/c/libc.a(loc.o)
 .debug_aranges
                0x00000000       0x20 ../../lib/c/libc.a(loc.o)
 .debug_ranges  0x00000000     0x15c0 ../../lib/c/libc.a(loc.o)
 .debug_line    0x00000000      0xb86 ../../lib/c/libc.a(loc.o)
 .debug_str     0x00000000      0xf52 ../../lib/c/libc.a(loc.o)
 .comment       0x00000000       0x12 ../../lib/c/libc.a(loc.o)
 .note.GNU-stack
                0x00000000        0x0 ../../lib/c/libc.a(loc.o)
 .eh_frame      0x00000000      0x62c ../../lib/c/libc.a(loc.o)
 .debug_info    0x00000000      0x4d6 ../../lib/c/libc.a(mem.o)
 .debug_abbrev  0x00000000      0x1aa ../../lib/c/libc.a(mem.o)
 .debug_loc     0x00000000      0xa94 ../../lib/c/libc.a(mem.o)
 .debug_aranges
                0x00000000       0x20 ../../lib/c/libc.a(mem.o)
 .debug_ranges  0x00000000      0x110 ../../lib/c/libc.a(mem.o)
 .debug_line    0x00000000      0x199 ../../lib/c/libc.a(mem.o)
 .debug_str     0x00000000      0x169 ../../lib/c/libc.a(mem.o)
 .comment       0x00000000       0x12 ../../lib/c/libc.a(mem.o)
 .note.GNU-stack
                0x00000000        0x0 ../../lib/c/libc.a(mem.o)
 .eh_frame      0x00000000       0xe4 ../../lib/c/libc.a(mem.o)
 .debug_info    0x00000000     0x2e15 ../../lib/c/libc.a(str.o)
 .debug_abbrev  0x00000000      0x38c ../../lib/c/libc.a(str.o)
 .debug_loc     0x00000000     0x5d1d ../../lib/c/libc.a(str.o)
 .debug_aranges
                0x00000000       0x20 ../../lib/c/libc.a(str.o)
 .debug_ranges  0x00000000     0x16a8 ../../lib/c/libc.a(str.o)
 .debug_line    0x00000000      0xf67 ../../lib/c/libc.a(str.o)
 .debug_str     0x00000000      0x4cf ../../lib/c/libc.a(str.o)
 .comment       0x00000000       0x12 ../../lib/c/libc.a(str.o)
 .note.GNU-stack
                0x00000000        0x0 ../../lib/c/libc.a(str.o)
 .eh_frame      0x00000000      0xa18 ../../lib/c/libc.a(str.o)
 .debug_info    0x00000000     0x1090 ../../lib/c/libc.a(fibril.o)
 .debug_abbrev  0x00000000      0x390 ../../lib/c/libc.a(fibril.o)
 .debug_loc     0x00000000      0x96f ../../lib/c/libc.a(fibril.o)
 .debug_aranges
                0x00000000       0x20 ../../lib/c/libc.a(fibril.o)
 .debug_ranges  0x00000000       0x90 ../../lib/c/libc.a(fibril.o)
 .debug_line    0x00000000      0x35b ../../lib/c/libc.a(fibril.o)
 .debug_str     0x00000000      0x860 ../../lib/c/libc.a(fibril.o)
 .comment       0x00000000       0x12 ../../lib/c/libc.a(fibril.o)
 .note.GNU-stack
                0x00000000        0x0 ../../lib/c/libc.a(fibril.o)
 .eh_frame      0x00000000      0x208 ../../lib/c/libc.a(fibril.o)
 .debug_info    0x00000000     0x2d1f ../../lib/c/libc.a(fibril_synch.o)
 .debug_abbrev  0x00000000      0x4d0 ../../lib/c/libc.a(fibril_synch.o)
 .debug_loc     0x00000000     0x19ce ../../lib/c/libc.a(fibril_synch.o)
 .debug_aranges
                0x00000000       0x20 ../../lib/c/libc.a(fibril_synch.o)
 .debug_ranges  0x00000000      0xa10 ../../lib/c/libc.a(fibril_synch.o)
 .debug_line    0x00000000      0x955 ../../lib/c/libc.a(fibril_synch.o)
 .debug_str     0x00000000      0xbb3 ../../lib/c/libc.a(fibril_synch.o)
 .comment       0x00000000       0x12 ../../lib/c/libc.a(fibril_synch.o)
 .note.GNU-stack
                0x00000000        0x0 ../../lib/c/libc.a(fibril_synch.o)
 .eh_frame      0x00000000      0x454 ../../lib/c/libc.a(fibril_synch.o)
 .debug_info    0x00000000      0x10c ../../lib/c/libc.a(pcb.o)
 .debug_abbrev  0x00000000       0x86 ../../lib/c/libc.a(pcb.o)
 .debug_aranges
                0x00000000       0x18 ../../lib/c/libc.a(pcb.o)
 .debug_line    0x00000000       0x52 ../../lib/c/libc.a(pcb.o)
 .debug_str     0x00000000       0xfc ../../lib/c/libc.a(pcb.o)
 .comment       0x00000000       0x12 ../../lib/c/libc.a(pcb.o)
 .note.GNU-stack
                0x00000000        0x0 ../../lib/c/libc.a(pcb.o)
 .debug_info    0x00000000      0x4d2 ../../lib/c/libc.a(tls.o)
 .debug_abbrev  0x00000000      0x1ae ../../lib/c/libc.a(tls.o)
 .debug_loc     0x00000000      0x1d3 ../../lib/c/libc.a(tls.o)
 .debug_aranges
                0x00000000       0x20 ../../lib/c/libc.a(tls.o)
 .debug_line    0x00000000      0x10a ../../lib/c/libc.a(tls.o)
 .debug_str     0x00000000      0x59f ../../lib/c/libc.a(tls.o)
 .comment       0x00000000       0x12 ../../lib/c/libc.a(tls.o)
 .note.GNU-stack
                0x00000000        0x0 ../../lib/c/libc.a(tls.o)
 .eh_frame      0x00000000       0xa8 ../../lib/c/libc.a(tls.o)
 .debug_info    0x00000000      0xe5b ../../lib/c/libc.a(task.o)
 .debug_abbrev  0x00000000      0x2e6 ../../lib/c/libc.a(task.o)
 .debug_loc     0x00000000      0x5d1 ../../lib/c/libc.a(task.o)
 .debug_aranges
                0x00000000       0x20 ../../lib/c/libc.a(task.o)
 .debug_ranges  0x00000000       0xa0 ../../lib/c/libc.a(task.o)
 .debug_line    0x00000000      0x2bc ../../lib/c/libc.a(task.o)
 .debug_str     0x00000000      0x771 ../../lib/c/libc.a(task.o)
 .comment       0x00000000       0x12 ../../lib/c/libc.a(task.o)
 .note.GNU-stack
                0x00000000        0x0 ../../lib/c/libc.a(task.o)
 .eh_frame      0x00000000      0x180 ../../lib/c/libc.a(task.o)
 .debug_info    0x00000000      0x4d2 ../../lib/c/libc.a(futex.o)
 .debug_abbrev  0x00000000      0x1b9 ../../lib/c/libc.a(futex.o)
 .debug_loc     0x00000000      0x18d ../../lib/c/libc.a(futex.o)
 .debug_aranges
                0x00000000       0x20 ../../lib/c/libc.a(futex.o)
 .debug_ranges  0x00000000       0xa0 ../../lib/c/libc.a(futex.o)
 .debug_line    0x00000000      0x135 ../../lib/c/libc.a(futex.o)
 .debug_str     0x00000000      0x54d ../../lib/c/libc.a(futex.o)
 .comment       0x00000000       0x12 ../../lib/c/libc.a(futex.o)
 .note.GNU-stack
                0x00000000        0x0 ../../lib/c/libc.a(futex.o)
 .eh_frame      0x00000000       0xa8 ../../lib/c/libc.a(futex.o)
 .debug_info    0x00000000     0x38d4 ../../lib/c/libc.a(io.o)
 .debug_abbrev  0x00000000      0x46f ../../lib/c/libc.a(io.o)
 .debug_loc     0x00000000     0x2f68 ../../lib/c/libc.a(io.o)
 .debug_aranges
                0x00000000       0x20 ../../lib/c/libc.a(io.o)
 .debug_ranges  0x00000000     0x12f8 ../../lib/c/libc.a(io.o)
 .debug_line    0x00000000      0x98d ../../lib/c/libc.a(io.o)
 .debug_str     0x00000000      0x8c4 ../../lib/c/libc.a(io.o)
 .comment       0x00000000       0x12 ../../lib/c/libc.a(io.o)
 .note.GNU-stack
                0x00000000        0x0 ../../lib/c/libc.a(io.o)
 .eh_frame      0x00000000      0x580 ../../lib/c/libc.a(io.o)
 .debug_info    0x00000000      0x1ba ../../lib/c/libc.a(printf.o)
 .debug_abbrev  0x00000000       0xfe ../../lib/c/libc.a(printf.o)
 .debug_loc     0x00000000       0xc8 ../../lib/c/libc.a(printf.o)
 .debug_aranges
                0x00000000       0x20 ../../lib/c/libc.a(printf.o)
 .debug_line    0x00000000       0x79 ../../lib/c/libc.a(printf.o)
 .debug_str     0x00000000      0x11b ../../lib/c/libc.a(printf.o)
 .comment       0x00000000       0x12 ../../lib/c/libc.a(printf.o)
 .note.GNU-stack
                0x00000000        0x0 ../../lib/c/libc.a(printf.o)
 .eh_frame      0x00000000       0x58 ../../lib/c/libc.a(printf.o)
 .debug_info    0x00000000      0x7d5 ../../lib/c/libc.a(klog.o)
 .debug_abbrev  0x00000000      0x251 ../../lib/c/libc.a(klog.o)
 .debug_loc     0x00000000      0x296 ../../lib/c/libc.a(klog.o)
 .debug_aranges
                0x00000000       0x20 ../../lib/c/libc.a(klog.o)
 .debug_ranges  0x00000000       0x78 ../../lib/c/libc.a(klog.o)
 .debug_line    0x00000000      0x16d ../../lib/c/libc.a(klog.o)
 .debug_str     0x00000000      0x5f2 ../../lib/c/libc.a(klog.o)
 .comment       0x00000000       0x12 ../../lib/c/libc.a(klog.o)
 .note.GNU-stack
                0x00000000        0x0 ../../lib/c/libc.a(klog.o)
 .eh_frame      0x00000000      0x10c ../../lib/c/libc.a(klog.o)
 .debug_info    0x00000000      0x882 ../../lib/c/libc.a(vprintf.o)
 .debug_abbrev  0x00000000      0x24e ../../lib/c/libc.a(vprintf.o)
 .debug_loc     0x00000000      0x170 ../../lib/c/libc.a(vprintf.o)
 .debug_aranges
                0x00000000       0x20 ../../lib/c/libc.a(vprintf.o)
 .debug_line    0x00000000      0x198 ../../lib/c/libc.a(vprintf.o)
 .debug_str     0x00000000      0x67d ../../lib/c/libc.a(vprintf.o)
 .comment       0x00000000       0x12 ../../lib/c/libc.a(vprintf.o)
 .note.GNU-stack
                0x00000000        0x0 ../../lib/c/libc.a(vprintf.o)
 .eh_frame      0x00000000       0xac ../../lib/c/libc.a(vprintf.o)
 .debug_info    0x00000000     0x3192 ../../lib/c/libc.a(printf_core.o)
 .debug_abbrev  0x00000000      0x36b ../../lib/c/libc.a(printf_core.o)
 .debug_loc     0x00000000     0x4155 ../../lib/c/libc.a(printf_core.o)
 .debug_aranges
                0x00000000       0x20 ../../lib/c/libc.a(printf_core.o)
 .debug_ranges  0x00000000      0xbd8 ../../lib/c/libc.a(printf_core.o)
 .debug_line    0x00000000      0x8a8 ../../lib/c/libc.a(printf_core.o)
 .debug_str     0x00000000      0x686 ../../lib/c/libc.a(printf_core.o)
 .comment       0x00000000       0x12 ../../lib/c/libc.a(printf_core.o)
 .note.GNU-stack
                0x00000000        0x0 ../../lib/c/libc.a(printf_core.o)
 .eh_frame      0x00000000      0x1a8 ../../lib/c/libc.a(printf_core.o)
 .debug_info    0x00000000      0x24b ../../lib/c/libc.a(ieee_double.o)
 .debug_abbrev  0x00000000      0x10a ../../lib/c/libc.a(ieee_double.o)
 .debug_loc     0x00000000      0x1e0 ../../lib/c/libc.a(ieee_double.o)
 .debug_aranges
                0x00000000       0x20 ../../lib/c/libc.a(ieee_double.o)
 .debug_line    0x00000000       0xd5 ../../lib/c/libc.a(ieee_double.o)
 .debug_str     0x00000000      0x215 ../../lib/c/libc.a(ieee_double.o)
 .comment       0x00000000       0x12 ../../lib/c/libc.a(ieee_double.o)
 .note.GNU-stack
                0x00000000        0x0 ../../lib/c/libc.a(ieee_double.o)
 .eh_frame      0x00000000       0x48 ../../lib/c/libc.a(ieee_double.o)
 .debug_info    0x00000000     0x1176 ../../lib/c/libc.a(double_to_str.o)
 .debug_abbrev  0x00000000      0x296 ../../lib/c/libc.a(double_to_str.o)
 .debug_loc     0x00000000     0x2b1c ../../lib/c/libc.a(double_to_str.o)
 .debug_aranges
                0x00000000       0x28 ../../lib/c/libc.a(double_to_str.o)
 .debug_ranges  0x00000000      0x588 ../../lib/c/libc.a(double_to_str.o)
 .debug_line    0x00000000      0x569 ../../lib/c/libc.a(double_to_str.o)
 .debug_str     0x00000000      0x40f ../../lib/c/libc.a(double_to_str.o)
 .comment       0x00000000       0x12 ../../lib/c/libc.a(double_to_str.o)
 .note.GNU-stack
                0x00000000        0x0 ../../lib/c/libc.a(double_to_str.o)
 .eh_frame      0x00000000       0xf4 ../../lib/c/libc.a(double_to_str.o)
 .debug_info    0x00000000     0x25a8 ../../lib/c/libc.a(malloc.o)
 .debug_abbrev  0x00000000      0x39b ../../lib/c/libc.a(malloc.o)
 .debug_loc     0x00000000     0x2b6f ../../lib/c/libc.a(malloc.o)
 .debug_aranges
                0x00000000       0x28 ../../lib/c/libc.a(malloc.o)
 .debug_ranges  0x00000000      0x860 ../../lib/c/libc.a(malloc.o)
 .debug_line    0x00000000      0x64f ../../lib/c/libc.a(malloc.o)
 .debug_str     0x00000000      0x3e0 ../../lib/c/libc.a(malloc.o)
 .comment       0x00000000       0x12 ../../lib/c/libc.a(malloc.o)
 .note.GNU-stack
                0x00000000        0x0 ../../lib/c/libc.a(malloc.o)
 .eh_frame      0x00000000      0x264 ../../lib/c/libc.a(malloc.o)
 .debug_info    0x00000000      0xabf ../../lib/c/libc.a(ns.o)
 .debug_abbrev  0x00000000      0x215 ../../lib/c/libc.a(ns.o)
 .debug_loc     0x00000000      0x32f ../../lib/c/libc.a(ns.o)
 .debug_aranges
                0x00000000       0x20 ../../lib/c/libc.a(ns.o)
 .debug_ranges  0x00000000       0x18 ../../lib/c/libc.a(ns.o)
 .debug_line    0x00000000      0x1aa ../../lib/c/libc.a(ns.o)
 .debug_str     0x00000000      0x77c ../../lib/c/libc.a(ns.o)
 .comment       0x00000000       0x12 ../../lib/c/libc.a(ns.o)
 .note.GNU-stack
                0x00000000        0x0 ../../lib/c/libc.a(ns.o)
 .eh_frame      0x00000000      0x11c ../../lib/c/libc.a(ns.o)
 .debug_info    0x00000000     0x9e41 ../../lib/c/libc.a(async.o)
 .debug_abbrev  0x00000000      0x4d1 ../../lib/c/libc.a(async.o)
 .debug_loc     0x00000000     0x6ffb ../../lib/c/libc.a(async.o)
 .debug_aranges
                0x00000000       0x30 ../../lib/c/libc.a(async.o)
 .debug_ranges  0x00000000      0xf00 ../../lib/c/libc.a(async.o)
 .debug_line    0x00000000     0x14dd ../../lib/c/libc.a(async.o)
 .debug_str     0x00000000     0x166c ../../lib/c/libc.a(async.o)
 .comment       0x00000000       0x12 ../../lib/c/libc.a(async.o)
 .note.GNU-stack
                0x00000000        0x0 ../../lib/c/libc.a(async.o)
 .eh_frame      0x00000000     0x1018 ../../lib/c/libc.a(async.o)
 .debug_info    0x00000000     0x10ce ../../lib/c/libc.a(loader.o)
 .debug_abbrev  0x00000000      0x297 ../../lib/c/libc.a(loader.o)
 .debug_loc     0x00000000      0x7a0 ../../lib/c/libc.a(loader.o)
 .debug_aranges
                0x00000000       0x20 ../../lib/c/libc.a(loader.o)
 .debug_line    0x00000000      0x2ab ../../lib/c/libc.a(loader.o)
 .debug_str     0x00000000      0x8e4 ../../lib/c/libc.a(loader.o)
 .comment       0x00000000       0x12 ../../lib/c/libc.a(loader.o)
 .note.GNU-stack
                0x00000000        0x0 ../../lib/c/libc.a(loader.o)
 .eh_frame      0x00000000      0x210 ../../lib/c/libc.a(loader.o)
 .debug_info    0x00000000     0x151a ../../lib/c/libc.a(hash_table.o)
 .debug_abbrev  0x00000000      0x404 ../../lib/c/libc.a(hash_table.o)
 .debug_loc     0x00000000     0x10c4 ../../lib/c/libc.a(hash_table.o)
 .debug_aranges
                0x00000000       0x20 ../../lib/c/libc.a(hash_table.o)
 .debug_ranges  0x00000000      0x420 ../../lib/c/libc.a(hash_table.o)
 .debug_line    0x00000000      0x4e7 ../../lib/c/libc.a(hash_table.o)
 .debug_str     0x00000000      0x3d1 ../../lib/c/libc.a(hash_table.o)
 .comment       0x00000000       0x12 ../../lib/c/libc.a(hash_table.o)
 .note.GNU-stack
                0x00000000        0x0 ../../lib/c/libc.a(hash_table.o)
 .eh_frame      0x00000000      0x30c ../../lib/c/libc.a(hash_table.o)
 .debug_info    0x00000000     0x20b5 ../../lib/c/libc.a(time.o)
 .debug_abbrev  0x00000000      0x443 ../../lib/c/libc.a(time.o)
 .debug_loc     0x00000000     0x2266 ../../lib/c/libc.a(time.o)
 .debug_aranges
                0x00000000       0x20 ../../lib/c/libc.a(time.o)
 .debug_ranges  0x00000000      0x8b8 ../../lib/c/libc.a(time.o)
 .debug_line    0x00000000      0x7b4 ../../lib/c/libc.a(time.o)
 .debug_str     0x00000000      0x94f ../../lib/c/libc.a(time.o)
 .comment       0x00000000       0x12 ../../lib/c/libc.a(time.o)
 .note.GNU-stack
                0x00000000        0x0 ../../lib/c/libc.a(time.o)
 .eh_frame      0x00000000      0x390 ../../lib/c/libc.a(time.o)
 .debug_info    0x00000000     0x477c ../../lib/c/libc.a(vfs.o)
 .debug_abbrev  0x00000000      0x4a6 ../../lib/c/libc.a(vfs.o)
 .debug_loc     0x00000000     0x191c ../../lib/c/libc.a(vfs.o)
 .debug_aranges
                0x00000000       0x20 ../../lib/c/libc.a(vfs.o)
 .debug_ranges  0x00000000      0x538 ../../lib/c/libc.a(vfs.o)
 .debug_line    0x00000000      0x96a ../../lib/c/libc.a(vfs.o)
 .debug_str     0x00000000      0xca7 ../../lib/c/libc.a(vfs.o)
 .comment       0x00000000       0x12 ../../lib/c/libc.a(vfs.o)
 .note.GNU-stack
                0x00000000        0x0 ../../lib/c/libc.a(vfs.o)
 .eh_frame      0x00000000      0x610 ../../lib/c/libc.a(vfs.o)
 .debug_info    0x00000000      0x504 ../../lib/c/libc.a(canonify.o)
 .debug_abbrev  0x00000000      0x1e8 ../../lib/c/libc.a(canonify.o)
 .debug_loc     0x00000000      0x2bc ../../lib/c/libc.a(canonify.o)
 .debug_aranges
                0x00000000       0x20 ../../lib/c/libc.a(canonify.o)
 .debug_ranges  0x00000000       0x40 ../../lib/c/libc.a(canonify.o)
 .debug_line    0x00000000       0xfd ../../lib/c/libc.a(canonify.o)
 .debug_str     0x00000000      0x223 ../../lib/c/libc.a(canonify.o)
 .comment       0x00000000       0x12 ../../lib/c/libc.a(canonify.o)
 .note.GNU-stack
                0x00000000        0x0 ../../lib/c/libc.a(canonify.o)
 .eh_frame      0x00000000      0x148 ../../lib/c/libc.a(canonify.o)
 .debug_info    0x00000000      0x110 ../../lib/c/libc.a(stack.o)
 .debug_abbrev  0x00000000       0xa5 ../../lib/c/libc.a(stack.o)
 .debug_loc     0x00000000       0x38 ../../lib/c/libc.a(stack.o)
 .debug_aranges
                0x00000000       0x20 ../../lib/c/libc.a(stack.o)
 .debug_line    0x00000000       0x9b ../../lib/c/libc.a(stack.o)
 .debug_str     0x00000000      0x10e ../../lib/c/libc.a(stack.o)
 .comment       0x00000000       0x12 ../../lib/c/libc.a(stack.o)
 .note.GNU-stack
                0x00000000        0x0 ../../lib/c/libc.a(stack.o)
 .eh_frame      0x00000000       0x38 ../../lib/c/libc.a(stack.o)
 .debug_info    0x00000000      0x3c9 ../../lib/c/libc.a(stacktrace.o)
 .debug_abbrev  0x00000000      0x1ad ../../lib/c/libc.a(stacktrace.o)
 .debug_loc     0x00000000       0xe5 ../../lib/c/libc.a(stacktrace.o)
 .debug_aranges
                0x00000000       0x20 ../../lib/c/libc.a(stacktrace.o)
 .debug_ranges  0x00000000       0x30 ../../lib/c/libc.a(stacktrace.o)
 .debug_line    0x00000000       0xd4 ../../lib/c/libc.a(stacktrace.o)
 .debug_str     0x00000000      0x1c3 ../../lib/c/libc.a(stacktrace.o)
 .comment       0x00000000       0x12 ../../lib/c/libc.a(stacktrace.o)
 .note.GNU-stack
                0x00000000        0x0 ../../lib/c/libc.a(stacktrace.o)
 .eh_frame      0x00000000       0x90 ../../lib/c/libc.a(stacktrace.o)
 .debug_info    0x00000000      0x21f ../../lib/c/libc.a(assert.o)
 .debug_abbrev  0x00000000      0x153 ../../lib/c/libc.a(assert.o)
 .debug_loc     0x00000000       0x4b ../../lib/c/libc.a(assert.o)
 .debug_aranges
                0x00000000       0x20 ../../lib/c/libc.a(assert.o)
 .debug_line    0x00000000       0xfc ../../lib/c/libc.a(assert.o)
 .debug_str     0x00000000      0x156 ../../lib/c/libc.a(assert.o)
 .comment       0x00000000       0x12 ../../lib/c/libc.a(assert.o)
 .note.GNU-stack
                0x00000000        0x0 ../../lib/c/libc.a(assert.o)
 .eh_frame      0x00000000       0x38 ../../lib/c/libc.a(assert.o)
 .debug_line    0x00000000       0x6f ../../lib/c/libc.a(syscall.o)
 .debug_info    0x00000000       0x70 ../../lib/c/libc.a(syscall.o)
 .debug_abbrev  0x00000000       0x14 ../../lib/c/libc.a(syscall.o)
 .debug_aranges
                0x00000000       0x20 ../../lib/c/libc.a(syscall.o)
 .debug_line    0x00000000       0x5b ../../lib/c/libc.a(fibril.o)
 .debug_info    0x00000000       0x6f ../../lib/c/libc.a(fibril.o)
 .debug_abbrev  0x00000000       0x14 ../../lib/c/libc.a(fibril.o)
 .debug_aranges
                0x00000000       0x20 ../../lib/c/libc.a(fibril.o)
 .debug_info    0x00000000      0x427 ../../lib/c/libc.a(tls.o)
 .debug_abbrev  0x00000000      0x194 ../../lib/c/libc.a(tls.o)
 .debug_loc     0x00000000       0xdc ../../lib/c/libc.a(tls.o)
 .debug_aranges
                0x00000000       0x20 ../../lib/c/libc.a(tls.o)
 .debug_line    0x00000000       0xe8 ../../lib/c/libc.a(tls.o)
 .debug_str     0x00000000      0x59c ../../lib/c/libc.a(tls.o)
 .comment       0x00000000       0x12 ../../lib/c/libc.a(tls.o)
 .note.GNU-stack
                0x00000000        0x0 ../../lib/c/libc.a(tls.o)
 .eh_frame      0x00000000       0x7c ../../lib/c/libc.a(tls.o)
 .debug_info    0x00000000      0x1cb ../../lib/c/libc.a(stacktrace.o)
 .debug_abbrev  0x00000000       0xe1 ../../lib/c/libc.a(stacktrace.o)
 .debug_loc     0x00000000       0xa8 ../../lib/c/libc.a(stacktrace.o)
 .debug_aranges
                0x00000000       0x20 ../../lib/c/libc.a(stacktrace.o)
 .debug_line    0x00000000       0xb1 ../../lib/c/libc.a(stacktrace.o)
 .debug_str     0x00000000      0x138 ../../lib/c/libc.a(stacktrace.o)
 .comment       0x00000000       0x12 ../../lib/c/libc.a(stacktrace.o)
 .note.GNU-stack
                0x00000000        0x0 ../../lib/c/libc.a(stacktrace.o)
 .eh_frame      0x00000000       0x78 ../../lib/c/libc.a(stacktrace.o)
 .debug_line    0x00000000       0x52 ../../lib/c/libc.a(stacktrace_asm.o)
 .debug_info    0x00000000       0x77 ../../lib/c/libc.a(stacktrace_asm.o)
 .debug_abbrev  0x00000000       0x14 ../../lib/c/libc.a(stacktrace_asm.o)
 .debug_aranges
                0x00000000       0x20 ../../lib/c/libc.a(stacktrace_asm.o)
 .debug_info    0x00000000      0xe97 ../../lib/c/libc.a(ddi.o)
 .debug_abbrev  0x00000000      0x260 ../../lib/c/libc.a(ddi.o)
 .debug_loc     0x00000000      0x6f8 ../../lib/c/libc.a(ddi.o)
 .debug_aranges
                0x00000000       0x20 ../../lib/c/libc.a(ddi.o)
 .debug_ranges  0x00000000       0xb0 ../../lib/c/libc.a(ddi.o)
 .debug_line    0x00000000      0x28a ../../lib/c/libc.a(ddi.o)
 .debug_str     0x00000000      0x84a ../../lib/c/libc.a(ddi.o)
 .comment       0x00000000       0x12 ../../lib/c/libc.a(ddi.o)
 .note.GNU-stack
                0x00000000        0x0 ../../lib/c/libc.a(ddi.o)
 .eh_frame      0x00000000      0x274 ../../lib/c/libc.a(ddi.o)
 .debug_info    0x00000000      0x46d ../../lib/c/libc.a(as.o)
 .debug_abbrev  0x00000000       0xcc ../../lib/c/libc.a(as.o)
 .debug_loc     0x00000000      0x118 ../../lib/c/libc.a(as.o)
 .debug_aranges
                0x00000000       0x20 ../../lib/c/libc.a(as.o)
 .debug_line    0x00000000       0xc1 ../../lib/c/libc.a(as.o)
 .debug_str     0x00000000      0x539 ../../lib/c/libc.a(as.o)
 .comment       0x00000000       0x12 ../../lib/c/libc.a(as.o)
 .note.GNU-stack
                0x00000000        0x0 ../../lib/c/libc.a(as.o)
 .eh_frame      0x00000000       0xb8 ../../lib/c/libc.a(as.o)
 .debug_info    0x00000000      0x705 ../../lib/c/libc.a(clock_dev.o)
 .debug_abbrev  0x00000000      0x19e ../../lib/c/libc.a(clock_dev.o)
 .debug_loc     0x00000000      0x192 ../../lib/c/libc.a(clock_dev.o)
 .debug_aranges
                0x00000000       0x20 ../../lib/c/libc.a(clock_dev.o)
 .debug_line    0x00000000      0x199 ../../lib/c/libc.a(clock_dev.o)
 .debug_str     0x00000000      0x71f ../../lib/c/libc.a(clock_dev.o)
 .comment       0x00000000       0x12 ../../lib/c/libc.a(clock_dev.o)
 .note.GNU-stack
                0x00000000        0x0 ../../lib/c/libc.a(clock_dev.o)
 .eh_frame      0x00000000       0x80 ../../lib/c/libc.a(clock_dev.o)
 .debug_info    0x00000000      0x23e ../../lib/c/libc.a(errno.o)
 .debug_abbrev  0x00000000       0xa9 ../../lib/c/libc.a(errno.o)
 .debug_loc     0x00000000       0x38 ../../lib/c/libc.a(errno.o)
 .debug_aranges
                0x00000000       0x20 ../../lib/c/libc.a(errno.o)
 .debug_line    0x00000000       0xa8 ../../lib/c/libc.a(errno.o)
 .debug_str     0x00000000      0x4be ../../lib/c/libc.a(errno.o)
 .comment       0x00000000       0x12 ../../lib/c/libc.a(errno.o)
 .note.GNU-stack
                0x00000000        0x0 ../../lib/c/libc.a(errno.o)
 .eh_frame      0x00000000       0x38 ../../lib/c/libc.a(errno.o)
 .debug_info    0x00000000      0x15a ../../lib/c/libc.a(snprintf.o)
 .debug_abbrev  0x00000000       0xe0 ../../lib/c/libc.a(snprintf.o)
 .debug_loc     0x00000000       0x64 ../../lib/c/libc.a(snprintf.o)
 .debug_aranges
                0x00000000       0x20 ../../lib/c/libc.a(snprintf.o)
 .debug_line    0x00000000       0xa7 ../../lib/c/libc.a(snprintf.o)
 .debug_str     0x00000000      0x110 ../../lib/c/libc.a(snprintf.o)
 .comment       0x00000000       0x12 ../../lib/c/libc.a(snprintf.o)
 .note.GNU-stack
                0x00000000        0x0 ../../lib/c/libc.a(snprintf.o)
 .eh_frame      0x00000000       0x38 ../../lib/c/libc.a(snprintf.o)
 .debug_info    0x00000000      0x468 ../../lib/c/libc.a(vsnprintf.o)
 .debug_abbrev  0x00000000      0x1f6 ../../lib/c/libc.a(vsnprintf.o)
 .debug_loc     0x00000000      0x23a ../../lib/c/libc.a(vsnprintf.o)
 .debug_aranges
                0x00000000       0x20 ../../lib/c/libc.a(vsnprintf.o)
 .debug_ranges  0x00000000       0x20 ../../lib/c/libc.a(vsnprintf.o)
 .debug_line    0x00000000      0x12d ../../lib/c/libc.a(vsnprintf.o)
 .debug_str     0x00000000      0x199 ../../lib/c/libc.a(vsnprintf.o)
 .comment       0x00000000       0x12 ../../lib/c/libc.a(vsnprintf.o)
 .note.GNU-stack
                0x00000000        0x0 ../../lib/c/libc.a(vsnprintf.o)
 .eh_frame      0x00000000       0xbc ../../lib/c/libc.a(vsnprintf.o)
 .debug_info    0x00000000      0x289 ../../lib/c/libc.a(power_of_ten.o)
 .debug_abbrev  0x00000000      0x14e ../../lib/c/libc.a(power_of_ten.o)
 .debug_loc     0x00000000       0x8b ../../lib/c/libc.a(power_of_ten.o)
 .debug_aranges
                0x00000000       0x20 ../../lib/c/libc.a(power_of_ten.o)
 .debug_ranges  0x00000000       0x18 ../../lib/c/libc.a(power_of_ten.o)
 .debug_line    0x00000000       0xd3 ../../lib/c/libc.a(power_of_ten.o)
 .debug_str     0x00000000      0x1ac ../../lib/c/libc.a(power_of_ten.o)
 .comment       0x00000000       0x12 ../../lib/c/libc.a(power_of_ten.o)
 .note.GNU-stack
                0x00000000        0x0 ../../lib/c/libc.a(power_of_ten.o)
 .eh_frame      0x00000000       0x44 ../../lib/c/libc.a(power_of_ten.o)
 .debug_info    0x00000000      0x86b ../../lib/c/libc.a(sysinfo.o)
 .debug_abbrev  0x00000000      0x1a8 ../../lib/c/libc.a(sysinfo.o)
 .debug_loc     0x00000000      0x444 ../../lib/c/libc.a(sysinfo.o)
 .debug_aranges
                0x00000000       0x20 ../../lib/c/libc.a(sysinfo.o)
 .debug_ranges  0x00000000       0x20 ../../lib/c/libc.a(sysinfo.o)
 .debug_line    0x00000000      0x167 ../../lib/c/libc.a(sysinfo.o)
 .debug_str     0x00000000      0x64e ../../lib/c/libc.a(sysinfo.o)
 .comment       0x00000000       0x12 ../../lib/c/libc.a(sysinfo.o)
 .note.GNU-stack
                0x00000000        0x0 ../../lib/c/libc.a(sysinfo.o)
 .eh_frame      0x00000000      0x124 ../../lib/c/libc.a(sysinfo.o)
 .debug_info    0x00000000     0x18bc ../../lib/c/libc.a(ipc.o)
 .debug_abbrev  0x00000000      0x3f1 ../../lib/c/libc.a(ipc.o)
 .debug_loc     0x00000000      0xe78 ../../lib/c/libc.a(ipc.o)
 .debug_aranges
                0x00000000       0x20 ../../lib/c/libc.a(ipc.o)
 .debug_ranges  0x00000000      0x2e8 ../../lib/c/libc.a(ipc.o)
 .debug_line    0x00000000      0x3f1 ../../lib/c/libc.a(ipc.o)
 .debug_str     0x00000000      0x877 ../../lib/c/libc.a(ipc.o)
 .comment       0x00000000       0x12 ../../lib/c/libc.a(ipc.o)
 .note.GNU-stack
                0x00000000        0x0 ../../lib/c/libc.a(ipc.o)
 .eh_frame      0x00000000      0x2a0 ../../lib/c/libc.a(ipc.o)
 .debug_info    0x00000000      0xa2a ../../lib/c/libc.a(pio_trace.o)
 .debug_abbrev  0x00000000      0x281 ../../lib/c/libc.a(pio_trace.o)
 .debug_loc     0x00000000      0x208 ../../lib/c/libc.a(pio_trace.o)
 .debug_aranges
                0x00000000       0x20 ../../lib/c/libc.a(pio_trace.o)
 .debug_ranges  0x00000000       0x70 ../../lib/c/libc.a(pio_trace.o)
 .debug_line    0x00000000      0x1ad ../../lib/c/libc.a(pio_trace.o)
 .debug_str     0x00000000      0x705 ../../lib/c/libc.a(pio_trace.o)
 .comment       0x00000000       0x12 ../../lib/c/libc.a(pio_trace.o)
 .note.GNU-stack
                0x00000000        0x0 ../../lib/c/libc.a(pio_trace.o)
 .eh_frame      0x00000000       0xa0 ../../lib/c/libc.a(pio_trace.o)
 .debug_info    0x00000000      0xa1d ../../lib/softint/libsoftint.a(division.o)
 .debug_abbrev  0x00000000      0x13f ../../lib/softint/libsoftint.a(division.o)
 .debug_loc     0x00000000      0xc03 ../../lib/softint/libsoftint.a(division.o)
 .debug_aranges
                0x00000000       0x20 ../../lib/softint/libsoftint.a(division.o)
 .debug_ranges  0x00000000      0x390 ../../lib/softint/libsoftint.a(division.o)
 .debug_line    0x00000000      0x296 ../../lib/softint/libsoftint.a(division.o)
 .debug_str     0x00000000      0x134 ../../lib/softint/libsoftint.a(division.o)
 .comment       0x00000000       0x12 ../../lib/softint/libsoftint.a(division.o)
 .note.GNU-stack
                0x00000000        0x0 ../../lib/softint/libsoftint.a(division.o)
 .eh_frame      0x00000000      0x294 ../../lib/softint/libsoftint.a(division.o)

Memory Configuration

Name             Origin             Length             Attributes
*default*        0x00000000         0xffffffff

Linker script and memory map

LOAD /home/pratik/HelenOS_Emacs/helenos/uspace/lib/c/arch/ia32/src/entry.o
                0x00001094                . = (0x1000 + SIZEOF_HEADERS)

.init           0x00001094       0x2c
 *(.init)
 .init          0x00001094       0x2c /home/pratik/HelenOS_Emacs/helenos/uspace/lib/c/arch/ia32/src/entry.o
                0x00001094                __entry

.text           0x000010c0    0x2051c
 *(.text .text.*)
 .text          0x000010c0        0x0 /home/pratik/HelenOS_Emacs/helenos/uspace/lib/c/arch/ia32/src/entry.o
 .text          0x000010c0       0x14 blkdump.o
 *fill*         0x000010d4        0xc 
 .text.startup  0x000010e0      0x5b1 blkdump.o
                0x000010e0                main
 *fill*         0x00001691        0xf 
 .text          0x000016a0     0x1744 ../../lib/block/libblock.a(block.o)
                0x000016e0                block_init
                0x00001850                block_bb_read
                0x000019a0                block_bb_get
                0x00001a20                block_cache_init
                0x00001b50                block_cache_fini
                0x00001d10                block_fini
                0x00001e10                block_put
                0x000020c0                block_get
                0x000025b0                block_seqread
                0x00002790                block_read_direct
                0x00002880                block_write_direct
                0x00002970                block_get_bsize
                0x00002a00                block_get_nblocks
                0x00002a90                block_read_bytes_direct
                0x00002d20                block_get_toc
 .text.unlikely
                0x00002de4       0x44 ../../lib/block/libblock.a(block.o)
 *fill*         0x00002e28        0x8 
 .text          0x00002e30      0x18c ../../lib/c/libc.a(libc.o)
                0x00002e30                exit
                0x00002eb0                abort
                0x00002f00                __main
 *fill*         0x00002fbc        0x4 
 .text          0x00002fc0      0x436 ../../lib/c/libc.a(bd.o)
                0x00003000                bd_open
                0x000030a0                bd_close
                0x000030b0                bd_read_blocks
                0x00003160                bd_read_toc
                0x00003220                bd_write_blocks
                0x000032d0                bd_get_block_size
                0x00003360                bd_get_num_blocks
 *fill*         0x000033f6        0xa 
 .text          0x00003400     0x296b ../../lib/c/libc.a(loc.o)
                0x00003ae0                loc_exchange_begin_blocking
                0x00003ce0                loc_exchange_begin
                0x00003dd0                loc_exchange_end
                0x00003de0                loc_server_register
                0x00004020                loc_service_register_with_iface
                0x000041f0                loc_service_register
                0x000043c0                loc_service_unregister
                0x00004530                loc_service_get_id
                0x00004790                loc_category_get_name
                0x000047b0                loc_service_get_name
                0x000047d0                loc_service_get_server_name
                0x000047f0                loc_namespace_get_id
                0x00004a50                loc_category_get_id
                0x00004cb0                loc_id_probe
                0x00004e20                loc_service_connect
                0x00004e60                loc_null_create
                0x00004fd0                loc_null_destroy
                0x00005130                loc_service_add_to_cat
                0x000052a0                loc_count_namespaces
                0x00005410                loc_count_services
                0x00005580                loc_get_namespaces
                0x00005860                loc_get_services
                0x00005b40                loc_category_get_svcs
                0x00005b60                loc_get_categories
                0x00005b80                loc_register_cat_change_cb
 *fill*         0x00005d6b        0x5 
 .text          0x00005d70      0x6d7 ../../lib/c/libc.a(mem.o)
                0x00005d70                memset
                0x00005ef0                memcpy
                0x000060e0                memmove
                0x00006410                bcmp
 *fill*         0x00006447        0x9 
 .text          0x00006450     0x3186 ../../lib/c/libc.a(str.o)
                0x000068c0                str_decode
                0x000069c0                str_decode_reverse
                0x00006c10                chr_encode
                0x00006d00                str_size
                0x00006d20                wstr_size
                0x00006d40                str_lsize
                0x00006e30                str_nsize
                0x00006e60                wstr_nsize
                0x00006ea0                wstr_lsize
                0x00006ee0                str_length
                0x00006fc0                wstr_length
                0x00006fe0                str_nlength
                0x000070e0                wstr_nlength
                0x00007120                chr_width
                0x00007130                str_width
                0x00007210                ascii_check
                0x00007220                chr_check
                0x00007230                str_cmp
                0x00007460                str_lcmp
                0x000076b0                str_test_prefix
                0x000078b0                str_cpy
                0x00007aa0                str_ncpy
                0x00007cd0                str_append
                0x00007d10                spascii_to_str
                0x00007dc0                wstr_to_str
                0x00007f10                utf16_to_str
                0x000080c0                str_to_utf16
                0x00008240                wstr_to_astr
                0x00008460                str_to_wstr
                0x00008590                str_to_awstr
                0x000086a0                str_chr
                0x000087a0                str_rtrim
                0x000088d0                str_ltrim
                0x00008a00                str_rchr
                0x00008b00                wstr_linsert
                0x00008b60                wstr_remove
                0x00008bb0                stricmp
                0x00008c60                strtol
                0x00008ca0                str_dup
                0x00008d00                str_ndup
                0x00008d70                strtoul
                0x00008da0                strtok_r
                0x00008fe0                strtok
                0x00009010                str_uint8_t
                0x000090b0                str_uint16_t
                0x00009150                str_uint32_t
                0x000091f0                str_uint64_t
                0x00009270                str_size_t
                0x00009310                order_suffix
                0x000094d0                bin_order_suffix
 *fill*         0x000095d6        0xa 
 .text          0x000095e0      0x70b ../../lib/c/libc.a(fibril.o)
                0x000095e0                fibril_setup
                0x00009660                fibril_teardown
                0x00009750                fibril_switch
                0x00009a40                fibril_create
                0x00009b50                fibril_destroy
                0x00009b80                fibril_add_ready
                0x00009bf0                fibril_add_manager
                0x00009c40                fibril_remove_manager
                0x00009c90                fibril_get_id
                0x00009ca0                fibril_inc_sercount
                0x00009cc0                fibril_dec_sercount
                0x00009ce0                fibril_get_sercount
 *fill*         0x00009ceb        0x5 
 .text          0x00009cf0     0x14bb ../../lib/c/libc.a(fibril_synch.o)
                0x00009f00                fibril_mutex_initialize
                0x00009f20                fibril_mutex_lock
                0x00009ff0                fibril_mutex_trylock
                0x0000a040                fibril_mutex_unlock
                0x0000a150                fibril_mutex_is_locked
                0x0000a190                fibril_rwlock_initialize
                0x0000a1c0                fibril_rwlock_read_lock
                0x0000a2a0                fibril_rwlock_write_lock
                0x0000a380                fibril_rwlock_read_unlock
                0x0000a3e0                fibril_rwlock_write_unlock
                0x0000a460                fibril_rwlock_is_read_locked
                0x0000a4a0                fibril_rwlock_is_write_locked
                0x0000a500                fibril_rwlock_is_locked
                0x0000a590                fibril_condvar_initialize
                0x0000a5a0                fibril_condvar_wait_timeout
                0x0000ab70                fibril_condvar_wait
                0x0000abc0                fibril_condvar_signal
                0x0000ac40                fibril_condvar_broadcast
                0x0000acd0                fibril_timer_create
                0x0000ad50                fibril_timer_destroy
                0x0000aed0                fibril_timer_set
                0x0000b040                fibril_timer_clear
 *fill*         0x0000b1ab        0x1 
 .text          0x0000b1ac        0x0 ../../lib/c/libc.a(pcb.o)
 *fill*         0x0000b1ac        0x4 
 .text          0x0000b1b0      0x122 ../../lib/c/libc.a(tls.o)
                0x0000b1b0                __make_tls
                0x0000b230                __free_tls
                0x0000b260                tls_alloc_variant_2
                0x0000b2b0                tls_free_variant_2
 *fill*         0x0000b2d2        0xe 
 .text          0x0000b2e0      0x611 ../../lib/c/libc.a(task.o)
                0x0000b2e0                task_get_id
                0x0000b330                task_set_name
                0x0000b3b0                task_kill
                0x0000b400                task_spawnvf
                0x0000b4d0                task_spawnv
                0x0000b580                task_spawn
                0x0000b680                task_spawnl
                0x0000b790                task_wait
                0x0000b870                task_retval
 *fill*         0x0000b8f1        0xf 
 .text          0x0000b900       0xeb ../../lib/c/libc.a(futex.o)
                0x0000b900                futex_initialize
                0x0000b910                futex_trydown
                0x0000b930                futex_down
                0x0000b990                futex_up
 *fill*         0x0000b9eb        0x5 
 .text          0x0000b9f0     0x248d ../../lib/c/libc.a(io.o)
                0x0000bac0                __stdio_init
                0x0000bd50                __stdio_done
                0x0000bf20                setvbuf
                0x0000bf50                fopen
                0x0000c140                fdopen
                0x0000c240                fclose
                0x0000c3f0                fread
                0x0000c620                fgetc
                0x0000c8a0                fgets
                0x0000cbd0                getchar
                0x0000ce90                fseek
                0x0000cfd0                ftell
                0x0000d100                rewind
                0x0000d230                fflush
                0x0000d520                fwrite
                0x0000d6d0                fputs
                0x0000d880                puts
                0x0000da30                fputc
                0x0000dbf0                putchar
                0x0000ddb0                feof
                0x0000ddc0                ferror
                0x0000ddd0                clearerr
                0x0000ddf0                fileno
                0x0000de20                fsession
                0x0000de60                fhandle
 *fill*         0x0000de7d        0x3 
 .text          0x0000de80       0x4a ../../lib/c/libc.a(printf.o)
                0x0000de80                fprintf
                0x0000deb0                printf
 *fill*         0x0000deca        0x6 
 .text          0x0000ded0      0x276 ../../lib/c/libc.a(klog.o)
                0x0000dfe0                klog_write
                0x0000e030                klog_update
                0x0000e080                klog_command
                0x0000e0d0                klog_printf
                0x0000e110                klog_vprintf
 *fill*         0x0000e146        0xa 
 .text          0x0000e150      0x145 ../../lib/c/libc.a(vprintf.o)
                0x0000e1e0                vfprintf
                0x0000e240                vprintf
 *fill*         0x0000e295        0xb 
 .text          0x0000e2a0     0x261c ../../lib/c/libc.a(printf_core.o)
                0x0000f1f0                printf_core
 *fill*         0x000108bc        0x4 
 .text          0x000108c0       0xe5 ../../lib/c/libc.a(ieee_double.o)
                0x000108c0                extract_ieee_double
 *fill*         0x000109a5        0xb 
 .text          0x000109b0     0x14e5 ../../lib/c/libc.a(double_to_str.o)
                0x000109b0                double_to_short_str
                0x000119d0                double_to_fixed_str
 .text.unlikely
                0x00011e95       0x22 ../../lib/c/libc.a(double_to_str.o)
 *fill*         0x00011eb7        0x9 
 .text          0x00011ec0     0x13f0 ../../lib/c/libc.a(malloc.o)
                0x00012a30                __malloc_init
                0x00012ad0                calloc
                0x00012b30                malloc
                0x00012b70                memalign
                0x00012c40                free
                0x00012e90                realloc
                0x000131d0                heap_check
 .text.unlikely
                0x000132b0       0x2e ../../lib/c/libc.a(malloc.o)
 *fill*         0x000132de        0x2 
 .text          0x000132e0      0x364 ../../lib/c/libc.a(ns.o)
                0x000132e0                service_register
                0x00013340                service_connect
                0x000133c0                service_connect_blocking
                0x00013440                service_bind
                0x00013530                ns_ping
                0x000135c0                ns_intro
 *fill*         0x00013644        0xc 
 .text          0x00013650     0x4891 ../../lib/c/libc.a(async.o)
                0x00013840                reply_received
                0x00013d50                awaiter_initialize
                0x00013da0                async_set_client_data_constructor
                0x00013de0                async_set_client_data_destructor
                0x00013e20                async_set_client_connection
                0x00013e60                async_set_interrupt_received
                0x00013e70                async_insert_timeout
                0x00014040                async_get_call_timeout
                0x00014260                async_get_client_data
                0x000142a0                async_get_client_data_by_id
                0x00014380                async_put_client_data_by_id
                0x000144f0                async_new_connection
                0x00014900                async_create_manager
                0x00014930                async_destroy_manager
                0x00014940                __async_init
                0x00014a10                async_send_fast
                0x00014af0                async_send_slow
                0x00014be0                async_wait_for
                0x00014cc0                async_wait_timeout
                0x00014e30                async_forget
                0x00014ef0                async_usleep
                0x00015020                async_req_fast
                0x00015220                async_req_slow
                0x00015430                async_msg_0
                0x00015490                async_msg_1
                0x000154f0                async_msg_2
                0x00015550                async_msg_3
                0x000155b0                async_msg_4
                0x00015610                async_msg_5
                0x00015670                async_answer_0
                0x000156b0                async_answer_1
                0x000156f0                async_answer_2
                0x00015730                async_answer_3
                0x00015770                async_answer_4
                0x00015780                async_answer_5
                0x00015790                async_forward_fast
                0x000157c0                async_forward_slow
                0x00015810                async_connect_to_me
                0x00015a90                async_clone_establish
                0x00015d00                async_connect_me_to
                0x00015dd0                async_sess_args_set
                0x00015df0                async_connect_me_to_blocking
                0x00015ec0                async_connect_kbox
                0x00015f70                async_hangup
                0x00016060                async_poke
                0x00016070                async_exchange_begin
                0x000163e0                async_exchange_end
                0x00016470                async_share_in_start
                0x00016630                async_share_in_receive
                0x000166a0                async_share_in_finalize
                0x000166e0                async_share_out_start
                0x00016880                async_share_out_receive
                0x00016920                async_share_out_finalize
                0x00016960                async_data_read
                0x00016a40                async_data_read_start
                0x00016be0                async_data_read_receive
                0x00016c40                async_data_read_finalize
                0x00016c80                async_data_read_forward_fast
                0x00016f60                async_data_write_start
                0x00017100                async_data_write_receive
                0x00017150                async_data_write_finalize
                0x00017190                async_data_write_accept
                0x00017300                async_data_write_void
                0x00017340                async_data_write_forward_fast
                0x00017620                async_exchange_clone
                0x000177d0                async_clone_receive
                0x00017910                async_callback_receive
                0x00017a50                async_callback_receive_start
                0x00017ae0                async_state_change_start
                0x00017ca0                async_state_change_receive
                0x00017d20                async_state_change_finalize
                0x00017d60                async_remote_state_acquire
                0x00017d80                async_remote_state_update
                0x00017dd0                async_remote_state_release
                0x00017e20                async_remote_state_release_exchange
 .text.unlikely
                0x00017ee1       0x44 ../../lib/c/libc.a(async.o)
 *fill*         0x00017f25        0xb 
 .text          0x00017f30      0x711 ../../lib/c/libc.a(loader.o)
                0x00017f30                loader_spawn
                0x00017f90                loader_connect
                0x00017ff0                loader_get_task_id
                0x000180a0                loader_set_cwd
                0x000181c0                loader_set_pathname
                0x000182a0                loader_set_args
                0x000183e0                loader_set_files
                0x000184f0                loader_load_program
                0x00018580                loader_run
                0x00018620                loader_abort
 *fill*         0x00018641        0xf 
 .text          0x00018650      0xc34 ../../lib/c/libc.a(hash_table.o)
                0x000187d0                hash_table_create
                0x00018900                hash_table_destroy
                0x00018a10                hash_table_empty
                0x00018a50                hash_table_size
                0x00018a90                hash_table_clear
                0x00018bb0                hash_table_insert
                0x00018c80                hash_table_insert_unique
                0x00018de0                hash_table_find
                0x00018e80                hash_table_find_next
                0x00018f30                hash_table_remove
                0x00019060                hash_table_remove_item
                0x00019140                hash_table_apply
 *fill*         0x00019284        0xc 
 .text          0x00019290     0x1906 ../../lib/c/libc.a(time.o)
                0x00019ac0                tv_add
                0x00019b20                tv_sub
                0x00019b60                tv_gt
                0x00019b90                tv_gteq
                0x00019bc0                getuptime
                0x00019c90                gettimeofday
                0x00019e50                time
                0x00019e90                usleep
                0x00019ee0                udelay
                0x00019f30                sleep
                0x00019fb0                mktime
                0x0001a020                strftime
                0x0001a870                time_utc2tm
                0x0001a8e0                time_utc2str
                0x0001a9b0                time_tm2str
                0x0001aa60                time_local2tm
                0x0001aab0                time_local2str
                0x0001ab80                difftime
 *fill*         0x0001ab96        0xa 
 .text          0x0001aba0     0x236d ../../lib/c/libc.a(vfs.o)
                0x0001aba0                vfs_exchange_begin
                0x0001ac10                vfs_exchange_end
                0x0001ac20                absolutize
                0x0001ae90                mount
                0x0001b1d0                unmount
                0x0001b310                open
                0x0001b450                close
                0x0001b530                read
                0x0001b640                write
                0x0001b760                read_all
                0x0001b8b0                write_all
                0x0001ba20                fsync
                0x0001bb00                lseek
                0x0001bbe0                ftruncate
                0x0001bcc0                fstat
                0x0001bdd0                stat
                0x0001bf30                opendir
                0x0001c0a0                readdir
                0x0001c1d0                rewinddir
                0x0001c2b0                closedir
                0x0001c390                mkdir
                0x0001c4d0                unlink
                0x0001c4e0                rmdir
                0x0001c500                rename
                0x0001c6a0                chdir
                0x0001c900                getcwd
                0x0001c980                fd_session
                0x0001cad0                dup2
                0x0001cbb0                fd_wait
                0x0001cc90                get_mtab_list
 *fill*         0x0001cf0d        0x3 
 .text          0x0001cf10      0x279 ../../lib/c/libc.a(canonify.o)
                0x0001d000                canonify
 *fill*         0x0001d189        0x7 
 .text          0x0001d190       0x31 ../../lib/c/libc.a(stack.o)
                0x0001d190                stack_size_get
 *fill*         0x0001d1c1        0xf 
 .text          0x0001d1d0      0x139 ../../lib/c/libc.a(stacktrace.o)
                0x0001d1f0                stacktrace_print_fp_pc
                0x0001d270                stacktrace_print
 *fill*         0x0001d309        0x7 
 .text          0x0001d310       0x5d ../../lib/c/libc.a(assert.o)
                0x0001d310                assert_abort
 *fill*         0x0001d36d        0x3 
 .text          0x0001d370       0x5b ../../lib/c/libc.a(syscall.o)
                0x0001d370                __syscall_slow
                0x0001d397                __syscall_fast
 *fill*         0x0001d3cb        0x1 
 .text          0x0001d3cc       0x4c ../../lib/c/libc.a(fibril.o)
                0x0001d3cc                context_save
                0x0001d3f1                context_restore
 *fill*         0x0001d418        0x8 
 .text          0x0001d420       0x51 ../../lib/c/libc.a(tls.o)
                0x0001d420                __alloc_tls
                0x0001d430                __free_tls_arch
                0x0001d440                ___tls_get_addr
 *fill*         0x0001d471        0xf 
 .text          0x0001d480       0x4a ../../lib/c/libc.a(stacktrace.o)
                0x0001d480                stacktrace_fp_valid
                0x0001d490                stacktrace_fp_prev
                0x0001d4b0                stacktrace_ra_get
 *fill*         0x0001d4ca        0x2 
 .text          0x0001d4cc        0x8 ../../lib/c/libc.a(stacktrace_asm.o)
                0x0001d4cc                stacktrace_prepare
                0x0001d4cd                stacktrace_fp_get
                0x0001d4d0                stacktrace_pc_get
 *fill*         0x0001d4d4        0xc 
 .text          0x0001d4e0      0x503 ../../lib/c/libc.a(ddi.o)
                0x0001d4e0                device_assign_devno
                0x0001d530                physmem_map
                0x0001d570                dmamem_map
                0x0001d5c0                dmamem_map_anonymous
                0x0001d610                dmamem_unmap
                0x0001d660                dmamem_unmap_anonymous
                0x0001d6b0                pio_enable
                0x0001d7a0                pio_write_8
                0x0001d7f0                pio_write_16
                0x0001d840                pio_write_32
                0x0001d890                pio_read_8
                0x0001d8d0                pio_read_16
                0x0001d910                pio_read_32
                0x0001d950                irq_register
                0x0001d9a0                irq_unregister
 *fill*         0x0001d9e3        0xd 
 .text          0x0001d9f0      0x183 ../../lib/c/libc.a(as.o)
                0x0001d9f0                as_area_create
                0x0001da40                as_area_resize
                0x0001da90                as_area_destroy
                0x0001dae0                as_area_change_flags
                0x0001db30                as_get_physical_mapping
 *fill*         0x0001db73        0xd 
 .text          0x0001db80      0x15a ../../lib/c/libc.a(clock_dev.o)
                0x0001db80                clock_dev_time_get
                0x0001dc30                clock_dev_time_set
 *fill*         0x0001dcda        0x6 
 .text          0x0001dce0       0x10 ../../lib/c/libc.a(errno.o)
                0x0001dce0                __errno
 .text          0x0001dcf0       0x28 ../../lib/c/libc.a(snprintf.o)
                0x0001dcf0                snprintf
 *fill*         0x0001dd18        0x8 
 .text          0x0001dd20      0x1cf ../../lib/c/libc.a(vsnprintf.o)
                0x0001dea0                vsnprintf
 *fill*         0x0001deef        0x1 
 .text          0x0001def0      0x108 ../../lib/c/libc.a(power_of_ten.o)
                0x0001def0                get_power_of_ten
 *fill*         0x0001dff8        0x8 
 .text          0x0001e000      0x36b ../../lib/c/libc.a(sysinfo.o)
                0x0001e000                sysinfo_get_keys
                0x0001e0e0                sysinfo_get_val_type
                0x0001e140                sysinfo_get_value
                0x0001e190                sysinfo_get_data
                0x0001e270                sysinfo_get_property
 *fill*         0x0001e36b        0x5 
 .text          0x0001e370      0xab0 ../../lib/c/libc.a(ipc.o)
                0x0001e4b0                ipc_call_async_fast
                0x0001e700                ipc_call_async_slow
                0x0001e8e0                ipc_answer_fast
                0x0001e920                ipc_answer_slow
                0x0001e990                ipc_wait_cycle
                0x0001ea90                ipc_poke
                0x0001eae0                ipc_wait_for_call_timeout
                0x0001ebd0                ipc_trywait_for_call
                0x0001ecd0                ipc_hangup
                0x0001ed20                ipc_forward_fast
                0x0001ed60                ipc_forward_slow
                0x0001edd0                ipc_connect_kbox
 .text          0x0001ee20      0x1cf ../../lib/c/libc.a(pio_trace.o)
                0x0001ee20                pio_trace_log
                0x0001eee0                pio_trace_enable
                0x0001ef70                pio_trace_disable
 *fill*         0x0001efef        0x1 
 .text          0x0001eff0      0x8e2 ../../lib/softint/libsoftint.a(division.o)
                0x0001eff0                __divsi3
                0x0001f070                __divdi3
                0x0001f1c0                __udivsi3
                0x0001f210                __udivdi3
                0x0001f300                __modsi3
                0x0001f360                __moddi3
                0x0001f450                __umodsi3
                0x0001f490                __umoddi3
                0x0001f520                __divmodsi3
                0x0001f5b0                __udivmodsi3
                0x0001f620                __divmoddi3
                0x0001f7d0                __udivmoddi3
 *(.rodata .rodata.*)
 *fill*         0x0001f8d2        0x2 
 .rodata.str1.4
                0x0001f8d4      0x2b8 blkdump.o
 .rodata.str1.1
                0x0001fb8c       0x30 blkdump.o
                                 0x34 (size before relaxing)
 .rodata.str1.1
                0x0001fbbc       0x4f ../../lib/block/libblock.a(block.o)
 *fill*         0x0001fc0b        0x1 
 .rodata.str1.4
                0x0001fc0c       0x94 ../../lib/block/libblock.a(block.o)
 .rodata.str1.1
                0x0001fca0       0x2a ../../lib/c/libc.a(loc.o)
 .rodata.str1.1
                0x0001fcca       0x59 ../../lib/c/libc.a(str.o)
                                 0x64 (size before relaxing)
 *fill*         0x0001fd23       0x1d 
 .rodata        0x0001fd40      0x140 ../../lib/c/libc.a(str.o)
 .rodata.str1.1
                0x0001fe80       0x89 ../../lib/c/libc.a(fibril_synch.o)
 *fill*         0x0001ff09        0x3 
 .rodata.str1.4
                0x0001ff0c       0xb3 ../../lib/c/libc.a(fibril_synch.o)
 .rodata.str1.1
                0x0001ffbf       0x21 ../../lib/c/libc.a(task.o)
 .rodata.str1.1
                0x0001ffe0       0x88 ../../lib/c/libc.a(printf_core.o)
 .rodata.str1.4
                0x00020068       0x26 ../../lib/c/libc.a(printf_core.o)
 *fill*         0x0002008e        0x2 
 .rodata        0x00020090      0x23d ../../lib/c/libc.a(printf_core.o)
 .rodata.str1.1
                0x000202cd       0xd7 ../../lib/c/libc.a(double_to_str.o)
                                 0xe6 (size before relaxing)
 .rodata.str1.4
                0x000203a4      0x1d1 ../../lib/c/libc.a(double_to_str.o)
 .rodata.str1.1
                0x00020575       0xf1 ../../lib/c/libc.a(malloc.o)
 *fill*         0x00020666        0x2 
 .rodata.str1.4
                0x00020668      0x162 ../../lib/c/libc.a(malloc.o)
 .rodata.str1.1
                0x000207ca       0x8e ../../lib/c/libc.a(async.o)
                                 0x98 (size before relaxing)
 .rodata.str1.4
                0x00020858       0xd8 ../../lib/c/libc.a(async.o)
 .rodata.str1.1
                0x00020930        0x2 ../../lib/c/libc.a(loader.o)
 .rodata.str1.1
                0x00020932       0x5c ../../lib/c/libc.a(hash_table.o)
                                 0x60 (size before relaxing)
 *fill*         0x0002098e        0x2 
 .rodata.str1.4
                0x00020990       0x99 ../../lib/c/libc.a(hash_table.o)
 .rodata.str1.1
                0x00020a29      0x1ee ../../lib/c/libc.a(time.o)
                                0x20b (size before relaxing)
 *fill*         0x00020c17        0x9 
 .rodata        0x00020c20      0x32c ../../lib/c/libc.a(time.o)
 .rodata.str1.1
                0x00020f4c        0x8 ../../lib/c/libc.a(vfs.o)
                                  0x9 (size before relaxing)
 *fill*         0x00020f54        0xc 
 .rodata        0x00020f60       0xc0 ../../lib/c/libc.a(canonify.o)
 .rodata.str1.1
                0x00021020       0x13 ../../lib/c/libc.a(stack.o)
 .rodata.str1.1
                0x00021033       0x24 ../../lib/c/libc.a(stacktrace.o)
 *fill*         0x00021057        0x1 
 .rodata.str1.4
                0x00021058       0x2e ../../lib/c/libc.a(assert.o)
 .rodata.str1.1
                0x00021086       0x17 ../../lib/c/libc.a(power_of_ten.o)
                                 0x1d (size before relaxing)
 *fill*         0x0002109d        0x3 
 .rodata.str1.4
                0x000210a0       0xa4 ../../lib/c/libc.a(power_of_ten.o)
 *fill*         0x00021144       0x1c 
 .rodata        0x00021160      0x468 ../../lib/c/libc.a(power_of_ten.o)
 .rodata.str1.1
                0x000215c8       0x14 ../../lib/c/libc.a(pio_trace.o)
                                 0x17 (size before relaxing)
                0x000225dc                . = (. + 0x1000)

.data           0x000225e0      0x228
 *(.data)
 .data          0x000225e0        0x0 /home/pratik/HelenOS_Emacs/helenos/uspace/lib/c/arch/ia32/src/entry.o
 .data          0x000225e0        0x0 blkdump.o
 .data          0x000225e0       0x2c ../../lib/block/libblock.a(block.o)
 .data          0x0002260c        0x0 ../../lib/c/libc.a(libc.o)
 .data          0x0002260c        0x0 ../../lib/c/libc.a(bd.o)
 .data          0x0002260c       0x50 ../../lib/c/libc.a(loc.o)
 .data          0x0002265c        0x0 ../../lib/c/libc.a(mem.o)
 .data          0x0002265c        0x0 ../../lib/c/libc.a(str.o)
 .data          0x0002265c       0x1c ../../lib/c/libc.a(fibril.o)
 .data          0x00022678        0x0 ../../lib/c/libc.a(fibril_synch.o)
 .data          0x00022678        0x0 ../../lib/c/libc.a(pcb.o)
 .data          0x00022678        0x0 ../../lib/c/libc.a(tls.o)
 .data          0x00022678        0x0 ../../lib/c/libc.a(task.o)
 .data          0x00022678        0x0 ../../lib/c/libc.a(futex.o)
 *fill*         0x00022678        0x8 
 .data          0x00022680       0xb8 ../../lib/c/libc.a(io.o)
 .data          0x00022738        0x0 ../../lib/c/libc.a(printf.o)
 .data          0x00022738        0x0 ../../lib/c/libc.a(klog.o)
 .data          0x00022738       0x10 ../../lib/c/libc.a(vprintf.o)
 .data          0x00022748        0x0 ../../lib/c/libc.a(printf_core.o)
 .data          0x00022748        0x0 ../../lib/c/libc.a(ieee_double.o)
 .data          0x00022748        0x0 ../../lib/c/libc.a(double_to_str.o)
 .data          0x00022748        0x4 ../../lib/c/libc.a(malloc.o)
 .data          0x0002274c        0x0 ../../lib/c/libc.a(ns.o)
 .data          0x0002274c       0x64 ../../lib/c/libc.a(async.o)
                0x0002274c                async_futex
 .data          0x000227b0        0x0 ../../lib/c/libc.a(loader.o)
 .data          0x000227b0        0x0 ../../lib/c/libc.a(hash_table.o)
 .data          0x000227b0        0x0 ../../lib/c/libc.a(time.o)
 .data          0x000227b0       0x24 ../../lib/c/libc.a(vfs.o)
 .data          0x000227d4        0x0 ../../lib/c/libc.a(canonify.o)
 .data          0x000227d4        0x0 ../../lib/c/libc.a(stack.o)
 .data          0x000227d4        0x0 ../../lib/c/libc.a(stacktrace.o)
 .data          0x000227d4        0x0 ../../lib/c/libc.a(assert.o)
 .data          0x000227d4        0x4 ../../lib/c/libc.a(syscall.o)
                0x000227d4                __syscall_fast_func
 .data          0x000227d8        0x0 ../../lib/c/libc.a(fibril.o)
 .data          0x000227d8        0x0 ../../lib/c/libc.a(tls.o)
 .data          0x000227d8        0x0 ../../lib/c/libc.a(stacktrace.o)
 .data          0x000227d8        0x0 ../../lib/c/libc.a(stacktrace_asm.o)
 .data          0x000227d8        0x0 ../../lib/c/libc.a(ddi.o)
 .data          0x000227d8        0x0 ../../lib/c/libc.a(as.o)
 .data          0x000227d8        0x0 ../../lib/c/libc.a(clock_dev.o)
 .data          0x000227d8        0x0 ../../lib/c/libc.a(errno.o)
 .data          0x000227d8        0x0 ../../lib/c/libc.a(snprintf.o)
 .data          0x000227d8        0x0 ../../lib/c/libc.a(vsnprintf.o)
 .data          0x000227d8        0x0 ../../lib/c/libc.a(power_of_ten.o)
 .data          0x000227d8        0x0 ../../lib/c/libc.a(sysinfo.o)
 .data          0x000227d8       0x14 ../../lib/c/libc.a(ipc.o)
                0x000227d8                queued_calls
                0x000227e0                dispatched_calls
 .data          0x000227ec       0x1c ../../lib/c/libc.a(pio_trace.o)
 .data          0x00022808        0x0 ../../lib/softint/libsoftint.a(division.o)

.tdata          0x00022808        0xc
                0x00022808                _tdata_start = .
 *(.tdata)
 *(.gnu.linkonce.tb.*)
                0x00022808                _tdata_end = .
                0x00022808                _tbss_start = .
 *(.tbss)
 .tbss          0x00022808        0x4 ../../lib/c/libc.a(fibril.o)
 .tbss          0x0002280c        0x4 ../../lib/c/libc.a(async.o)
 .tbss          0x00022810        0x4 ../../lib/c/libc.a(errno.o)
                0x00022814                _tbss_end = .
                0x00000004                _tls_alignment = ALIGNOF (.tdata)

.bss            0x00022808       0xa0
 *(.dynbss)
 *(COMMON)
 COMMON         0x00022808        0x4 ../../lib/c/libc.a(pcb.o)
                0x00022808                __pcb
 COMMON         0x0002280c        0x4 ../../lib/c/libc.a(async.o)
                0x0002280c                session_ns
 *(.bss)
 .bss           0x00022810        0x0 /home/pratik/HelenOS_Emacs/helenos/uspace/lib/c/arch/ia32/src/entry.o
 .bss           0x00022810        0x0 blkdump.o
 .bss           0x00022810        0x0 ../../lib/block/libblock.a(block.o)
 .bss           0x00022810        0x1 ../../lib/c/libc.a(libc.o)
 *fill*         0x00022811        0x3 
 .bss           0x00022814        0x0 ../../lib/c/libc.a(bd.o)
 .bss           0x00022814       0x15 ../../lib/c/libc.a(loc.o)
 *fill*         0x00022829        0x3 
 .bss           0x0002282c        0x0 ../../lib/c/libc.a(mem.o)
 .bss           0x0002282c        0x4 ../../lib/c/libc.a(str.o)
 .bss           0x00022830        0x8 ../../lib/c/libc.a(fibril.o)
 .bss           0x00022838        0x0 ../../lib/c/libc.a(fibril_synch.o)
 .bss           0x00022838        0x0 ../../lib/c/libc.a(pcb.o)
 .bss           0x00022838        0x0 ../../lib/c/libc.a(tls.o)
 .bss           0x00022838        0x0 ../../lib/c/libc.a(task.o)
 .bss           0x00022838        0x0 ../../lib/c/libc.a(futex.o)
 .bss           0x00022838        0xc ../../lib/c/libc.a(io.o)
                0x00022838                stderr
                0x0002283c                stdout
                0x00022840                stdin
 .bss           0x00022844        0x0 ../../lib/c/libc.a(printf.o)
 .bss           0x00022844        0x0 ../../lib/c/libc.a(klog.o)
 .bss           0x00022844        0x0 ../../lib/c/libc.a(vprintf.o)
 .bss           0x00022844        0x0 ../../lib/c/libc.a(printf_core.o)
 .bss           0x00022844        0x0 ../../lib/c/libc.a(ieee_double.o)
 .bss           0x00022844        0x0 ../../lib/c/libc.a(double_to_str.o)
 .bss           0x00022844        0xc ../../lib/c/libc.a(malloc.o)
 .bss           0x00022850        0x0 ../../lib/c/libc.a(ns.o)
 .bss           0x00022850       0x3c ../../lib/c/libc.a(async.o)
                0x00022850                threads_in_ipc_wait
 .bss           0x0002288c        0x0 ../../lib/c/libc.a(loader.o)
 .bss           0x0002288c        0x0 ../../lib/c/libc.a(hash_table.o)
 .bss           0x0002288c        0x8 ../../lib/c/libc.a(time.o)
                0x0002288c                ktime
 .bss           0x00022894        0xc ../../lib/c/libc.a(vfs.o)
 .bss           0x000228a0        0x0 ../../lib/c/libc.a(canonify.o)
 .bss           0x000228a0        0x4 ../../lib/c/libc.a(stack.o)
 .bss           0x000228a4        0x0 ../../lib/c/libc.a(stacktrace.o)
 .bss           0x000228a4        0x4 ../../lib/c/libc.a(assert.o)
 .bss           0x000228a8        0x0 ../../lib/c/libc.a(syscall.o)
 .bss           0x000228a8        0x0 ../../lib/c/libc.a(fibril.o)
 .bss           0x000228a8        0x0 ../../lib/c/libc.a(tls.o)
 .bss           0x000228a8        0x0 ../../lib/c/libc.a(stacktrace.o)
 .bss           0x000228a8        0x0 ../../lib/c/libc.a(stacktrace_asm.o)
 .bss           0x000228a8        0x0 ../../lib/c/libc.a(ddi.o)
 .bss           0x000228a8        0x0 ../../lib/c/libc.a(as.o)
 .bss           0x000228a8        0x0 ../../lib/c/libc.a(clock_dev.o)
 .bss           0x000228a8        0x0 ../../lib/c/libc.a(errno.o)
 .bss           0x000228a8        0x0 ../../lib/c/libc.a(snprintf.o)
 .bss           0x000228a8        0x0 ../../lib/c/libc.a(vsnprintf.o)
 .bss           0x000228a8        0x0 ../../lib/c/libc.a(power_of_ten.o)
 .bss           0x000228a8        0x0 ../../lib/c/libc.a(sysinfo.o)
 .bss           0x000228a8        0x0 ../../lib/c/libc.a(ipc.o)
 .bss           0x000228a8        0x0 ../../lib/c/libc.a(pio_trace.o)
 .bss           0x000228a8        0x0 ../../lib/softint/libsoftint.a(division.o)

/DISCARD/
 *(*)
LOAD blkdump.o
LOAD ../../lib/block/libblock.a
LOAD ../../lib/c/libc.a
LOAD ../../lib/softint/libsoftint.a
OUTPUT(blkdump elf32-i386)
