Archive member included because of file (symbol)

../../../lib/c/libc.a(libc.o)
                              gsp.o (exit)
../../../lib/c/libc.a(ddi.o)  port/gxemul.o (device_assign_devno)
../../../lib/c/libc.a(loc.o)  input.o (loc_server_register)
../../../lib/c/libc.a(str.o)  ../../../lib/c/libc.a(loc.o) (str_size)
../../../lib/c/libc.a(fibril.o)
                              ../../../lib/c/libc.a(libc.o) (fibril_setup)
../../../lib/c/libc.a(fibril_synch.o)
                              input.o (fibril_mutex_lock)
../../../lib/c/libc.a(pcb.o)  ../../../lib/c/libc.a(libc.o) (__pcb)
../../../lib/c/libc.a(thread.o)
                              port/niagara.o (thread_create)
../../../lib/c/libc.a(tls.o)  ../../../lib/c/libc.a(fibril.o) (__make_tls)
../../../lib/c/libc.a(task.o)
                              ../../../lib/c/libc.a(ddi.o) (task_get_id)
../../../lib/c/libc.a(futex.o)
                              ../../../lib/c/libc.a(fibril.o) (futex_down)
../../../lib/c/libc.a(io.o)   ../../../lib/c/libc.a(libc.o) (__stdio_init)
../../../lib/c/libc.a(printf.o)
                              layout/cz.o (printf)
../../../lib/c/libc.a(klog.o)
                              ../../../lib/c/libc.a(io.o) (klog_write)
../../../lib/c/libc.a(vprintf.o)
                              ../../../lib/c/libc.a(printf.o) (vfprintf)
../../../lib/c/libc.a(printf_core.o)
                              ../../../lib/c/libc.a(klog.o) (printf_core)
../../../lib/c/libc.a(ieee_double.o)
                              ../../../lib/c/libc.a(printf_core.o) (extract_ieee_double)
../../../lib/c/libc.a(double_to_str.o)
                              ../../../lib/c/libc.a(printf_core.o) (double_to_short_str)
../../../lib/c/libc.a(malloc.o)
                              ../../../lib/c/libc.a(libc.o) (__malloc_init)
../../../lib/c/libc.a(sysinfo.o)
                              port/gxemul.o (sysinfo_get_value)
../../../lib/c/libc.a(ns.o)   ../../../lib/c/libc.a(loc.o) (service_connect)
../../../lib/c/libc.a(async.o)
                              ../../../lib/c/libc.a(fibril_synch.o) (async_futex)
../../../lib/c/libc.a(loader.o)
                              ../../../lib/c/libc.a(task.o) (loader_connect)
../../../lib/c/libc.a(hash_table.o)
                              gsp.o (hash_table_create)
../../../lib/c/libc.a(time.o)
                              ../../../lib/c/libc.a(fibril_synch.o) (tv_add)
../../../lib/c/libc.a(vfs.o)  ../../../lib/c/libc.a(loader.o) (vfs_exchange_begin)
../../../lib/c/libc.a(canonify.o)
                              ../../../lib/c/libc.a(vfs.o) (canonify)
../../../lib/c/libc.a(stack.o)
                              ../../../lib/c/libc.a(fibril.o) (stack_size_get)
../../../lib/c/libc.a(stacktrace.o)
                              ../../../lib/c/libc.a(fibril_synch.o) (stacktrace_print_fp_pc)
../../../lib/c/libc.a(assert.o)
                              ../../../lib/c/libc.a(loc.o) (assert_abort)
../../../lib/c/libc.a(pio_trace.o)
                              ../../../lib/c/libc.a(ddi.o) (pio_trace_log)
../../../lib/c/libc.a(thread_entry.o)
                              ../../../lib/c/libc.a(thread.o) (__thread_entry)
../../../lib/c/libc.a(syscall.o)
                              /home/pratik/HelenOS_Emacs/helenos/uspace/lib/c/arch/ia32/src/entry.o (__syscall_fast_func)
../../../lib/c/libc.a(fibril.o)
                              ../../../lib/c/libc.a(fibril.o) (context_save)
../../../lib/c/libc.a(tls.o)  ../../../lib/c/libc.a(tls.o) (__alloc_tls)
../../../lib/c/libc.a(stacktrace.o)
                              ../../../lib/c/libc.a(stacktrace.o) (stacktrace_fp_valid)
../../../lib/c/libc.a(stacktrace_asm.o)
                              ../../../lib/c/libc.a(stacktrace.o) (stacktrace_prepare)
../../../lib/c/libc.a(as.o)   ../../../lib/c/libc.a(fibril.o) (as_area_create)
../../../lib/c/libc.a(clock_dev.o)
                              ../../../lib/c/libc.a(time.o) (clock_dev_time_get)
../../../lib/c/libc.a(errno.o)
                              ../../../lib/c/libc.a(loc.o) (__errno)
../../../lib/c/libc.a(mem.o)  ../../../lib/c/libc.a(tls.o) (memset)
../../../lib/c/libc.a(snprintf.o)
                              ../../../lib/c/libc.a(time.o) (snprintf)
../../../lib/c/libc.a(vsnprintf.o)
                              ../../../lib/c/libc.a(snprintf.o) (vsnprintf)
../../../lib/c/libc.a(power_of_ten.o)
                              ../../../lib/c/libc.a(double_to_str.o) (get_power_of_ten)
../../../lib/c/libc.a(ipc.o)  ../../../lib/c/libc.a(async.o) (ipc_call_async_fast)
../../../lib/softint/libsoftint.a(division.o)
                              ../../../lib/c/libc.a(str.o) (__udivdi3)

Allocating common symbols
Common symbol       size              file

__pcb               0x4               ../../../lib/c/libc.a(pcb.o)
session_ns          0x4               ../../../lib/c/libc.a(async.o)

Discarded input sections

 .debug_line    0x00000000       0x52 /home/pratik/HelenOS_Emacs/helenos/uspace/lib/c/arch/ia32/src/entry.o
[...]
Memory Configuration

Name             Origin             Length             Attributes
*default*        0x00000000         0xffffffff

Linker script and memory map

LOAD /home/pratik/HelenOS_Emacs/helenos/uspace/lib/c/arch/ia32/src/entry.o
                0x00001094                . = (0x1000 + SIZEOF_HEADERS)

.init           0x00001094       0x2c
 *(.init)
 .init          0x00001094       0x2c /home/pratik/HelenOS_Emacs/helenos/uspace/lib/c/arch/ia32/src/entry.o
                0x00001094                __entry

.text           0x000010c0    0x21528
 *(.text .text.*)
 .text          0x000010c0        0x0 /home/pratik/HelenOS_Emacs/helenos/uspace/lib/c/arch/ia32/src/entry.o
 .text          0x000010c0      0x281 layout/cz.o
 *fill*         0x00001341        0xf 
 .text          0x00001350       0xc6 layout/us_qwerty.o
 *fill*         0x00001416        0xa 
 .text          0x00001420       0xc6 layout/us_dvorak.o
 *fill*         0x000014e6        0xa 
 .text          0x000014f0       0x88 layout/ar.o
 *fill*         0x00001578        0x8 
 .text          0x00001580      0x208 port/adb.o
 *fill*         0x00001788        0x8 
 .text          0x00001790      0x1c6 port/adb_mouse.o
 *fill*         0x00001956        0xa 
 .text          0x00001960      0x243 port/chardev.o
 *fill*         0x00001ba3        0xd 
 .text          0x00001bb0       0xda port/gxemul.o
 *fill*         0x00001c8a        0x6 
 .text          0x00001c90       0xda port/msim.o
 *fill*         0x00001d6a        0x6 
 .text          0x00001d70      0x16d port/niagara.o
 *fill*         0x00001edd        0x3 
 .text          0x00001ee0      0x173 port/ns16550.o
 *fill*         0x00002053        0xd 
 .text          0x00002060       0xea port/pl050.o
 *fill*         0x0000214a        0x6 
 .text          0x00002150       0x8b port/ski.o
 *fill*         0x000021db        0x5 
 .text          0x000021e0       0xeb proto/adb.o
 *fill*         0x000022cb        0x5 
 .text          0x000022d0      0x24f proto/mousedev.o
 *fill*         0x0000251f        0x1 
 .text          0x00002520       0x5f ctl/apple.o
 *fill*         0x0000257f        0x1 
 .text          0x00002580       0xaa ctl/gxe_fb.o
 *fill*         0x0000262a        0x6 
 .text          0x00002630      0x26a ctl/kbdev.o
 *fill*         0x0000289a        0x6 
 .text          0x000028a0      0x128 ctl/pc.o
 *fill*         0x000029c8        0x8 
 .text          0x000029d0       0xaa ctl/stty.o
 *fill*         0x00002a7a        0x6 
 .text          0x00002a80       0x67 ctl/sun.o
 *fill*         0x00002ae7        0x9 
 .text          0x00002af0      0x2ed gsp.o
                0x00002b60                gsp_init
                0x00002ba0                gsp_insert_seq
                0x00002cf0                gsp_insert_defs
                0x00002d50                gsp_step
 *fill*         0x00002ddd        0x3 
 .text          0x00002de0      0x985 input.o
                0x00003330                kbd_push_data
                0x00003350                mouse_push_data
                0x00003370                kbd_push_event
                0x00003570                mouse_push_event_move
                0x000036a0                mouse_push_event_abs_move
                0x00003720                mouse_push_event_button
 *fill*         0x00003765        0xb 
 .text.startup  0x00003770      0x1e3 input.o
                0x00003770                main
 *fill*         0x00003953        0xd 
 .text          0x00003960       0x9e layout.o
                0x00003960                layout_create
                0x000039d0                layout_destroy
                0x000039f0                layout_parse_ev
 *fill*         0x000039fe        0x2 
 .text          0x00003a00       0xbb stroke.o
                0x00003a00                stroke_sim
 *fill*         0x00003abb        0x5 
 .text          0x00003ac0      0x18c ../../../lib/c/libc.a(libc.o)
                0x00003ac0                exit
                0x00003b40                abort
                0x00003b90                __main
 *fill*         0x00003c4c        0x4 
 .text          0x00003c50      0x503 ../../../lib/c/libc.a(ddi.o)
                0x00003c50                device_assign_devno
                0x00003ca0                physmem_map
                0x00003ce0                dmamem_map
                0x00003d30                dmamem_map_anonymous
                0x00003d80                dmamem_unmap
                0x00003dd0                dmamem_unmap_anonymous
                0x00003e20                pio_enable
                0x00003f10                pio_write_8
                0x00003f60                pio_write_16
                0x00003fb0                pio_write_32
                0x00004000                pio_read_8
                0x00004040                pio_read_16
                0x00004080                pio_read_32
                0x000040c0                irq_register
                0x00004110                irq_unregister
 *fill*         0x00004153        0xd 
 .text          0x00004160     0x296b ../../../lib/c/libc.a(loc.o)
                0x00004840                loc_exchange_begin_blocking
                0x00004a40                loc_exchange_begin
                0x00004b30                loc_exchange_end
                0x00004b40                loc_server_register
                0x00004d80                loc_service_register_with_iface
                0x00004f50                loc_service_register
                0x00005120                loc_service_unregister
                0x00005290                loc_service_get_id
                0x000054f0                loc_category_get_name
                0x00005510                loc_service_get_name
                0x00005530                loc_service_get_server_name
                0x00005550                loc_namespace_get_id
                0x000057b0                loc_category_get_id
                0x00005a10                loc_id_probe
                0x00005b80                loc_service_connect
                0x00005bc0                loc_null_create
                0x00005d30                loc_null_destroy
                0x00005e90                loc_service_add_to_cat
                0x00006000                loc_count_namespaces
                0x00006170                loc_count_services
                0x000062e0                loc_get_namespaces
                0x000065c0                loc_get_services
                0x000068a0                loc_category_get_svcs
                0x000068c0                loc_get_categories
                0x000068e0                loc_register_cat_change_cb
 *fill*         0x00006acb        0x5 
 .text          0x00006ad0     0x3186 ../../../lib/c/libc.a(str.o)
                0x00006f40                str_decode
                0x00007040                str_decode_reverse
                0x00007290                chr_encode
                0x00007380                str_size
                0x000073a0                wstr_size
                0x000073c0                str_lsize
                0x000074b0                str_nsize
                0x000074e0                wstr_nsize
                0x00007520                wstr_lsize
                0x00007560                str_length
                0x00007640                wstr_length
                0x00007660                str_nlength
                0x00007760                wstr_nlength
                0x000077a0                chr_width
                0x000077b0                str_width
                0x00007890                ascii_check
                0x000078a0                chr_check
                0x000078b0                str_cmp
                0x00007ae0                str_lcmp
                0x00007d30                str_test_prefix
                0x00007f30                str_cpy
                0x00008120                str_ncpy
                0x00008350                str_append
                0x00008390                spascii_to_str
                0x00008440                wstr_to_str
                0x00008590                utf16_to_str
                0x00008740                str_to_utf16
                0x000088c0                wstr_to_astr
                0x00008ae0                str_to_wstr
                0x00008c10                str_to_awstr
                0x00008d20                str_chr
                0x00008e20                str_rtrim
                0x00008f50                str_ltrim
                0x00009080                str_rchr
                0x00009180                wstr_linsert
                0x000091e0                wstr_remove
                0x00009230                stricmp
                0x000092e0                strtol
                0x00009320                str_dup
                0x00009380                str_ndup
                0x000093f0                strtoul
                0x00009420                strtok_r
                0x00009660                strtok
                0x00009690                str_uint8_t
                0x00009730                str_uint16_t
                0x000097d0                str_uint32_t
                0x00009870                str_uint64_t
                0x000098f0                str_size_t
                0x00009990                order_suffix
                0x00009b50                bin_order_suffix
 *fill*         0x00009c56        0xa 
 .text          0x00009c60      0x70b ../../../lib/c/libc.a(fibril.o)
                0x00009c60                fibril_setup
                0x00009ce0                fibril_teardown
                0x00009dd0                fibril_switch
                0x0000a0c0                fibril_create
                0x0000a1d0                fibril_destroy
                0x0000a200                fibril_add_ready
                0x0000a270                fibril_add_manager
                0x0000a2c0                fibril_remove_manager
                0x0000a310                fibril_get_id
                0x0000a320                fibril_inc_sercount
                0x0000a340                fibril_dec_sercount
                0x0000a360                fibril_get_sercount
 *fill*         0x0000a36b        0x5 
 .text          0x0000a370     0x14bb ../../../lib/c/libc.a(fibril_synch.o)
                0x0000a580                fibril_mutex_initialize
                0x0000a5a0                fibril_mutex_lock
                0x0000a670                fibril_mutex_trylock
                0x0000a6c0                fibril_mutex_unlock
                0x0000a7d0                fibril_mutex_is_locked
                0x0000a810                fibril_rwlock_initialize
                0x0000a840                fibril_rwlock_read_lock
                0x0000a920                fibril_rwlock_write_lock
                0x0000aa00                fibril_rwlock_read_unlock
                0x0000aa60                fibril_rwlock_write_unlock
                0x0000aae0                fibril_rwlock_is_read_locked
                0x0000ab20                fibril_rwlock_is_write_locked
                0x0000ab80                fibril_rwlock_is_locked
                0x0000ac10                fibril_condvar_initialize
                0x0000ac20                fibril_condvar_wait_timeout
                0x0000b1f0                fibril_condvar_wait
                0x0000b240                fibril_condvar_signal
                0x0000b2c0                fibril_condvar_broadcast
                0x0000b350                fibril_timer_create
                0x0000b3d0                fibril_timer_destroy
                0x0000b550                fibril_timer_set
                0x0000b6c0                fibril_timer_clear
 *fill*         0x0000b82b        0x1 
 .text          0x0000b82c        0x0 ../../../lib/c/libc.a(pcb.o)
 *fill*         0x0000b82c        0x4 
 .text          0x0000b830      0x22a ../../../lib/c/libc.a(thread.o)
                0x0000b830                thread_create
                0x0000b920                thread_exit
                0x0000b970                __thread_main
                0x0000b9f0                thread_detach
                0x0000ba00                thread_join
                0x0000ba10                thread_get_id
 *fill*         0x0000ba5a        0x6 
 .text          0x0000ba60      0x122 ../../../lib/c/libc.a(tls.o)
                0x0000ba60                __make_tls
                0x0000bae0                __free_tls
                0x0000bb10                tls_alloc_variant_2
                0x0000bb60                tls_free_variant_2
 *fill*         0x0000bb82        0xe 
 .text          0x0000bb90      0x611 ../../../lib/c/libc.a(task.o)
                0x0000bb90                task_get_id
                0x0000bbe0                task_set_name
                0x0000bc60                task_kill
                0x0000bcb0                task_spawnvf
                0x0000bd80                task_spawnv
                0x0000be30                task_spawn
                0x0000bf30                task_spawnl
                0x0000c040                task_wait
                0x0000c120                task_retval
 *fill*         0x0000c1a1        0xf 
 .text          0x0000c1b0       0xeb ../../../lib/c/libc.a(futex.o)
                0x0000c1b0                futex_initialize
                0x0000c1c0                futex_trydown
                0x0000c1e0                futex_down
                0x0000c240                futex_up
 *fill*         0x0000c29b        0x5 
 .text          0x0000c2a0     0x248d ../../../lib/c/libc.a(io.o)
                0x0000c370                __stdio_init
                0x0000c600                __stdio_done
                0x0000c7d0                setvbuf
                0x0000c800                fopen
                0x0000c9f0                fdopen
                0x0000caf0                fclose
                0x0000cca0                fread
                0x0000ced0                fgetc
                0x0000d150                fgets
                0x0000d480                getchar
                0x0000d740                fseek
                0x0000d880                ftell
                0x0000d9b0                rewind
                0x0000dae0                fflush
                0x0000ddd0                fwrite
                0x0000df80                fputs
                0x0000e130                puts
                0x0000e2e0                fputc
                0x0000e4a0                putchar
                0x0000e660                feof
                0x0000e670                ferror
                0x0000e680                clearerr
                0x0000e6a0                fileno
                0x0000e6d0                fsession
                0x0000e710                fhandle
 *fill*         0x0000e72d        0x3 
 .text          0x0000e730       0x4a ../../../lib/c/libc.a(printf.o)
                0x0000e730                fprintf
                0x0000e760                printf
 *fill*         0x0000e77a        0x6 
 .text          0x0000e780      0x276 ../../../lib/c/libc.a(klog.o)
                0x0000e890                klog_write
                0x0000e8e0                klog_update
                0x0000e930                klog_command
                0x0000e980                klog_printf
                0x0000e9c0                klog_vprintf
 *fill*         0x0000e9f6        0xa 
 .text          0x0000ea00      0x145 ../../../lib/c/libc.a(vprintf.o)
                0x0000ea90                vfprintf
                0x0000eaf0                vprintf
 *fill*         0x0000eb45        0xb 
 .text          0x0000eb50     0x261c ../../../lib/c/libc.a(printf_core.o)
                0x0000faa0                printf_core
 *fill*         0x0001116c        0x4 
 .text          0x00011170       0xe5 ../../../lib/c/libc.a(ieee_double.o)
                0x00011170                extract_ieee_double
 *fill*         0x00011255        0xb 
 .text          0x00011260     0x14e5 ../../../lib/c/libc.a(double_to_str.o)
                0x00011260                double_to_short_str
                0x00012280                double_to_fixed_str
 .text.unlikely
                0x00012745       0x22 ../../../lib/c/libc.a(double_to_str.o)
 *fill*         0x00012767        0x9 
 .text          0x00012770     0x13f0 ../../../lib/c/libc.a(malloc.o)
                0x000132e0                __malloc_init
                0x00013380                calloc
                0x000133e0                malloc
                0x00013420                memalign
                0x000134f0                free
                0x00013740                realloc
                0x00013a80                heap_check
 .text.unlikely
                0x00013b60       0x2e ../../../lib/c/libc.a(malloc.o)
 *fill*         0x00013b8e        0x2 
 .text          0x00013b90      0x36b ../../../lib/c/libc.a(sysinfo.o)
                0x00013b90                sysinfo_get_keys
                0x00013c70                sysinfo_get_val_type
                0x00013cd0                sysinfo_get_value
                0x00013d20                sysinfo_get_data
                0x00013e00                sysinfo_get_property
 *fill*         0x00013efb        0x5 
 .text          0x00013f00      0x364 ../../../lib/c/libc.a(ns.o)
                0x00013f00                service_register
                0x00013f60                service_connect
                0x00013fe0                service_connect_blocking
                0x00014060                service_bind
                0x00014150                ns_ping
                0x000141e0                ns_intro
 *fill*         0x00014264        0xc 
 .text          0x00014270     0x4891 ../../../lib/c/libc.a(async.o)
                0x00014460                reply_received
                0x00014970                awaiter_initialize
                0x000149c0                async_set_client_data_constructor
                0x00014a00                async_set_client_data_destructor
                0x00014a40                async_set_client_connection
                0x00014a80                async_set_interrupt_received
                0x00014a90                async_insert_timeout
                0x00014c60                async_get_call_timeout
                0x00014e80                async_get_client_data
                0x00014ec0                async_get_client_data_by_id
                0x00014fa0                async_put_client_data_by_id
                0x00015110                async_new_connection
                0x00015520                async_create_manager
                0x00015550                async_destroy_manager
                0x00015560                __async_init
                0x00015630                async_send_fast
                0x00015710                async_send_slow
                0x00015800                async_wait_for
                0x000158e0                async_wait_timeout
                0x00015a50                async_forget
                0x00015b10                async_usleep
                0x00015c40                async_req_fast
                0x00015e40                async_req_slow
                0x00016050                async_msg_0
                0x000160b0                async_msg_1
                0x00016110                async_msg_2
                0x00016170                async_msg_3
                0x000161d0                async_msg_4
                0x00016230                async_msg_5
                0x00016290                async_answer_0
                0x000162d0                async_answer_1
                0x00016310                async_answer_2
                0x00016350                async_answer_3
                0x00016390                async_answer_4
                0x000163a0                async_answer_5
                0x000163b0                async_forward_fast
                0x000163e0                async_forward_slow
                0x00016430                async_connect_to_me
                0x000166b0                async_clone_establish
                0x00016920                async_connect_me_to
                0x000169f0                async_sess_args_set
                0x00016a10                async_connect_me_to_blocking
                0x00016ae0                async_connect_kbox
                0x00016b90                async_hangup
                0x00016c80                async_poke
                0x00016c90                async_exchange_begin
                0x00017000                async_exchange_end
                0x00017090                async_share_in_start
                0x00017250                async_share_in_receive
                0x000172c0                async_share_in_finalize
                0x00017300                async_share_out_start
                0x000174a0                async_share_out_receive
                0x00017540                async_share_out_finalize
                0x00017580                async_data_read
                0x00017660                async_data_read_start
                0x00017800                async_data_read_receive
                0x00017860                async_data_read_finalize
                0x000178a0                async_data_read_forward_fast
                0x00017b80                async_data_write_start
                0x00017d20                async_data_write_receive
                0x00017d70                async_data_write_finalize
                0x00017db0                async_data_write_accept
                0x00017f20                async_data_write_void
                0x00017f60                async_data_write_forward_fast
                0x00018240                async_exchange_clone
                0x000183f0                async_clone_receive
                0x00018530                async_callback_receive
                0x00018670                async_callback_receive_start
                0x00018700                async_state_change_start
                0x000188c0                async_state_change_receive
                0x00018940                async_state_change_finalize
                0x00018980                async_remote_state_acquire
                0x000189a0                async_remote_state_update
                0x000189f0                async_remote_state_release
                0x00018a40                async_remote_state_release_exchange
 .text.unlikely
                0x00018b01       0x44 ../../../lib/c/libc.a(async.o)
 *fill*         0x00018b45        0xb 
 .text          0x00018b50      0x711 ../../../lib/c/libc.a(loader.o)
                0x00018b50                loader_spawn
                0x00018bb0                loader_connect
                0x00018c10                loader_get_task_id
                0x00018cc0                loader_set_cwd
                0x00018de0                loader_set_pathname
                0x00018ec0                loader_set_args
                0x00019000                loader_set_files
                0x00019110                loader_load_program
                0x000191a0                loader_run
                0x00019240                loader_abort
 *fill*         0x00019261        0xf 
 .text          0x00019270      0xc34 ../../../lib/c/libc.a(hash_table.o)
                0x000193f0                hash_table_create
                0x00019520                hash_table_destroy
                0x00019630                hash_table_empty
                0x00019670                hash_table_size
                0x000196b0                hash_table_clear
                0x000197d0                hash_table_insert
                0x000198a0                hash_table_insert_unique
                0x00019a00                hash_table_find
                0x00019aa0                hash_table_find_next
                0x00019b50                hash_table_remove
                0x00019c80                hash_table_remove_item
                0x00019d60                hash_table_apply
 *fill*         0x00019ea4        0xc 
 .text          0x00019eb0     0x1906 ../../../lib/c/libc.a(time.o)
                0x0001a6e0                tv_add
                0x0001a740                tv_sub
                0x0001a780                tv_gt
                0x0001a7b0                tv_gteq
                0x0001a7e0                getuptime
                0x0001a8b0                gettimeofday
                0x0001aa70                time
                0x0001aab0                usleep
                0x0001ab00                udelay
                0x0001ab50                sleep
                0x0001abd0                mktime
                0x0001ac40                strftime
                0x0001b490                time_utc2tm
                0x0001b500                time_utc2str
                0x0001b5d0                time_tm2str
                0x0001b680                time_local2tm
                0x0001b6d0                time_local2str
                0x0001b7a0                difftime
 *fill*         0x0001b7b6        0xa 
 .text          0x0001b7c0     0x236d ../../../lib/c/libc.a(vfs.o)
                0x0001b7c0                vfs_exchange_begin
                0x0001b830                vfs_exchange_end
                0x0001b840                absolutize
                0x0001bab0                mount
                0x0001bdf0                unmount
                0x0001bf30                open
                0x0001c070                close
                0x0001c150                read
                0x0001c260                write
                0x0001c380                read_all
                0x0001c4d0                write_all
                0x0001c640                fsync
                0x0001c720                lseek
                0x0001c800                ftruncate
                0x0001c8e0                fstat
                0x0001c9f0                stat
                0x0001cb50                opendir
                0x0001ccc0                readdir
                0x0001cdf0                rewinddir
                0x0001ced0                closedir
                0x0001cfb0                mkdir
                0x0001d0f0                unlink
                0x0001d100                rmdir
                0x0001d120                rename
                0x0001d2c0                chdir
                0x0001d520                getcwd
                0x0001d5a0                fd_session
                0x0001d6f0                dup2
                0x0001d7d0                fd_wait
                0x0001d8b0                get_mtab_list
 *fill*         0x0001db2d        0x3 
 .text          0x0001db30      0x279 ../../../lib/c/libc.a(canonify.o)
                0x0001dc20                canonify
 *fill*         0x0001dda9        0x7 
 .text          0x0001ddb0       0x31 ../../../lib/c/libc.a(stack.o)
                0x0001ddb0                stack_size_get
 *fill*         0x0001dde1        0xf 
 .text          0x0001ddf0      0x139 ../../../lib/c/libc.a(stacktrace.o)
                0x0001de10                stacktrace_print_fp_pc
                0x0001de90                stacktrace_print
 *fill*         0x0001df29        0x7 
 .text          0x0001df30       0x5d ../../../lib/c/libc.a(assert.o)
                0x0001df30                assert_abort
 *fill*         0x0001df8d        0x3 
 .text          0x0001df90      0x1cf ../../../lib/c/libc.a(pio_trace.o)
                0x0001df90                pio_trace_log
                0x0001e050                pio_trace_enable
                0x0001e0e0                pio_trace_disable
 *fill*         0x0001e15f        0x1 
 .text          0x0001e160       0x13 ../../../lib/c/libc.a(thread_entry.o)
                0x0001e160                __thread_entry
 *fill*         0x0001e173        0x1 
 .text          0x0001e174       0x5b ../../../lib/c/libc.a(syscall.o)
                0x0001e174                __syscall_slow
                0x0001e19b                __syscall_fast
 *fill*         0x0001e1cf        0x1 
 .text          0x0001e1d0       0x4c ../../../lib/c/libc.a(fibril.o)
                0x0001e1d0                context_save
                0x0001e1f5                context_restore
 *fill*         0x0001e21c        0x4 
 .text          0x0001e220       0x51 ../../../lib/c/libc.a(tls.o)
                0x0001e220                __alloc_tls
                0x0001e230                __free_tls_arch
                0x0001e240                ___tls_get_addr
 *fill*         0x0001e271        0xf 
 .text          0x0001e280       0x4a ../../../lib/c/libc.a(stacktrace.o)
                0x0001e280                stacktrace_fp_valid
                0x0001e290                stacktrace_fp_prev
                0x0001e2b0                stacktrace_ra_get
 *fill*         0x0001e2ca        0x2 
 .text          0x0001e2cc        0x8 ../../../lib/c/libc.a(stacktrace_asm.o)
                0x0001e2cc                stacktrace_prepare
                0x0001e2cd                stacktrace_fp_get
                0x0001e2d0                stacktrace_pc_get
 *fill*         0x0001e2d4        0xc 
 .text          0x0001e2e0      0x183 ../../../lib/c/libc.a(as.o)
                0x0001e2e0                as_area_create
                0x0001e330                as_area_resize
                0x0001e380                as_area_destroy
                0x0001e3d0                as_area_change_flags
                0x0001e420                as_get_physical_mapping
 *fill*         0x0001e463        0xd 
 .text          0x0001e470      0x15a ../../../lib/c/libc.a(clock_dev.o)
                0x0001e470                clock_dev_time_get
                0x0001e520                clock_dev_time_set
 *fill*         0x0001e5ca        0x6 
 .text          0x0001e5d0       0x10 ../../../lib/c/libc.a(errno.o)
                0x0001e5d0                __errno
 .text          0x0001e5e0      0x6d7 ../../../lib/c/libc.a(mem.o)
                0x0001e5e0                memset
                0x0001e760                memcpy
                0x0001e950                memmove
                0x0001ec80                bcmp
 *fill*         0x0001ecb7        0x9 
 .text          0x0001ecc0       0x28 ../../../lib/c/libc.a(snprintf.o)
                0x0001ecc0                snprintf
 *fill*         0x0001ece8        0x8 
 .text          0x0001ecf0      0x1cf ../../../lib/c/libc.a(vsnprintf.o)
                0x0001ee70                vsnprintf
 *fill*         0x0001eebf        0x1 
 .text          0x0001eec0      0x108 ../../../lib/c/libc.a(power_of_ten.o)
                0x0001eec0                get_power_of_ten
 *fill*         0x0001efc8        0x8 
 .text          0x0001efd0      0xab0 ../../../lib/c/libc.a(ipc.o)
                0x0001f110                ipc_call_async_fast
                0x0001f360                ipc_call_async_slow
                0x0001f540                ipc_answer_fast
                0x0001f580                ipc_answer_slow
                0x0001f5f0                ipc_wait_cycle
                0x0001f6f0                ipc_poke
                0x0001f740                ipc_wait_for_call_timeout
                0x0001f830                ipc_trywait_for_call
                0x0001f930                ipc_hangup
                0x0001f980                ipc_forward_fast
                0x0001f9c0                ipc_forward_slow
                0x0001fa30                ipc_connect_kbox
 .text          0x0001fa80      0x8e2 ../../../lib/softint/libsoftint.a(division.o)
                0x0001fa80                __divsi3
                0x0001fb00                __divdi3
                0x0001fc50                __udivsi3
                0x0001fca0                __udivdi3
                0x0001fd90                __modsi3
                0x0001fdf0                __moddi3
                0x0001fee0                __umodsi3
                0x0001ff20                __umoddi3
                0x0001ffb0                __divmodsi3
                0x00020040                __udivmodsi3
                0x000200b0                __divmoddi3
                0x00020260                __udivmoddi3
 *(.rodata .rodata.*)
 .rodata.str1.1
                0x00020362       0x1a layout/cz.o
 .rodata        0x0002037c       0x11 layout/cz.o
 .rodata.str1.1
                0x0002038d        0x8 port/adb.o
                                  0xe (size before relaxing)
 *fill*         0x00020395        0x3 
 .rodata.str1.4
                0x00020398       0x7b port/adb.o
 .rodata.str1.1
                0x00020413        0xa port/adb_mouse.o
                                 0x10 (size before relaxing)
 .rodata.str1.4
                0x00000000       0x7b port/adb_mouse.o
 .rodata.str1.1
                0x0002041d       0x12 port/chardev.o
                                 0x18 (size before relaxing)
 *fill*         0x0002042f        0x1 
 .rodata.str1.4
                0x00020430       0x51 port/chardev.o
                                 0xab (size before relaxing)
 .rodata.str1.1
                0x00020481       0x1d port/gxemul.o
 .rodata.str1.1
                0x00000000       0x1d port/msim.o
 .rodata.str1.1
                0x0002049e       0x1f port/niagara.o
 *fill*         0x000204bd        0x3 
 .rodata.str1.4
                0x000204c0       0x39 port/niagara.o
 .rodata.str1.1
                0x000204f9       0x11 port/ns16550.o
                                 0x2e (size before relaxing)
 .rodata.str1.1
                0x00000000       0x1d port/pl050.o
 .rodata.str1.1
                0x00000000        0x9 port/ski.o
 .rodata.str1.1
                0x00000000        0x6 proto/mousedev.o
 *fill*         0x0002050a        0x2 
 .rodata.str1.4
                0x0002050c       0xba proto/mousedev.o
 *fill*         0x000205c6       0x1a 
 .rodata        0x000205e0      0x200 ctl/apple.o
 .rodata.str1.1
                0x00000000        0x6 ctl/kbdev.o
 .rodata.str1.4
                0x000207e0       0x28 ctl/kbdev.o
                                 0xba (size before relaxing)
 .rodata        0x00020808       0x10 ctl/pc.o
 *fill*         0x00020818        0x8 
 .rodata        0x00020820      0x200 ctl/sun.o
 .rodata.str1.1
                0x00020a20       0x1b gsp.o
 *fill*         0x00020a3b        0x1 
 .rodata.str1.4
                0x00020a3c       0x2b gsp.o
 .rodata.str1.1
                0x00020a67       0x66 input.o
                                 0x72 (size before relaxing)
 *fill*         0x00020acd        0x3 
 .rodata.str1.4
                0x00020ad0      0x1b0 input.o
 .rodata        0x00020c80       0x44 input.o
 .rodata.str1.1
                0x00000000       0x1a layout.o
 .rodata        0x00020cc4       0x10 stroke.o
 .rodata.str1.1
                0x00020cd4       0x2a ../../../lib/c/libc.a(loc.o)
 .rodata.str1.1
                0x00020cfe       0x59 ../../../lib/c/libc.a(str.o)
                                 0x64 (size before relaxing)
 *fill*         0x00020d57        0x9 
 .rodata        0x00020d60      0x140 ../../../lib/c/libc.a(str.o)
 .rodata.str1.1
                0x00020ea0       0x89 ../../../lib/c/libc.a(fibril_synch.o)
 *fill*         0x00020f29        0x3 
 .rodata.str1.4
                0x00020f2c       0xb3 ../../../lib/c/libc.a(fibril_synch.o)
 .rodata.str1.1
                0x00020fdf       0x21 ../../../lib/c/libc.a(task.o)
 .rodata.str1.1
                0x00021000       0x88 ../../../lib/c/libc.a(printf_core.o)
 .rodata.str1.4
                0x00021088       0x26 ../../../lib/c/libc.a(printf_core.o)
 *fill*         0x000210ae        0x2 
 .rodata        0x000210b0      0x23d ../../../lib/c/libc.a(printf_core.o)
 .rodata.str1.1
                0x000212ed       0xd7 ../../../lib/c/libc.a(double_to_str.o)
                                 0xe6 (size before relaxing)
 .rodata.str1.4
                0x000213c4      0x1d1 ../../../lib/c/libc.a(double_to_str.o)
 .rodata.str1.1
                0x00021595       0xf1 ../../../lib/c/libc.a(malloc.o)
 *fill*         0x00021686        0x2 
 .rodata.str1.4
                0x00021688      0x162 ../../../lib/c/libc.a(malloc.o)
 .rodata.str1.1
                0x000217ea       0x8e ../../../lib/c/libc.a(async.o)
                                 0x98 (size before relaxing)
 .rodata.str1.4
                0x00021878       0xd8 ../../../lib/c/libc.a(async.o)
 .rodata.str1.1
                0x00021950        0x2 ../../../lib/c/libc.a(loader.o)
 .rodata.str1.1
                0x00021952       0x5c ../../../lib/c/libc.a(hash_table.o)
                                 0x60 (size before relaxing)
 *fill*         0x000219ae        0x2 
 .rodata.str1.4
                0x000219b0       0x99 ../../../lib/c/libc.a(hash_table.o)
 .rodata.str1.1
                0x00021a49      0x1ee ../../../lib/c/libc.a(time.o)
                                0x20b (size before relaxing)
 *fill*         0x00021c37        0x9 
 .rodata        0x00021c40      0x32c ../../../lib/c/libc.a(time.o)
 .rodata.str1.1
                0x00021f6c        0x8 ../../../lib/c/libc.a(vfs.o)
                                  0x9 (size before relaxing)
 *fill*         0x00021f74        0xc 
 .rodata        0x00021f80       0xc0 ../../../lib/c/libc.a(canonify.o)
 .rodata.str1.1
                0x00022040       0x13 ../../../lib/c/libc.a(stack.o)
 .rodata.str1.1
                0x00022053       0x24 ../../../lib/c/libc.a(stacktrace.o)
 *fill*         0x00022077        0x1 
 .rodata.str1.4
                0x00022078       0x2e ../../../lib/c/libc.a(assert.o)
 .rodata.str1.1
                0x000220a6       0x14 ../../../lib/c/libc.a(pio_trace.o)
                                 0x17 (size before relaxing)
 .rodata.str1.1
                0x000220ba       0x17 ../../../lib/c/libc.a(power_of_ten.o)
                                 0x1d (size before relaxing)
 *fill*         0x000220d1        0x3 
 .rodata.str1.4
                0x000220d4       0xa4 ../../../lib/c/libc.a(power_of_ten.o)
 *fill*         0x00022178        0x8 
 .rodata        0x00022180      0x468 ../../../lib/c/libc.a(power_of_ten.o)
                0x000235e8                . = (. + 0x1000)

.data           0x00023600     0x3768
 *(.data)
 .data          0x00023600        0x0 /home/pratik/HelenOS_Emacs/helenos/uspace/lib/c/arch/ia32/src/entry.o
 .data          0x00023600      0xb30 layout/cz.o
                0x00023600                cz_ops
 *fill*         0x00024130       0x10 
 .data          0x00024140      0x6b8 layout/us_qwerty.o
                0x00024140                us_qwerty_ops
 *fill*         0x000247f8        0x8 
 .data          0x00024800      0x678 layout/us_dvorak.o
                0x00024800                us_dvorak_ops
 *fill*         0x00024e78        0x8 
 .data          0x00024e80      0x4f8 layout/ar.o
                0x00024e80                ar_ops
 .data          0x00025378       0x10 port/adb.o
                0x00025378                adb_port
 .data          0x00025388       0x10 port/adb_mouse.o
                0x00025388                adb_mouse_port
 .data          0x00025398       0x10 port/chardev.o
                0x00025398                chardev_port
 *fill*         0x000253a8       0x18 
 .data          0x000253c0       0x58 port/gxemul.o
                0x000253c0                gxemul_port
 *fill*         0x00025418        0x8 
 .data          0x00025420       0x58 port/msim.o
                0x00025420                msim_port
 .data          0x00025478       0x10 port/niagara.o
                0x00025478                niagara_port
 *fill*         0x00025488       0x18 
 .data          0x000254a0       0xa4 port/ns16550.o
                0x000254a0                ns16550_kbd
                0x000254b0                ns16550_port
 *fill*         0x00025544       0x1c 
 .data          0x00025560       0xa4 port/pl050.o
                0x00025560                pl050_port
 .data          0x00025604       0x10 port/ski.o
                0x00025604                ski_port
 .data          0x00025614        0x8 proto/adb.o
                0x00025614                adb_proto
 .data          0x0002561c        0x8 proto/mousedev.o
                0x0002561c                mousedev_proto
 .data          0x00025624        0xc ctl/apple.o
                0x00025624                apple_ctl
 *fill*         0x00025630       0x10 
 .data          0x00025640      0x8bc ctl/gxe_fb.o
                0x00025640                gxe_fb_ctl
 .data          0x00025efc        0xc ctl/kbdev.o
                0x00025efc                kbdev_ctl
 *fill*         0x00025f08       0x18 
 .data          0x00025f20      0x2f0 ctl/pc.o
                0x00025f20                pc_ctl
 *fill*         0x00026210       0x10 
 .data          0x00026220      0x90c ctl/stty.o
                0x00026220                stty_ctl
 .data          0x00026b2c        0xc ctl/sun.o
                0x00026b2c                sun_ctl
 .data          0x00026b38       0x14 gsp.o
 .data          0x00026b4c       0x10 input.o
 .data          0x00026b5c        0x0 layout.o
 .data          0x00026b5c        0x0 stroke.o
 .data          0x00026b5c        0x0 ../../../lib/c/libc.a(libc.o)
 .data          0x00026b5c        0x0 ../../../lib/c/libc.a(ddi.o)
 .data          0x00026b5c       0x50 ../../../lib/c/libc.a(loc.o)
 .data          0x00026bac        0x0 ../../../lib/c/libc.a(str.o)
 .data          0x00026bac       0x1c ../../../lib/c/libc.a(fibril.o)
 .data          0x00026bc8        0x0 ../../../lib/c/libc.a(fibril_synch.o)
 .data          0x00026bc8        0x0 ../../../lib/c/libc.a(pcb.o)
 .data          0x00026bc8        0x0 ../../../lib/c/libc.a(thread.o)
 .data          0x00026bc8        0x0 ../../../lib/c/libc.a(tls.o)
 .data          0x00026bc8        0x0 ../../../lib/c/libc.a(task.o)
 .data          0x00026bc8        0x0 ../../../lib/c/libc.a(futex.o)
 *fill*         0x00026bc8       0x18 
 .data          0x00026be0       0xb8 ../../../lib/c/libc.a(io.o)
 .data          0x00026c98        0x0 ../../../lib/c/libc.a(printf.o)
 .data          0x00026c98        0x0 ../../../lib/c/libc.a(klog.o)
 .data          0x00026c98       0x10 ../../../lib/c/libc.a(vprintf.o)
 .data          0x00026ca8        0x0 ../../../lib/c/libc.a(printf_core.o)
 .data          0x00026ca8        0x0 ../../../lib/c/libc.a(ieee_double.o)
 .data          0x00026ca8        0x0 ../../../lib/c/libc.a(double_to_str.o)
 .data          0x00026ca8        0x4 ../../../lib/c/libc.a(malloc.o)
 .data          0x00026cac        0x0 ../../../lib/c/libc.a(sysinfo.o)
 .data          0x00026cac        0x0 ../../../lib/c/libc.a(ns.o)
 .data          0x00026cac       0x64 ../../../lib/c/libc.a(async.o)
                0x00026cac                async_futex
 .data          0x00026d10        0x0 ../../../lib/c/libc.a(loader.o)
 .data          0x00026d10        0x0 ../../../lib/c/libc.a(hash_table.o)
 .data          0x00026d10        0x0 ../../../lib/c/libc.a(time.o)
 .data          0x00026d10       0x24 ../../../lib/c/libc.a(vfs.o)
 .data          0x00026d34        0x0 ../../../lib/c/libc.a(canonify.o)
 .data          0x00026d34        0x0 ../../../lib/c/libc.a(stack.o)
 .data          0x00026d34        0x0 ../../../lib/c/libc.a(stacktrace.o)
 .data          0x00026d34        0x0 ../../../lib/c/libc.a(assert.o)
 .data          0x00026d34       0x1c ../../../lib/c/libc.a(pio_trace.o)
 .data          0x00026d50        0x0 ../../../lib/c/libc.a(thread_entry.o)
 .data          0x00026d50        0x4 ../../../lib/c/libc.a(syscall.o)
                0x00026d50                __syscall_fast_func
 .data          0x00026d54        0x0 ../../../lib/c/libc.a(fibril.o)
 .data          0x00026d54        0x0 ../../../lib/c/libc.a(tls.o)
 .data          0x00026d54        0x0 ../../../lib/c/libc.a(stacktrace.o)
 .data          0x00026d54        0x0 ../../../lib/c/libc.a(stacktrace_asm.o)
 .data          0x00026d54        0x0 ../../../lib/c/libc.a(as.o)
 .data          0x00026d54        0x0 ../../../lib/c/libc.a(clock_dev.o)
 .data          0x00026d54        0x0 ../../../lib/c/libc.a(errno.o)
 .data          0x00026d54        0x0 ../../../lib/c/libc.a(mem.o)
 .data          0x00026d54        0x0 ../../../lib/c/libc.a(snprintf.o)
 .data          0x00026d54        0x0 ../../../lib/c/libc.a(vsnprintf.o)
 .data          0x00026d54        0x0 ../../../lib/c/libc.a(power_of_ten.o)
 .data          0x00026d54       0x14 ../../../lib/c/libc.a(ipc.o)
                0x00026d54                queued_calls
                0x00026d5c                dispatched_calls
 .data          0x00026d68        0x0 ../../../lib/softint/libsoftint.a(division.o)

.tdata          0x00026d68        0xc
                0x00026d68                _tdata_start = .
 *(.tdata)
 *(.gnu.linkonce.tb.*)
                0x00026d68                _tdata_end = .
                0x00026d68                _tbss_start = .
 *(.tbss)
 .tbss          0x00026d68        0x4 ../../../lib/c/libc.a(fibril.o)
 .tbss          0x00026d6c        0x4 ../../../lib/c/libc.a(async.o)
 .tbss          0x00026d70        0x4 ../../../lib/c/libc.a(errno.o)
                0x00026d74                _tbss_end = .
                0x00000004                _tls_alignment = ALIGNOF (.tdata)

.bss            0x00026d80      0x1b8
 *(.dynbss)
 *(COMMON)
 COMMON         0x00026d80        0x4 ../../../lib/c/libc.a(pcb.o)
                0x00026d80                __pcb
 COMMON         0x00026d84        0x4 ../../../lib/c/libc.a(async.o)
                0x00026d84                session_ns
 *(.bss)
 .bss           0x00026d88        0x0 /home/pratik/HelenOS_Emacs/helenos/uspace/lib/c/arch/ia32/src/entry.o
 .bss           0x00026d88        0x0 layout/cz.o
 .bss           0x00026d88        0x0 layout/us_qwerty.o
 .bss           0x00026d88        0x0 layout/us_dvorak.o
 .bss           0x00026d88        0x0 layout/ar.o
 .bss           0x00026d88        0x8 port/adb.o
 .bss           0x00026d90        0x8 port/adb_mouse.o
 .bss           0x00026d98        0x8 port/chardev.o
 .bss           0x00026da0        0x4 port/gxemul.o
 .bss           0x00026da4        0x4 port/msim.o
 .bss           0x00026da8        0xc port/niagara.o
 .bss           0x00026db4        0x8 port/ns16550.o
 .bss           0x00026dbc        0x4 port/pl050.o
 .bss           0x00026dc0        0x8 port/ski.o
 .bss           0x00026dc8        0x9 proto/adb.o
 *fill*         0x00026dd1        0x3 
 .bss           0x00026dd4        0x0 proto/mousedev.o
 .bss           0x00026dd4        0x4 ctl/apple.o
 *fill*         0x00026dd8        0x8 
 .bss           0x00026de0       0x40 ctl/gxe_fb.o
 .bss           0x00026e20        0x0 ctl/kbdev.o
 .bss           0x00026e20        0x8 ctl/pc.o
 *fill*         0x00026e28       0x18 
 .bss           0x00026e40       0x40 ctl/stty.o
 .bss           0x00026e80        0x4 ctl/sun.o
 .bss           0x00026e84        0x0 gsp.o
 .bss           0x00026e84       0x1c input.o
                0x00026e84                irc_sess
                0x00026e88                irc_service
                0x00026e8c                client_sess
 .bss           0x00026ea0        0x0 layout.o
 .bss           0x00026ea0        0x0 stroke.o
 .bss           0x00026ea0        0x1 ../../../lib/c/libc.a(libc.o)
 *fill*         0x00026ea1        0x3 
 .bss           0x00026ea4        0x0 ../../../lib/c/libc.a(ddi.o)
 .bss           0x00026ea4       0x15 ../../../lib/c/libc.a(loc.o)
 *fill*         0x00026eb9        0x3 
 .bss           0x00026ebc        0x4 ../../../lib/c/libc.a(str.o)
 .bss           0x00026ec0        0x8 ../../../lib/c/libc.a(fibril.o)
 .bss           0x00026ec8        0x0 ../../../lib/c/libc.a(fibril_synch.o)
 .bss           0x00026ec8        0x0 ../../../lib/c/libc.a(pcb.o)
 .bss           0x00026ec8        0x0 ../../../lib/c/libc.a(thread.o)
 .bss           0x00026ec8        0x0 ../../../lib/c/libc.a(tls.o)
 .bss           0x00026ec8        0x0 ../../../lib/c/libc.a(task.o)
 .bss           0x00026ec8        0x0 ../../../lib/c/libc.a(futex.o)
 .bss           0x00026ec8        0xc ../../../lib/c/libc.a(io.o)
                0x00026ec8                stderr
                0x00026ecc                stdout
                0x00026ed0                stdin
 .bss           0x00026ed4        0x0 ../../../lib/c/libc.a(printf.o)
 .bss           0x00026ed4        0x0 ../../../lib/c/libc.a(klog.o)
 .bss           0x00026ed4        0x0 ../../../lib/c/libc.a(vprintf.o)
 .bss           0x00026ed4        0x0 ../../../lib/c/libc.a(printf_core.o)
 .bss           0x00026ed4        0x0 ../../../lib/c/libc.a(ieee_double.o)
 .bss           0x00026ed4        0x0 ../../../lib/c/libc.a(double_to_str.o)
 .bss           0x00026ed4        0xc ../../../lib/c/libc.a(malloc.o)
 .bss           0x00026ee0        0x0 ../../../lib/c/libc.a(sysinfo.o)
 .bss           0x00026ee0        0x0 ../../../lib/c/libc.a(ns.o)
 .bss           0x00026ee0       0x3c ../../../lib/c/libc.a(async.o)
                0x00026ee0                threads_in_ipc_wait
 .bss           0x00026f1c        0x0 ../../../lib/c/libc.a(loader.o)
 .bss           0x00026f1c        0x0 ../../../lib/c/libc.a(hash_table.o)
 .bss           0x00026f1c        0x8 ../../../lib/c/libc.a(time.o)
                0x00026f1c                ktime
 .bss           0x00026f24        0xc ../../../lib/c/libc.a(vfs.o)
 .bss           0x00026f30        0x0 ../../../lib/c/libc.a(canonify.o)
 .bss           0x00026f30        0x4 ../../../lib/c/libc.a(stack.o)
 .bss           0x00026f34        0x0 ../../../lib/c/libc.a(stacktrace.o)
 .bss           0x00026f34        0x4 ../../../lib/c/libc.a(assert.o)
 .bss           0x00026f38        0x0 ../../../lib/c/libc.a(pio_trace.o)
 .bss           0x00026f38        0x0 ../../../lib/c/libc.a(thread_entry.o)
 .bss           0x00026f38        0x0 ../../../lib/c/libc.a(syscall.o)
 .bss           0x00026f38        0x0 ../../../lib/c/libc.a(fibril.o)
 .bss           0x00026f38        0x0 ../../../lib/c/libc.a(tls.o)
 .bss           0x00026f38        0x0 ../../../lib/c/libc.a(stacktrace.o)
 .bss           0x00026f38        0x0 ../../../lib/c/libc.a(stacktrace_asm.o)
 .bss           0x00026f38        0x0 ../../../lib/c/libc.a(as.o)
 .bss           0x00026f38        0x0 ../../../lib/c/libc.a(clock_dev.o)
 .bss           0x00026f38        0x0 ../../../lib/c/libc.a(errno.o)
 .bss           0x00026f38        0x0 ../../../lib/c/libc.a(mem.o)
 .bss           0x00026f38        0x0 ../../../lib/c/libc.a(snprintf.o)
 .bss           0x00026f38        0x0 ../../../lib/c/libc.a(vsnprintf.o)
 .bss           0x00026f38        0x0 ../../../lib/c/libc.a(power_of_ten.o)
 .bss           0x00026f38        0x0 ../../../lib/c/libc.a(ipc.o)
 .bss           0x00026f38        0x0 ../../../lib/softint/libsoftint.a(division.o)

/DISCARD/
 *(*)
LOAD layout/cz.o
LOAD layout/us_qwerty.o
LOAD layout/us_dvorak.o
LOAD layout/ar.o
LOAD port/adb.o
LOAD port/adb_mouse.o
LOAD port/chardev.o
LOAD port/gxemul.o
LOAD port/msim.o
LOAD port/niagara.o
LOAD port/ns16550.o
LOAD port/pl050.o
LOAD port/ski.o
LOAD proto/adb.o
LOAD proto/mousedev.o
LOAD ctl/apple.o
LOAD ctl/gxe_fb.o
LOAD ctl/kbdev.o
LOAD ctl/pc.o
LOAD ctl/stty.o
LOAD ctl/sun.o
LOAD gsp.o
LOAD input.o
LOAD layout.o
LOAD stroke.o
LOAD ../../../lib/c/libc.a
LOAD ../../../lib/softint/libsoftint.a
OUTPUT(input elf32-i386)
